Archive member included to satisfy reference by file (symbol)

/Applications/ARM/bin/../lib/gcc/arm-none-eabi/10.3.1/../../../../arm-none-eabi/lib/thumb/v7-m/nofp/libg.a(lib_a-errno.o)
                              CMakeFiles/MotionControlSystem.elf.dir/Core/Src/syscalls.c.obj (__errno)
/Applications/ARM/bin/../lib/gcc/arm-none-eabi/10.3.1/../../../../arm-none-eabi/lib/thumb/v7-m/nofp/libg.a(lib_a-exit.o)
                              /Applications/ARM/bin/../lib/gcc/arm-none-eabi/10.3.1/../../../../arm-none-eabi/lib/thumb/v7-m/nofp/crt0.o (exit)
/Applications/ARM/bin/../lib/gcc/arm-none-eabi/10.3.1/../../../../arm-none-eabi/lib/thumb/v7-m/nofp/libg.a(lib_a-impure.o)
                              /Applications/ARM/bin/../lib/gcc/arm-none-eabi/10.3.1/../../../../arm-none-eabi/lib/thumb/v7-m/nofp/libg.a(lib_a-exit.o) (_global_impure_ptr)
/Applications/ARM/bin/../lib/gcc/arm-none-eabi/10.3.1/../../../../arm-none-eabi/lib/thumb/v7-m/nofp/libg.a(lib_a-init.o)
                              /Applications/ARM/bin/../lib/gcc/arm-none-eabi/10.3.1/../../../../arm-none-eabi/lib/thumb/v7-m/nofp/crt0.o (__libc_init_array)
/Applications/ARM/bin/../lib/gcc/arm-none-eabi/10.3.1/../../../../arm-none-eabi/lib/thumb/v7-m/nofp/libg.a(lib_a-memcpy.o)
                              CMakeFiles/MotionControlSystem.elf.dir/Middlewares/Third_Party/FreeRTOS/Source/CMSIS_RTOS_V2/cmsis_os2.c.obj (memcpy)
/Applications/ARM/bin/../lib/gcc/arm-none-eabi/10.3.1/../../../../arm-none-eabi/lib/thumb/v7-m/nofp/libg.a(lib_a-memset.o)
                              /Applications/ARM/bin/../lib/gcc/arm-none-eabi/10.3.1/../../../../arm-none-eabi/lib/thumb/v7-m/nofp/crt0.o (memset)
/Applications/ARM/bin/../lib/gcc/arm-none-eabi/10.3.1/../../../../arm-none-eabi/lib/thumb/v7-m/nofp/libg.a(lib_a-__call_atexit.o)
                              /Applications/ARM/bin/../lib/gcc/arm-none-eabi/10.3.1/../../../../arm-none-eabi/lib/thumb/v7-m/nofp/libg.a(lib_a-exit.o) (__call_exitprocs)
/Applications/ARM/bin/../lib/gcc/arm-none-eabi/10.3.1/../../../../arm-none-eabi/lib/thumb/v7-m/nofp/libg.a(lib_a-atexit.o)
                              /Applications/ARM/bin/../lib/gcc/arm-none-eabi/10.3.1/../../../../arm-none-eabi/lib/thumb/v7-m/nofp/libg.a(lib_a-__call_atexit.o) (atexit)
/Applications/ARM/bin/../lib/gcc/arm-none-eabi/10.3.1/../../../../arm-none-eabi/lib/thumb/v7-m/nofp/libg.a(lib_a-fini.o)
                              /Applications/ARM/bin/../lib/gcc/arm-none-eabi/10.3.1/../../../../arm-none-eabi/lib/thumb/v7-m/nofp/libg.a(lib_a-__call_atexit.o) (__libc_fini_array)
/Applications/ARM/bin/../lib/gcc/arm-none-eabi/10.3.1/../../../../arm-none-eabi/lib/thumb/v7-m/nofp/libg.a(lib_a-lock.o)
                              /Applications/ARM/bin/../lib/gcc/arm-none-eabi/10.3.1/../../../../arm-none-eabi/lib/thumb/v7-m/nofp/libg.a(lib_a-__call_atexit.o) (__retarget_lock_acquire_recursive)
/Applications/ARM/bin/../lib/gcc/arm-none-eabi/10.3.1/../../../../arm-none-eabi/lib/thumb/v7-m/nofp/libg.a(lib_a-__atexit.o)
                              /Applications/ARM/bin/../lib/gcc/arm-none-eabi/10.3.1/../../../../arm-none-eabi/lib/thumb/v7-m/nofp/libg.a(lib_a-atexit.o) (__register_exitproc)

Discarded input sections

 .text          0x0000000000000000        0x0 /Applications/ARM/bin/../lib/gcc/arm-none-eabi/10.3.1/thumb/v7-m/nofp/crti.o
 .data          0x0000000000000000        0x0 /Applications/ARM/bin/../lib/gcc/arm-none-eabi/10.3.1/thumb/v7-m/nofp/crti.o
 .bss           0x0000000000000000        0x0 /Applications/ARM/bin/../lib/gcc/arm-none-eabi/10.3.1/thumb/v7-m/nofp/crti.o
 .data          0x0000000000000000        0x4 /Applications/ARM/bin/../lib/gcc/arm-none-eabi/10.3.1/thumb/v7-m/nofp/crtbegin.o
 .rodata        0x0000000000000000       0x24 /Applications/ARM/bin/../lib/gcc/arm-none-eabi/10.3.1/thumb/v7-m/nofp/crtbegin.o
 .text          0x0000000000000000       0x7c /Applications/ARM/bin/../lib/gcc/arm-none-eabi/10.3.1/../../../../arm-none-eabi/lib/thumb/v7-m/nofp/crt0.o
 .data          0x0000000000000000        0x0 /Applications/ARM/bin/../lib/gcc/arm-none-eabi/10.3.1/../../../../arm-none-eabi/lib/thumb/v7-m/nofp/crt0.o
 .bss           0x0000000000000000        0x0 /Applications/ARM/bin/../lib/gcc/arm-none-eabi/10.3.1/../../../../arm-none-eabi/lib/thumb/v7-m/nofp/crt0.o
 .ARM.extab     0x0000000000000000        0x0 /Applications/ARM/bin/../lib/gcc/arm-none-eabi/10.3.1/../../../../arm-none-eabi/lib/thumb/v7-m/nofp/crt0.o
 .ARM.exidx     0x0000000000000000       0x10 /Applications/ARM/bin/../lib/gcc/arm-none-eabi/10.3.1/../../../../arm-none-eabi/lib/thumb/v7-m/nofp/crt0.o
 .ARM.attributes
                0x0000000000000000       0x1b /Applications/ARM/bin/../lib/gcc/arm-none-eabi/10.3.1/../../../../arm-none-eabi/lib/thumb/v7-m/nofp/crt0.o
 .text          0x0000000000000000        0x0 CMakeFiles/MotionControlSystem.elf.dir/Core/Src/freertos.c.obj
 .data          0x0000000000000000        0x0 CMakeFiles/MotionControlSystem.elf.dir/Core/Src/freertos.c.obj
[...]
Memory Configuration

Name             Origin             Length             Attributes
RAM              0x0000000020000000 0x0000000000005000 xrw
FLASH            0x0000000008000000 0x0000000000010000 xr
*default*        0x0000000000000000 0xffffffffffffffff

Linker script and memory map

LOAD /Applications/ARM/bin/../lib/gcc/arm-none-eabi/10.3.1/thumb/v7-m/nofp/crti.o
LOAD /Applications/ARM/bin/../lib/gcc/arm-none-eabi/10.3.1/thumb/v7-m/nofp/crtbegin.o
LOAD /Applications/ARM/bin/../lib/gcc/arm-none-eabi/10.3.1/../../../../arm-none-eabi/lib/thumb/v7-m/nofp/crt0.o
LOAD CMakeFiles/MotionControlSystem.elf.dir/Core/Src/freertos.c.obj
LOAD CMakeFiles/MotionControlSystem.elf.dir/Core/Src/gpio.c.obj
LOAD CMakeFiles/MotionControlSystem.elf.dir/Core/Src/key.c.obj
LOAD CMakeFiles/MotionControlSystem.elf.dir/Core/Src/main.c.obj
LOAD CMakeFiles/MotionControlSystem.elf.dir/Core/Src/screen.c.obj
LOAD CMakeFiles/MotionControlSystem.elf.dir/Core/Src/servo.c.obj
LOAD CMakeFiles/MotionControlSystem.elf.dir/Core/Src/stm32f1xx_hal_msp.c.obj
LOAD CMakeFiles/MotionControlSystem.elf.dir/Core/Src/stm32f1xx_hal_timebase_tim.c.obj
LOAD CMakeFiles/MotionControlSystem.elf.dir/Core/Src/stm32f1xx_it.c.obj
LOAD CMakeFiles/MotionControlSystem.elf.dir/Core/Src/syscalls.c.obj
LOAD CMakeFiles/MotionControlSystem.elf.dir/Core/Src/sysmem.c.obj
LOAD CMakeFiles/MotionControlSystem.elf.dir/Core/Src/system_stm32f1xx.c.obj
LOAD CMakeFiles/MotionControlSystem.elf.dir/Core/Src/usart.c.obj
LOAD CMakeFiles/MotionControlSystem.elf.dir/Core/Startup/startup_stm32f103c8tx.s.obj
LOAD CMakeFiles/MotionControlSystem.elf.dir/Drivers/STM32F1xx_HAL_Driver/Src/stm32f1xx_hal.c.obj
LOAD CMakeFiles/MotionControlSystem.elf.dir/Drivers/STM32F1xx_HAL_Driver/Src/stm32f1xx_hal_cortex.c.obj
LOAD CMakeFiles/MotionControlSystem.elf.dir/Drivers/STM32F1xx_HAL_Driver/Src/stm32f1xx_hal_dma.c.obj
LOAD CMakeFiles/MotionControlSystem.elf.dir/Drivers/STM32F1xx_HAL_Driver/Src/stm32f1xx_hal_exti.c.obj
LOAD CMakeFiles/MotionControlSystem.elf.dir/Drivers/STM32F1xx_HAL_Driver/Src/stm32f1xx_hal_flash.c.obj
LOAD CMakeFiles/MotionControlSystem.elf.dir/Drivers/STM32F1xx_HAL_Driver/Src/stm32f1xx_hal_flash_ex.c.obj
LOAD CMakeFiles/MotionControlSystem.elf.dir/Drivers/STM32F1xx_HAL_Driver/Src/stm32f1xx_hal_gpio.c.obj
LOAD CMakeFiles/MotionControlSystem.elf.dir/Drivers/STM32F1xx_HAL_Driver/Src/stm32f1xx_hal_gpio_ex.c.obj
LOAD CMakeFiles/MotionControlSystem.elf.dir/Drivers/STM32F1xx_HAL_Driver/Src/stm32f1xx_hal_pwr.c.obj
LOAD CMakeFiles/MotionControlSystem.elf.dir/Drivers/STM32F1xx_HAL_Driver/Src/stm32f1xx_hal_rcc.c.obj
LOAD CMakeFiles/MotionControlSystem.elf.dir/Drivers/STM32F1xx_HAL_Driver/Src/stm32f1xx_hal_rcc_ex.c.obj
LOAD CMakeFiles/MotionControlSystem.elf.dir/Drivers/STM32F1xx_HAL_Driver/Src/stm32f1xx_hal_tim.c.obj
LOAD CMakeFiles/MotionControlSystem.elf.dir/Drivers/STM32F1xx_HAL_Driver/Src/stm32f1xx_hal_tim_ex.c.obj
LOAD CMakeFiles/MotionControlSystem.elf.dir/Drivers/STM32F1xx_HAL_Driver/Src/stm32f1xx_hal_uart.c.obj
LOAD CMakeFiles/MotionControlSystem.elf.dir/Middlewares/Third_Party/FreeRTOS/Source/CMSIS_RTOS_V2/cmsis_os2.c.obj
LOAD CMakeFiles/MotionControlSystem.elf.dir/Middlewares/Third_Party/FreeRTOS/Source/croutine.c.obj
LOAD CMakeFiles/MotionControlSystem.elf.dir/Middlewares/Third_Party/FreeRTOS/Source/event_groups.c.obj
LOAD CMakeFiles/MotionControlSystem.elf.dir/Middlewares/Third_Party/FreeRTOS/Source/list.c.obj
LOAD CMakeFiles/MotionControlSystem.elf.dir/Middlewares/Third_Party/FreeRTOS/Source/portable/GCC/ARM_CM3/port.c.obj
LOAD CMakeFiles/MotionControlSystem.elf.dir/Middlewares/Third_Party/FreeRTOS/Source/portable/MemMang/heap_4.c.obj
LOAD CMakeFiles/MotionControlSystem.elf.dir/Middlewares/Third_Party/FreeRTOS/Source/queue.c.obj
LOAD CMakeFiles/MotionControlSystem.elf.dir/Middlewares/Third_Party/FreeRTOS/Source/stream_buffer.c.obj
LOAD CMakeFiles/MotionControlSystem.elf.dir/Middlewares/Third_Party/FreeRTOS/Source/tasks.c.obj
LOAD CMakeFiles/MotionControlSystem.elf.dir/Middlewares/Third_Party/FreeRTOS/Source/timers.c.obj
START GROUP
LOAD /Applications/ARM/bin/../lib/gcc/arm-none-eabi/10.3.1/thumb/v7-m/nofp/libgcc.a
LOAD /Applications/ARM/bin/../lib/gcc/arm-none-eabi/10.3.1/../../../../arm-none-eabi/lib/thumb/v7-m/nofp/libg.a
LOAD /Applications/ARM/bin/../lib/gcc/arm-none-eabi/10.3.1/../../../../arm-none-eabi/lib/thumb/v7-m/nofp/libc.a
END GROUP
LOAD /Applications/ARM/bin/../lib/gcc/arm-none-eabi/10.3.1/thumb/v7-m/nofp/crtend.o
LOAD /Applications/ARM/bin/../lib/gcc/arm-none-eabi/10.3.1/thumb/v7-m/nofp/crtn.o
                0x0000000020005000                _estack = (ORIGIN (RAM) + LENGTH (RAM))
                0x0000000000000200                _Min_Heap_Size = 0x200
                0x0000000000000400                _Min_Stack_Size = 0x400

.isr_vector     0x0000000008000000      0x10c
                0x0000000008000000                . = ALIGN (0x4)
 *(.isr_vector)
 .isr_vector    0x0000000008000000      0x10c CMakeFiles/MotionControlSystem.elf.dir/Core/Startup/startup_stm32f103c8tx.s.obj
                0x0000000008000000                g_pfnVectors
                0x000000000800010c                . = ALIGN (0x4)

.text           0x0000000008000110     0x3d38
                0x0000000008000110                . = ALIGN (0x4)
 *(.text)
 .text          0x0000000008000110       0x40 /Applications/ARM/bin/../lib/gcc/arm-none-eabi/10.3.1/thumb/v7-m/nofp/crtbegin.o
 .text          0x0000000008000150       0xec /Applications/ARM/bin/../lib/gcc/arm-none-eabi/10.3.1/../../../../arm-none-eabi/lib/thumb/v7-m/nofp/libg.a(lib_a-memcpy.o)
                0x0000000008000150                memcpy
 *(.text*)
 .text.StartDefaultTask
                0x000000000800023c        0xa CMakeFiles/MotionControlSystem.elf.dir/Core/Src/freertos.c.obj
                0x000000000800023c                StartDefaultTask
 *fill*         0x0000000008000246        0x2 
 .text.EchoModeSelectOk
                0x0000000008000248       0x24 CMakeFiles/MotionControlSystem.elf.dir/Core/Src/freertos.c.obj
                0x0000000008000248                EchoModeSelectOk
 .text.MX_FREERTOS_Init
                0x000000000800026c       0x38 CMakeFiles/MotionControlSystem.elf.dir/Core/Src/freertos.c.obj
                0x000000000800026c                MX_FREERTOS_Init
 .text.ModeBorder
                0x00000000080002a4       0xb4 CMakeFiles/MotionControlSystem.elf.dir/Core/Src/freertos.c.obj
                0x00000000080002a4                ModeBorder
 .text.ModeSelection
                0x0000000008000358      0x1c0 CMakeFiles/MotionControlSystem.elf.dir/Core/Src/freertos.c.obj
                0x0000000008000358                ModeSelection
 .text.MX_GPIO_Init
                0x0000000008000518       0x9c CMakeFiles/MotionControlSystem.elf.dir/Core/Src/gpio.c.obj
                0x0000000008000518                MX_GPIO_Init
 .text.ReadKeyBit
                0x00000000080005b4       0x64 CMakeFiles/MotionControlSystem.elf.dir/Core/Src/key.c.obj
                0x00000000080005b4                ReadKeyBit
 .text.IsModeChange
                0x0000000008000618       0x2c CMakeFiles/MotionControlSystem.elf.dir/Core/Src/key.c.obj
                0x0000000008000618                IsModeChange
 .text.HAL_GPIO_EXTI_Callback
                0x0000000008000644        0x2 CMakeFiles/MotionControlSystem.elf.dir/Core/Src/main.c.obj
                0x0000000008000644                HAL_GPIO_EXTI_Callback
 *fill*         0x0000000008000646        0x2 
 .text.HAL_TIM_PeriodElapsedCallback
                0x0000000008000648       0x18 CMakeFiles/MotionControlSystem.elf.dir/Core/Src/main.c.obj
                0x0000000008000648                HAL_TIM_PeriodElapsedCallback
 .text.Error_Handler
                0x0000000008000660        0x4 CMakeFiles/MotionControlSystem.elf.dir/Core/Src/main.c.obj
                0x0000000008000660                Error_Handler
 .text.SystemClock_Config
                0x0000000008000664       0x64 CMakeFiles/MotionControlSystem.elf.dir/Core/Src/main.c.obj
                0x0000000008000664                SystemClock_Config
 .text.main     0x00000000080006c8       0x48 CMakeFiles/MotionControlSystem.elf.dir/Core/Src/main.c.obj
                0x00000000080006c8                main
 .text.UpdateScreen
                0x0000000008000710       0x7c CMakeFiles/MotionControlSystem.elf.dir/Core/Src/screen.c.obj
                0x0000000008000710                UpdateScreen
 .text.CalcScreenSize
                0x000000000800078c       0x40 CMakeFiles/MotionControlSystem.elf.dir/Core/Src/screen.c.obj
                0x000000000800078c                CalcScreenSize
 .text.CheckSum
                0x00000000080007cc       0x1a CMakeFiles/MotionControlSystem.elf.dir/Core/Src/servo.c.obj
                0x00000000080007cc                CheckSum
 *fill*         0x00000000080007e6        0x2 
 .text.SetServoPos
                0x00000000080007e8       0x60 CMakeFiles/MotionControlSystem.elf.dir/Core/Src/servo.c.obj
                0x00000000080007e8                SetServoPos
 .text.UpdateServoPos
                0x0000000008000848       0x30 CMakeFiles/MotionControlSystem.elf.dir/Core/Src/servo.c.obj
                0x0000000008000848                UpdateServoPos
 .text.HAL_MspInit
                0x0000000008000878       0x54 CMakeFiles/MotionControlSystem.elf.dir/Core/Src/stm32f1xx_hal_msp.c.obj
                0x0000000008000878                HAL_MspInit
 .text.HAL_InitTick
                0x00000000080008cc       0x7c CMakeFiles/MotionControlSystem.elf.dir/Core/Src/stm32f1xx_hal_timebase_tim.c.obj
                0x00000000080008cc                HAL_InitTick
 .text.NMI_Handler
                0x0000000008000948        0x2 CMakeFiles/MotionControlSystem.elf.dir/Core/Src/stm32f1xx_it.c.obj
                0x0000000008000948                NMI_Handler
 .text.HardFault_Handler
                0x000000000800094a        0x2 CMakeFiles/MotionControlSystem.elf.dir/Core/Src/stm32f1xx_it.c.obj
                0x000000000800094a                HardFault_Handler
 .text.MemManage_Handler
                0x000000000800094c        0x2 CMakeFiles/MotionControlSystem.elf.dir/Core/Src/stm32f1xx_it.c.obj
                0x000000000800094c                MemManage_Handler
 .text.BusFault_Handler
                0x000000000800094e        0x2 CMakeFiles/MotionControlSystem.elf.dir/Core/Src/stm32f1xx_it.c.obj
                0x000000000800094e                BusFault_Handler
 .text.UsageFault_Handler
                0x0000000008000950        0x2 CMakeFiles/MotionControlSystem.elf.dir/Core/Src/stm32f1xx_it.c.obj
                0x0000000008000950                UsageFault_Handler
 .text.DebugMon_Handler
                0x0000000008000952        0x2 CMakeFiles/MotionControlSystem.elf.dir/Core/Src/stm32f1xx_it.c.obj
                0x0000000008000952                DebugMon_Handler
 .text.EXTI9_5_IRQHandler
                0x0000000008000954       0x1a CMakeFiles/MotionControlSystem.elf.dir/Core/Src/stm32f1xx_it.c.obj
                0x0000000008000954                EXTI9_5_IRQHandler
 *fill*         0x000000000800096e        0x2 
 .text.TIM4_IRQHandler
                0x0000000008000970       0x10 CMakeFiles/MotionControlSystem.elf.dir/Core/Src/stm32f1xx_it.c.obj
                0x0000000008000970                TIM4_IRQHandler
 .text.USART1_IRQHandler
                0x0000000008000980       0x10 CMakeFiles/MotionControlSystem.elf.dir/Core/Src/stm32f1xx_it.c.obj
                0x0000000008000980                USART1_IRQHandler
 .text.USART2_IRQHandler
                0x0000000008000990       0x10 CMakeFiles/MotionControlSystem.elf.dir/Core/Src/stm32f1xx_it.c.obj
                0x0000000008000990                USART2_IRQHandler
 .text.USART3_IRQHandler
                0x00000000080009a0       0x10 CMakeFiles/MotionControlSystem.elf.dir/Core/Src/stm32f1xx_it.c.obj
                0x00000000080009a0                USART3_IRQHandler
 .text.SystemInit
                0x00000000080009b0        0x2 CMakeFiles/MotionControlSystem.elf.dir/Core/Src/system_stm32f1xx.c.obj
                0x00000000080009b0                SystemInit
 *fill*         0x00000000080009b2        0x2 
 .text.MX_USART1_UART_Init
                0x00000000080009b4       0x34 CMakeFiles/MotionControlSystem.elf.dir/Core/Src/usart.c.obj
                0x00000000080009b4                MX_USART1_UART_Init
 .text.MX_USART2_UART_Init
                0x00000000080009e8       0x34 CMakeFiles/MotionControlSystem.elf.dir/Core/Src/usart.c.obj
                0x00000000080009e8                MX_USART2_UART_Init
 .text.MX_USART3_UART_Init
                0x0000000008000a1c       0x34 CMakeFiles/MotionControlSystem.elf.dir/Core/Src/usart.c.obj
                0x0000000008000a1c                MX_USART3_UART_Init
 .text.HAL_UART_MspInit
                0x0000000008000a50      0x168 CMakeFiles/MotionControlSystem.elf.dir/Core/Src/usart.c.obj
                0x0000000008000a50                HAL_UART_MspInit
 .text.Reset_Handler
                0x0000000008000bb8       0x48 CMakeFiles/MotionControlSystem.elf.dir/Core/Startup/startup_stm32f103c8tx.s.obj
                0x0000000008000bb8                Reset_Handler
 .text.Default_Handler
                0x0000000008000c00        0x2 CMakeFiles/MotionControlSystem.elf.dir/Core/Startup/startup_stm32f103c8tx.s.obj
                0x0000000008000c00                USBWakeUp_IRQHandler
                0x0000000008000c00                EXTI2_IRQHandler
                0x0000000008000c00                TIM1_CC_IRQHandler
                0x0000000008000c00                PVD_IRQHandler
                0x0000000008000c00                EXTI3_IRQHandler
                0x0000000008000c00                EXTI0_IRQHandler
                0x0000000008000c00                I2C2_EV_IRQHandler
                0x0000000008000c00                ADC1_2_IRQHandler
                0x0000000008000c00                SPI1_IRQHandler
                0x0000000008000c00                TAMPER_IRQHandler
                0x0000000008000c00                DMA1_Channel4_IRQHandler
                0x0000000008000c00                RTC_IRQHandler
                0x0000000008000c00                DMA1_Channel7_IRQHandler
                0x0000000008000c00                CAN1_RX1_IRQHandler
                0x0000000008000c00                I2C1_EV_IRQHandler
                0x0000000008000c00                DMA1_Channel6_IRQHandler
                0x0000000008000c00                TIM3_IRQHandler
                0x0000000008000c00                RCC_IRQHandler
                0x0000000008000c00                TIM1_TRG_COM_IRQHandler
                0x0000000008000c00                DMA1_Channel1_IRQHandler
                0x0000000008000c00                Default_Handler
                0x0000000008000c00                EXTI15_10_IRQHandler
                0x0000000008000c00                SPI2_IRQHandler
                0x0000000008000c00                DMA1_Channel5_IRQHandler
                0x0000000008000c00                EXTI4_IRQHandler
                0x0000000008000c00                USB_LP_CAN1_RX0_IRQHandler
                0x0000000008000c00                USB_HP_CAN1_TX_IRQHandler
                0x0000000008000c00                DMA1_Channel3_IRQHandler
                0x0000000008000c00                TIM1_UP_IRQHandler
                0x0000000008000c00                WWDG_IRQHandler
                0x0000000008000c00                TIM2_IRQHandler
                0x0000000008000c00                TIM1_BRK_IRQHandler
                0x0000000008000c00                EXTI1_IRQHandler
                0x0000000008000c00                I2C2_ER_IRQHandler
                0x0000000008000c00                DMA1_Channel2_IRQHandler
                0x0000000008000c00                CAN1_SCE_IRQHandler
                0x0000000008000c00                FLASH_IRQHandler
                0x0000000008000c00                I2C1_ER_IRQHandler
                0x0000000008000c00                RTC_Alarm_IRQHandler
 *fill*         0x0000000008000c02        0x2 
 .text.HAL_Init
                0x0000000008000c04       0x24 CMakeFiles/MotionControlSystem.elf.dir/Drivers/STM32F1xx_HAL_Driver/Src/stm32f1xx_hal.c.obj
                0x0000000008000c04                HAL_Init
 .text.HAL_IncTick
                0x0000000008000c28       0x18 CMakeFiles/MotionControlSystem.elf.dir/Drivers/STM32F1xx_HAL_Driver/Src/stm32f1xx_hal.c.obj
                0x0000000008000c28                HAL_IncTick
 .text.HAL_GetTick
                0x0000000008000c40        0xc CMakeFiles/MotionControlSystem.elf.dir/Drivers/STM32F1xx_HAL_Driver/Src/stm32f1xx_hal.c.obj
                0x0000000008000c40                HAL_GetTick
 .text.HAL_Delay
                0x0000000008000c4c       0x28 CMakeFiles/MotionControlSystem.elf.dir/Drivers/STM32F1xx_HAL_Driver/Src/stm32f1xx_hal.c.obj
                0x0000000008000c4c                HAL_Delay
 .text.HAL_NVIC_SetPriorityGrouping
                0x0000000008000c74       0x24 CMakeFiles/MotionControlSystem.elf.dir/Drivers/STM32F1xx_HAL_Driver/Src/stm32f1xx_hal_cortex.c.obj
                0x0000000008000c74                HAL_NVIC_SetPriorityGrouping
 .text.HAL_NVIC_SetPriority
                0x0000000008000c98       0x70 CMakeFiles/MotionControlSystem.elf.dir/Drivers/STM32F1xx_HAL_Driver/Src/stm32f1xx_hal_cortex.c.obj
                0x0000000008000c98                HAL_NVIC_SetPriority
 .text.HAL_NVIC_EnableIRQ
                0x0000000008000d08       0x1c CMakeFiles/MotionControlSystem.elf.dir/Drivers/STM32F1xx_HAL_Driver/Src/stm32f1xx_hal_cortex.c.obj
                0x0000000008000d08                HAL_NVIC_EnableIRQ
 .text.HAL_DMA_Abort
                0x0000000008000d24       0x46 CMakeFiles/MotionControlSystem.elf.dir/Drivers/STM32F1xx_HAL_Driver/Src/stm32f1xx_hal_dma.c.obj
                0x0000000008000d24                HAL_DMA_Abort
 *fill*         0x0000000008000d6a        0x2 
 .text.HAL_DMA_Abort_IT
                0x0000000008000d6c       0x98 CMakeFiles/MotionControlSystem.elf.dir/Drivers/STM32F1xx_HAL_Driver/Src/stm32f1xx_hal_dma.c.obj
                0x0000000008000d6c                HAL_DMA_Abort_IT
 .text.HAL_GPIO_Init
                0x0000000008000e04      0x224 CMakeFiles/MotionControlSystem.elf.dir/Drivers/STM32F1xx_HAL_Driver/Src/stm32f1xx_hal_gpio.c.obj
                0x0000000008000e04                HAL_GPIO_Init
 .text.HAL_GPIO_ReadPin
                0x0000000008001028        0xe CMakeFiles/MotionControlSystem.elf.dir/Drivers/STM32F1xx_HAL_Driver/Src/stm32f1xx_hal_gpio.c.obj
                0x0000000008001028                HAL_GPIO_ReadPin
 .text.HAL_GPIO_WritePin
                0x0000000008001036        0xc CMakeFiles/MotionControlSystem.elf.dir/Drivers/STM32F1xx_HAL_Driver/Src/stm32f1xx_hal_gpio.c.obj
                0x0000000008001036                HAL_GPIO_WritePin
 *fill*         0x0000000008001042        0x2 
 .text.HAL_GPIO_EXTI_IRQHandler
                0x0000000008001044       0x1c CMakeFiles/MotionControlSystem.elf.dir/Drivers/STM32F1xx_HAL_Driver/Src/stm32f1xx_hal_gpio.c.obj
                0x0000000008001044                HAL_GPIO_EXTI_IRQHandler
 .text.RCC_Delay
                0x0000000008001060       0x2c CMakeFiles/MotionControlSystem.elf.dir/Drivers/STM32F1xx_HAL_Driver/Src/stm32f1xx_hal_rcc.c.obj
 .text.HAL_RCC_OscConfig
                0x000000000800108c      0x410 CMakeFiles/MotionControlSystem.elf.dir/Drivers/STM32F1xx_HAL_Driver/Src/stm32f1xx_hal_rcc.c.obj
                0x000000000800108c                HAL_RCC_OscConfig
 .text.HAL_RCC_GetSysClockFreq
                0x000000000800149c       0x54 CMakeFiles/MotionControlSystem.elf.dir/Drivers/STM32F1xx_HAL_Driver/Src/stm32f1xx_hal_rcc.c.obj
                0x000000000800149c                HAL_RCC_GetSysClockFreq
 .text.HAL_RCC_ClockConfig
                0x00000000080014f0      0x16c CMakeFiles/MotionControlSystem.elf.dir/Drivers/STM32F1xx_HAL_Driver/Src/stm32f1xx_hal_rcc.c.obj
                0x00000000080014f0                HAL_RCC_ClockConfig
 .text.HAL_RCC_GetHCLKFreq
                0x000000000800165c        0xc CMakeFiles/MotionControlSystem.elf.dir/Drivers/STM32F1xx_HAL_Driver/Src/stm32f1xx_hal_rcc.c.obj
                0x000000000800165c                HAL_RCC_GetHCLKFreq
 .text.HAL_RCC_GetPCLK1Freq
                0x0000000008001668       0x20 CMakeFiles/MotionControlSystem.elf.dir/Drivers/STM32F1xx_HAL_Driver/Src/stm32f1xx_hal_rcc.c.obj
                0x0000000008001668                HAL_RCC_GetPCLK1Freq
 .text.HAL_RCC_GetPCLK2Freq
                0x0000000008001688       0x20 CMakeFiles/MotionControlSystem.elf.dir/Drivers/STM32F1xx_HAL_Driver/Src/stm32f1xx_hal_rcc.c.obj
                0x0000000008001688                HAL_RCC_GetPCLK2Freq
 .text.HAL_RCC_GetClockConfig
                0x00000000080016a8       0x3c CMakeFiles/MotionControlSystem.elf.dir/Drivers/STM32F1xx_HAL_Driver/Src/stm32f1xx_hal_rcc.c.obj
                0x00000000080016a8                HAL_RCC_GetClockConfig
 .text.HAL_TIM_Base_MspInit
                0x00000000080016e4        0x2 CMakeFiles/MotionControlSystem.elf.dir/Drivers/STM32F1xx_HAL_Driver/Src/stm32f1xx_hal_tim.c.obj
                0x00000000080016e4                HAL_TIM_Base_MspInit
 *fill*         0x00000000080016e6        0x2 
 .text.HAL_TIM_Base_Start_IT
                0x00000000080016e8       0x68 CMakeFiles/MotionControlSystem.elf.dir/Drivers/STM32F1xx_HAL_Driver/Src/stm32f1xx_hal_tim.c.obj
                0x00000000080016e8                HAL_TIM_Base_Start_IT
 .text.HAL_TIM_OC_DelayElapsedCallback
                0x0000000008001750        0x2 CMakeFiles/MotionControlSystem.elf.dir/Drivers/STM32F1xx_HAL_Driver/Src/stm32f1xx_hal_tim.c.obj
                0x0000000008001750                HAL_TIM_OC_DelayElapsedCallback
 .text.HAL_TIM_IC_CaptureCallback
                0x0000000008001752        0x2 CMakeFiles/MotionControlSystem.elf.dir/Drivers/STM32F1xx_HAL_Driver/Src/stm32f1xx_hal_tim.c.obj
                0x0000000008001752                HAL_TIM_IC_CaptureCallback
 .text.HAL_TIM_PWM_PulseFinishedCallback
                0x0000000008001754        0x2 CMakeFiles/MotionControlSystem.elf.dir/Drivers/STM32F1xx_HAL_Driver/Src/stm32f1xx_hal_tim.c.obj
                0x0000000008001754                HAL_TIM_PWM_PulseFinishedCallback
 .text.HAL_TIM_TriggerCallback
                0x0000000008001756        0x2 CMakeFiles/MotionControlSystem.elf.dir/Drivers/STM32F1xx_HAL_Driver/Src/stm32f1xx_hal_tim.c.obj
                0x0000000008001756                HAL_TIM_TriggerCallback
 .text.HAL_TIM_IRQHandler
                0x0000000008001758      0x17a CMakeFiles/MotionControlSystem.elf.dir/Drivers/STM32F1xx_HAL_Driver/Src/stm32f1xx_hal_tim.c.obj
                0x0000000008001758                HAL_TIM_IRQHandler
 *fill*         0x00000000080018d2        0x2 
 .text.TIM_Base_SetConfig
                0x00000000080018d4       0x74 CMakeFiles/MotionControlSystem.elf.dir/Drivers/STM32F1xx_HAL_Driver/Src/stm32f1xx_hal_tim.c.obj
                0x00000000080018d4                TIM_Base_SetConfig
 .text.HAL_TIM_Base_Init
                0x0000000008001948       0x58 CMakeFiles/MotionControlSystem.elf.dir/Drivers/STM32F1xx_HAL_Driver/Src/stm32f1xx_hal_tim.c.obj
                0x0000000008001948                HAL_TIM_Base_Init
 .text.HAL_TIMEx_CommutCallback
                0x00000000080019a0        0x2 CMakeFiles/MotionControlSystem.elf.dir/Drivers/STM32F1xx_HAL_Driver/Src/stm32f1xx_hal_tim_ex.c.obj
                0x00000000080019a0                HAL_TIMEx_CommutCallback
 .text.HAL_TIMEx_BreakCallback
                0x00000000080019a2        0x2 CMakeFiles/MotionControlSystem.elf.dir/Drivers/STM32F1xx_HAL_Driver/Src/stm32f1xx_hal_tim_ex.c.obj
                0x00000000080019a2                HAL_TIMEx_BreakCallback
 .text.UART_EndRxTransfer
                0x00000000080019a4       0x5c CMakeFiles/MotionControlSystem.elf.dir/Drivers/STM32F1xx_HAL_Driver/Src/stm32f1xx_hal_uart.c.obj
 .text.UART_Transmit_IT
                0x0000000008001a00       0x60 CMakeFiles/MotionControlSystem.elf.dir/Drivers/STM32F1xx_HAL_Driver/Src/stm32f1xx_hal_uart.c.obj
 .text.UART_SetConfig
                0x0000000008001a60       0x94 CMakeFiles/MotionControlSystem.elf.dir/Drivers/STM32F1xx_HAL_Driver/Src/stm32f1xx_hal_uart.c.obj
 .text.UART_WaitOnFlagUntilTimeout
                0x0000000008001af4       0x88 CMakeFiles/MotionControlSystem.elf.dir/Drivers/STM32F1xx_HAL_Driver/Src/stm32f1xx_hal_uart.c.obj
 .text.HAL_UART_Init
                0x0000000008001b7c       0x60 CMakeFiles/MotionControlSystem.elf.dir/Drivers/STM32F1xx_HAL_Driver/Src/stm32f1xx_hal_uart.c.obj
                0x0000000008001b7c                HAL_UART_Init
 .text.HAL_UART_Transmit
                0x0000000008001bdc       0xbe CMakeFiles/MotionControlSystem.elf.dir/Drivers/STM32F1xx_HAL_Driver/Src/stm32f1xx_hal_uart.c.obj
                0x0000000008001bdc                HAL_UART_Transmit
 .text.HAL_UART_TxCpltCallback
                0x0000000008001c9a        0x2 CMakeFiles/MotionControlSystem.elf.dir/Drivers/STM32F1xx_HAL_Driver/Src/stm32f1xx_hal_uart.c.obj
                0x0000000008001c9a                HAL_UART_TxCpltCallback
 .text.UART_EndTransmit_IT
                0x0000000008001c9c       0x1a CMakeFiles/MotionControlSystem.elf.dir/Drivers/STM32F1xx_HAL_Driver/Src/stm32f1xx_hal_uart.c.obj
 .text.HAL_UART_RxCpltCallback
                0x0000000008001cb6        0x2 CMakeFiles/MotionControlSystem.elf.dir/Drivers/STM32F1xx_HAL_Driver/Src/stm32f1xx_hal_uart.c.obj
                0x0000000008001cb6                HAL_UART_RxCpltCallback
 .text.HAL_UART_ErrorCallback
                0x0000000008001cb8        0x2 CMakeFiles/MotionControlSystem.elf.dir/Drivers/STM32F1xx_HAL_Driver/Src/stm32f1xx_hal_uart.c.obj
                0x0000000008001cb8                HAL_UART_ErrorCallback
 .text.UART_DMAAbortOnError
                0x0000000008001cba       0x10 CMakeFiles/MotionControlSystem.elf.dir/Drivers/STM32F1xx_HAL_Driver/Src/stm32f1xx_hal_uart.c.obj
 .text.HAL_UARTEx_RxEventCallback
                0x0000000008001cca        0x2 CMakeFiles/MotionControlSystem.elf.dir/Drivers/STM32F1xx_HAL_Driver/Src/stm32f1xx_hal_uart.c.obj
                0x0000000008001cca                HAL_UARTEx_RxEventCallback
 .text.UART_Receive_IT
                0x0000000008001ccc       0xe6 CMakeFiles/MotionControlSystem.elf.dir/Drivers/STM32F1xx_HAL_Driver/Src/stm32f1xx_hal_uart.c.obj
 *fill*         0x0000000008001db2        0x2 
 .text.HAL_UART_IRQHandler
                0x0000000008001db4      0x288 CMakeFiles/MotionControlSystem.elf.dir/Drivers/STM32F1xx_HAL_Driver/Src/stm32f1xx_hal_uart.c.obj
                0x0000000008001db4                HAL_UART_IRQHandler
 .text.osKernelInitialize
                0x000000000800203c       0x44 CMakeFiles/MotionControlSystem.elf.dir/Middlewares/Third_Party/FreeRTOS/Source/CMSIS_RTOS_V2/cmsis_os2.c.obj
                0x000000000800203c                osKernelInitialize
 .text.osKernelStart
                0x0000000008002080       0x4c CMakeFiles/MotionControlSystem.elf.dir/Middlewares/Third_Party/FreeRTOS/Source/CMSIS_RTOS_V2/cmsis_os2.c.obj
                0x0000000008002080                osKernelStart
 .text.osThreadNew
                0x00000000080020cc       0xec CMakeFiles/MotionControlSystem.elf.dir/Middlewares/Third_Party/FreeRTOS/Source/CMSIS_RTOS_V2/cmsis_os2.c.obj
                0x00000000080020cc                osThreadNew
 .text.osDelay  0x00000000080021b8       0x44 CMakeFiles/MotionControlSystem.elf.dir/Middlewares/Third_Party/FreeRTOS/Source/CMSIS_RTOS_V2/cmsis_os2.c.obj
                0x00000000080021b8                osDelay
 .text.vApplicationGetIdleTaskMemory
                0x00000000080021fc       0x18 CMakeFiles/MotionControlSystem.elf.dir/Middlewares/Third_Party/FreeRTOS/Source/CMSIS_RTOS_V2/cmsis_os2.c.obj
                0x00000000080021fc                vApplicationGetIdleTaskMemory
 .text.vApplicationGetTimerTaskMemory
                0x0000000008002214       0x18 CMakeFiles/MotionControlSystem.elf.dir/Middlewares/Third_Party/FreeRTOS/Source/CMSIS_RTOS_V2/cmsis_os2.c.obj
                0x0000000008002214                vApplicationGetTimerTaskMemory
 .text.vListInitialise
                0x000000000800222c       0x16 CMakeFiles/MotionControlSystem.elf.dir/Middlewares/Third_Party/FreeRTOS/Source/list.c.obj
                0x000000000800222c                vListInitialise
 .text.vListInitialiseItem
                0x0000000008002242        0x6 CMakeFiles/MotionControlSystem.elf.dir/Middlewares/Third_Party/FreeRTOS/Source/list.c.obj
                0x0000000008002242                vListInitialiseItem
 .text.vListInsertEnd
                0x0000000008002248       0x16 CMakeFiles/MotionControlSystem.elf.dir/Middlewares/Third_Party/FreeRTOS/Source/list.c.obj
                0x0000000008002248                vListInsertEnd
 .text.vListInsert
                0x000000000800225e       0x32 CMakeFiles/MotionControlSystem.elf.dir/Middlewares/Third_Party/FreeRTOS/Source/list.c.obj
                0x000000000800225e                vListInsert
 .text.uxListRemove
                0x0000000008002290       0x26 CMakeFiles/MotionControlSystem.elf.dir/Middlewares/Third_Party/FreeRTOS/Source/list.c.obj
                0x0000000008002290                uxListRemove
 *fill*         0x00000000080022b6        0x2 
 .text.prvTaskExitError
                0x00000000080022b8       0x40 CMakeFiles/MotionControlSystem.elf.dir/Middlewares/Third_Party/FreeRTOS/Source/portable/GCC/ARM_CM3/port.c.obj
 .text.prvPortStartFirstTask
                0x00000000080022f8       0x20 CMakeFiles/MotionControlSystem.elf.dir/Middlewares/Third_Party/FreeRTOS/Source/portable/GCC/ARM_CM3/port.c.obj
 .text.pxPortInitialiseStack
                0x0000000008002318       0x24 CMakeFiles/MotionControlSystem.elf.dir/Middlewares/Third_Party/FreeRTOS/Source/portable/GCC/ARM_CM3/port.c.obj
                0x0000000008002318                pxPortInitialiseStack
 *fill*         0x000000000800233c        0x4 
 .text.SVC_Handler
                0x0000000008002340       0x24 CMakeFiles/MotionControlSystem.elf.dir/Middlewares/Third_Party/FreeRTOS/Source/portable/GCC/ARM_CM3/port.c.obj
                0x0000000008002340                SVC_Handler
 .text.vPortEnterCritical
                0x0000000008002364       0x44 CMakeFiles/MotionControlSystem.elf.dir/Middlewares/Third_Party/FreeRTOS/Source/portable/GCC/ARM_CM3/port.c.obj
                0x0000000008002364                vPortEnterCritical
 .text.vPortExitCritical
                0x00000000080023a8       0x2c CMakeFiles/MotionControlSystem.elf.dir/Middlewares/Third_Party/FreeRTOS/Source/portable/GCC/ARM_CM3/port.c.obj
                0x00000000080023a8                vPortExitCritical
 *fill*         0x00000000080023d4        0xc 
 .text.PendSV_Handler
                0x00000000080023e0       0x44 CMakeFiles/MotionControlSystem.elf.dir/Middlewares/Third_Party/FreeRTOS/Source/portable/GCC/ARM_CM3/port.c.obj
                0x00000000080023e0                PendSV_Handler
 .text.SysTick_Handler
                0x0000000008002424       0x2c CMakeFiles/MotionControlSystem.elf.dir/Middlewares/Third_Party/FreeRTOS/Source/portable/GCC/ARM_CM3/port.c.obj
                0x0000000008002424                SysTick_Handler
 .text.vPortSetupTimerInterrupt
                0x0000000008002450       0x28 CMakeFiles/MotionControlSystem.elf.dir/Middlewares/Third_Party/FreeRTOS/Source/portable/GCC/ARM_CM3/port.c.obj
                0x0000000008002450                vPortSetupTimerInterrupt
 .text.xPortStartScheduler
                0x0000000008002478       0xc0 CMakeFiles/MotionControlSystem.elf.dir/Middlewares/Third_Party/FreeRTOS/Source/portable/GCC/ARM_CM3/port.c.obj
                0x0000000008002478                xPortStartScheduler
 .text.vPortValidateInterruptPriority
                0x0000000008002538       0x5c CMakeFiles/MotionControlSystem.elf.dir/Middlewares/Third_Party/FreeRTOS/Source/portable/GCC/ARM_CM3/port.c.obj
                0x0000000008002538                vPortValidateInterruptPriority
 .text.prvHeapInit
                0x0000000008002594       0x64 CMakeFiles/MotionControlSystem.elf.dir/Middlewares/Third_Party/FreeRTOS/Source/portable/MemMang/heap_4.c.obj
 .text.prvInsertBlockIntoFreeList
                0x00000000080025f8       0x60 CMakeFiles/MotionControlSystem.elf.dir/Middlewares/Third_Party/FreeRTOS/Source/portable/MemMang/heap_4.c.obj
 .text.pvPortMalloc
                0x0000000008002658       0xf0 CMakeFiles/MotionControlSystem.elf.dir/Middlewares/Third_Party/FreeRTOS/Source/portable/MemMang/heap_4.c.obj
                0x0000000008002658                pvPortMalloc
 .text.vPortFree
                0x0000000008002748       0x70 CMakeFiles/MotionControlSystem.elf.dir/Middlewares/Third_Party/FreeRTOS/Source/portable/MemMang/heap_4.c.obj
                0x0000000008002748                vPortFree
 .text.prvIsQueueFull
                0x00000000080027b8       0x1e CMakeFiles/MotionControlSystem.elf.dir/Middlewares/Third_Party/FreeRTOS/Source/queue.c.obj
 .text.prvIsQueueEmpty
                0x00000000080027d6       0x1a CMakeFiles/MotionControlSystem.elf.dir/Middlewares/Third_Party/FreeRTOS/Source/queue.c.obj
 .text.prvCopyDataToQueue
                0x00000000080027f0       0x76 CMakeFiles/MotionControlSystem.elf.dir/Middlewares/Third_Party/FreeRTOS/Source/queue.c.obj
 .text.prvCopyDataFromQueue
                0x0000000008002866       0x24 CMakeFiles/MotionControlSystem.elf.dir/Middlewares/Third_Party/FreeRTOS/Source/queue.c.obj
 .text.prvUnlockQueue
                0x000000000800288a       0x6e CMakeFiles/MotionControlSystem.elf.dir/Middlewares/Third_Party/FreeRTOS/Source/queue.c.obj
 .text.xQueueGenericReset
                0x00000000080028f8       0x84 CMakeFiles/MotionControlSystem.elf.dir/Middlewares/Third_Party/FreeRTOS/Source/queue.c.obj
                0x00000000080028f8                xQueueGenericReset
 .text.prvInitialiseNewQueue
                0x000000000800297c       0x22 CMakeFiles/MotionControlSystem.elf.dir/Middlewares/Third_Party/FreeRTOS/Source/queue.c.obj
 .text.xQueueGenericCreateStatic
                0x000000000800299e       0x92 CMakeFiles/MotionControlSystem.elf.dir/Middlewares/Third_Party/FreeRTOS/Source/queue.c.obj
                0x000000000800299e                xQueueGenericCreateStatic
 .text.xQueueGenericSend
                0x0000000008002a30      0x188 CMakeFiles/MotionControlSystem.elf.dir/Middlewares/Third_Party/FreeRTOS/Source/queue.c.obj
                0x0000000008002a30                xQueueGenericSend
 .text.xQueueGenericSendFromISR
                0x0000000008002bb8       0xcc CMakeFiles/MotionControlSystem.elf.dir/Middlewares/Third_Party/FreeRTOS/Source/queue.c.obj
                0x0000000008002bb8                xQueueGenericSendFromISR
 .text.xQueueReceive
                0x0000000008002c84      0x15e CMakeFiles/MotionControlSystem.elf.dir/Middlewares/Third_Party/FreeRTOS/Source/queue.c.obj
                0x0000000008002c84                xQueueReceive
 *fill*         0x0000000008002de2        0x2 
 .text.vQueueAddToRegistry
                0x0000000008002de4       0x28 CMakeFiles/MotionControlSystem.elf.dir/Middlewares/Third_Party/FreeRTOS/Source/queue.c.obj
                0x0000000008002de4                vQueueAddToRegistry
 .text.vQueueWaitForMessageRestricted
                0x0000000008002e0c       0x52 CMakeFiles/MotionControlSystem.elf.dir/Middlewares/Third_Party/FreeRTOS/Source/queue.c.obj
                0x0000000008002e0c                vQueueWaitForMessageRestricted
 *fill*         0x0000000008002e5e        0x2 
 .text.prvResetNextTaskUnblockTime
                0x0000000008002e60       0x2c CMakeFiles/MotionControlSystem.elf.dir/Middlewares/Third_Party/FreeRTOS/Source/tasks.c.obj
 .text.prvInitialiseNewTask
                0x0000000008002e8c       0x9c CMakeFiles/MotionControlSystem.elf.dir/Middlewares/Third_Party/FreeRTOS/Source/tasks.c.obj
 .text.prvInitialiseTaskLists
                0x0000000008002f28       0x68 CMakeFiles/MotionControlSystem.elf.dir/Middlewares/Third_Party/FreeRTOS/Source/tasks.c.obj
 .text.prvAddNewTaskToReadyList
                0x0000000008002f90       0xac CMakeFiles/MotionControlSystem.elf.dir/Middlewares/Third_Party/FreeRTOS/Source/tasks.c.obj
 .text.prvDeleteTCB
                0x000000000800303c       0x38 CMakeFiles/MotionControlSystem.elf.dir/Middlewares/Third_Party/FreeRTOS/Source/tasks.c.obj
 .text.prvCheckTasksWaitingTermination
                0x0000000008003074       0x4c CMakeFiles/MotionControlSystem.elf.dir/Middlewares/Third_Party/FreeRTOS/Source/tasks.c.obj
 .text.prvIdleTask
                0x00000000080030c0       0x28 CMakeFiles/MotionControlSystem.elf.dir/Middlewares/Third_Party/FreeRTOS/Source/tasks.c.obj
 .text.prvAddCurrentTaskToDelayedList
                0x00000000080030e8       0x7c CMakeFiles/MotionControlSystem.elf.dir/Middlewares/Third_Party/FreeRTOS/Source/tasks.c.obj
 .text.xTaskCreateStatic
                0x0000000008003164       0x74 CMakeFiles/MotionControlSystem.elf.dir/Middlewares/Third_Party/FreeRTOS/Source/tasks.c.obj
                0x0000000008003164                xTaskCreateStatic
 .text.xTaskCreate
                0x00000000080031d8       0x68 CMakeFiles/MotionControlSystem.elf.dir/Middlewares/Third_Party/FreeRTOS/Source/tasks.c.obj
                0x00000000080031d8                xTaskCreate
 .text.vTaskStartScheduler
                0x0000000008003240       0x9c CMakeFiles/MotionControlSystem.elf.dir/Middlewares/Third_Party/FreeRTOS/Source/tasks.c.obj
                0x0000000008003240                vTaskStartScheduler
 .text.vTaskSuspendAll
                0x00000000080032dc       0x10 CMakeFiles/MotionControlSystem.elf.dir/Middlewares/Third_Party/FreeRTOS/Source/tasks.c.obj
                0x00000000080032dc                vTaskSuspendAll
 .text.xTaskGetTickCount
                0x00000000080032ec        0xc CMakeFiles/MotionControlSystem.elf.dir/Middlewares/Third_Party/FreeRTOS/Source/tasks.c.obj
                0x00000000080032ec                xTaskGetTickCount
 .text.xTaskIncrementTick
                0x00000000080032f8      0x118 CMakeFiles/MotionControlSystem.elf.dir/Middlewares/Third_Party/FreeRTOS/Source/tasks.c.obj
                0x00000000080032f8                xTaskIncrementTick
 .text.xTaskResumeAll
                0x0000000008003410       0xf8 CMakeFiles/MotionControlSystem.elf.dir/Middlewares/Third_Party/FreeRTOS/Source/tasks.c.obj
                0x0000000008003410                xTaskResumeAll
 .text.vTaskDelay
                0x0000000008003508       0x4c CMakeFiles/MotionControlSystem.elf.dir/Middlewares/Third_Party/FreeRTOS/Source/tasks.c.obj
                0x0000000008003508                vTaskDelay
 .text.vTaskSwitchContext
                0x0000000008003554       0x94 CMakeFiles/MotionControlSystem.elf.dir/Middlewares/Third_Party/FreeRTOS/Source/tasks.c.obj
                0x0000000008003554                vTaskSwitchContext
 .text.vTaskPlaceOnEventList
                0x00000000080035e8       0x30 CMakeFiles/MotionControlSystem.elf.dir/Middlewares/Third_Party/FreeRTOS/Source/tasks.c.obj
                0x00000000080035e8                vTaskPlaceOnEventList
 .text.vTaskPlaceOnEventListRestricted
                0x0000000008003618       0x38 CMakeFiles/MotionControlSystem.elf.dir/Middlewares/Third_Party/FreeRTOS/Source/tasks.c.obj
                0x0000000008003618                vTaskPlaceOnEventListRestricted
 .text.xTaskRemoveFromEventList
                0x0000000008003650       0x8c CMakeFiles/MotionControlSystem.elf.dir/Middlewares/Third_Party/FreeRTOS/Source/tasks.c.obj
                0x0000000008003650                xTaskRemoveFromEventList
 .text.vTaskInternalSetTimeOutState
                0x00000000080036dc       0x18 CMakeFiles/MotionControlSystem.elf.dir/Middlewares/Third_Party/FreeRTOS/Source/tasks.c.obj
                0x00000000080036dc                vTaskInternalSetTimeOutState
 .text.xTaskCheckForTimeOut
                0x00000000080036f4       0x84 CMakeFiles/MotionControlSystem.elf.dir/Middlewares/Third_Party/FreeRTOS/Source/tasks.c.obj
                0x00000000080036f4                xTaskCheckForTimeOut
 .text.vTaskMissedYield
                0x0000000008003778        0xc CMakeFiles/MotionControlSystem.elf.dir/Middlewares/Third_Party/FreeRTOS/Source/tasks.c.obj
                0x0000000008003778                vTaskMissedYield
 .text.xTaskGetSchedulerState
                0x0000000008003784       0x20 CMakeFiles/MotionControlSystem.elf.dir/Middlewares/Third_Party/FreeRTOS/Source/tasks.c.obj
                0x0000000008003784                xTaskGetSchedulerState
 .text.xTaskPriorityDisinherit
                0x00000000080037a4       0x90 CMakeFiles/MotionControlSystem.elf.dir/Middlewares/Third_Party/FreeRTOS/Source/tasks.c.obj
                0x00000000080037a4                xTaskPriorityDisinherit
 .text.prvGetNextExpireTime
                0x0000000008003834       0x20 CMakeFiles/MotionControlSystem.elf.dir/Middlewares/Third_Party/FreeRTOS/Source/timers.c.obj
 .text.prvInsertTimerInActiveList
                0x0000000008003854       0x48 CMakeFiles/MotionControlSystem.elf.dir/Middlewares/Third_Party/FreeRTOS/Source/timers.c.obj
 .text.prvCheckForValidListAndQueue
                0x000000000800389c       0x70 CMakeFiles/MotionControlSystem.elf.dir/Middlewares/Third_Party/FreeRTOS/Source/timers.c.obj
 .text.xTimerCreateTimerTask
                0x000000000800390c       0x64 CMakeFiles/MotionControlSystem.elf.dir/Middlewares/Third_Party/FreeRTOS/Source/timers.c.obj
                0x000000000800390c                xTimerCreateTimerTask
 .text.xTimerGenericCommand
                0x0000000008003970       0x6c CMakeFiles/MotionControlSystem.elf.dir/Middlewares/Third_Party/FreeRTOS/Source/timers.c.obj
                0x0000000008003970                xTimerGenericCommand
 .text.prvSwitchTimerLists
                0x00000000080039dc       0x78 CMakeFiles/MotionControlSystem.elf.dir/Middlewares/Third_Party/FreeRTOS/Source/timers.c.obj
 .text.prvSampleTimeNow
                0x0000000008003a54       0x2c CMakeFiles/MotionControlSystem.elf.dir/Middlewares/Third_Party/FreeRTOS/Source/timers.c.obj
 .text.prvProcessExpiredTimer
                0x0000000008003a80       0x60 CMakeFiles/MotionControlSystem.elf.dir/Middlewares/Third_Party/FreeRTOS/Source/timers.c.obj
 .text.prvProcessTimerOrBlockTask
                0x0000000008003ae0       0x74 CMakeFiles/MotionControlSystem.elf.dir/Middlewares/Third_Party/FreeRTOS/Source/timers.c.obj
 .text.prvProcessReceivedCommands
                0x0000000008003b54       0xf8 CMakeFiles/MotionControlSystem.elf.dir/Middlewares/Third_Party/FreeRTOS/Source/timers.c.obj
 .text.prvTimerTask
                0x0000000008003c4c       0x16 CMakeFiles/MotionControlSystem.elf.dir/Middlewares/Third_Party/FreeRTOS/Source/timers.c.obj
 *fill*         0x0000000008003c62        0x2 
 .text.__libc_init_array
                0x0000000008003c64       0x48 /Applications/ARM/bin/../lib/gcc/arm-none-eabi/10.3.1/../../../../arm-none-eabi/lib/thumb/v7-m/nofp/libg.a(lib_a-init.o)
                0x0000000008003c64                __libc_init_array
 .text.memset   0x0000000008003cac       0xa4 /Applications/ARM/bin/../lib/gcc/arm-none-eabi/10.3.1/../../../../arm-none-eabi/lib/thumb/v7-m/nofp/libg.a(lib_a-memset.o)
                0x0000000008003cac                memset
 .text.startup.register_fini
                0x0000000008003d50       0x14 /Applications/ARM/bin/../lib/gcc/arm-none-eabi/10.3.1/../../../../arm-none-eabi/lib/thumb/v7-m/nofp/libg.a(lib_a-__call_atexit.o)
 .text.atexit   0x0000000008003d64        0xc /Applications/ARM/bin/../lib/gcc/arm-none-eabi/10.3.1/../../../../arm-none-eabi/lib/thumb/v7-m/nofp/libg.a(lib_a-atexit.o)
                0x0000000008003d64                atexit
 .text.__libc_fini_array
                0x0000000008003d70       0x2c /Applications/ARM/bin/../lib/gcc/arm-none-eabi/10.3.1/../../../../arm-none-eabi/lib/thumb/v7-m/nofp/libg.a(lib_a-fini.o)
                0x0000000008003d70                __libc_fini_array
 .text.__retarget_lock_acquire_recursive
                0x0000000008003d9c        0x4 /Applications/ARM/bin/../lib/gcc/arm-none-eabi/10.3.1/../../../../arm-none-eabi/lib/thumb/v7-m/nofp/libg.a(lib_a-lock.o)
                0x0000000008003d9c                __retarget_lock_acquire_recursive
 .text.__retarget_lock_release_recursive
                0x0000000008003da0        0x4 /Applications/ARM/bin/../lib/gcc/arm-none-eabi/10.3.1/../../../../arm-none-eabi/lib/thumb/v7-m/nofp/libg.a(lib_a-lock.o)
                0x0000000008003da0                __retarget_lock_release_recursive
 .text.__register_exitproc
                0x0000000008003da4       0x8c /Applications/ARM/bin/../lib/gcc/arm-none-eabi/10.3.1/../../../../arm-none-eabi/lib/thumb/v7-m/nofp/libg.a(lib_a-__atexit.o)
                0x0000000008003da4                __register_exitproc
 *(.glue_7)
 .glue_7        0x0000000008003e30        0x0 linker stubs
 *(.glue_7t)
 .glue_7t       0x0000000008003e30        0x0 linker stubs
 *(.eh_frame)
 .eh_frame      0x0000000008003e30        0x0 /Applications/ARM/bin/../lib/gcc/arm-none-eabi/10.3.1/thumb/v7-m/nofp/crtbegin.o
 *(.init)
 .init          0x0000000008003e30        0x4 /Applications/ARM/bin/../lib/gcc/arm-none-eabi/10.3.1/thumb/v7-m/nofp/crti.o
                0x0000000008003e30                _init
 .init          0x0000000008003e34        0x8 /Applications/ARM/bin/../lib/gcc/arm-none-eabi/10.3.1/thumb/v7-m/nofp/crtn.o
 *(.fini)
 .fini          0x0000000008003e3c        0x4 /Applications/ARM/bin/../lib/gcc/arm-none-eabi/10.3.1/thumb/v7-m/nofp/crti.o
                0x0000000008003e3c                _fini
 .fini          0x0000000008003e40        0x8 /Applications/ARM/bin/../lib/gcc/arm-none-eabi/10.3.1/thumb/v7-m/nofp/crtn.o
                0x0000000008003e48                . = ALIGN (0x4)
                0x0000000008003e48                _etext = .

.vfp11_veneer   0x0000000008003e48        0x0
 .vfp11_veneer  0x0000000008003e48        0x0 linker stubs

.v4_bx          0x0000000008003e48        0x0
 .v4_bx         0x0000000008003e48        0x0 linker stubs

.iplt           0x0000000008003e48        0x0
 .iplt          0x0000000008003e48        0x0 /Applications/ARM/bin/../lib/gcc/arm-none-eabi/10.3.1/thumb/v7-m/nofp/crtbegin.o

.rodata         0x0000000008003e48       0xc4
                0x0000000008003e48                . = ALIGN (0x4)
 *(.rodata)
 .rodata        0x0000000008003e48        0xd CMakeFiles/MotionControlSystem.elf.dir/Core/Src/servo.c.obj
 *(.rodata*)
 *fill*         0x0000000008003e55        0x3 
 .rodata.str1.4
                0x0000000008003e58       0x1c CMakeFiles/MotionControlSystem.elf.dir/Core/Src/freertos.c.obj
 .rodata.defaultTask_attributes
                0x0000000008003e74       0x24 CMakeFiles/MotionControlSystem.elf.dir/Core/Src/freertos.c.obj
                0x0000000008003e74                defaultTask_attributes
 .rodata.modeSelection_attributes
                0x0000000008003e98       0x24 CMakeFiles/MotionControlSystem.elf.dir/Core/Src/freertos.c.obj
                0x0000000008003e98                modeSelection_attributes
 .rodata.UpdateServoPos.str1.4
                0x0000000008003ebc        0x7 CMakeFiles/MotionControlSystem.elf.dir/Core/Src/servo.c.obj
 *fill*         0x0000000008003ec3        0x1 
 .rodata.AHBPrescTable
                0x0000000008003ec4       0x10 CMakeFiles/MotionControlSystem.elf.dir/Core/Src/system_stm32f1xx.c.obj
                0x0000000008003ec4                AHBPrescTable
 .rodata.APBPrescTable
                0x0000000008003ed4        0x8 CMakeFiles/MotionControlSystem.elf.dir/Core/Src/system_stm32f1xx.c.obj
                0x0000000008003ed4                APBPrescTable
 .rodata.aPLLMULFactorTable.1
                0x0000000008003edc       0x10 CMakeFiles/MotionControlSystem.elf.dir/Drivers/STM32F1xx_HAL_Driver/Src/stm32f1xx_hal_rcc.c.obj
 .rodata.aPredivFactorTable.0
                0x0000000008003eec        0x2 CMakeFiles/MotionControlSystem.elf.dir/Drivers/STM32F1xx_HAL_Driver/Src/stm32f1xx_hal_rcc.c.obj
 *fill*         0x0000000008003eee        0x2 
 .rodata.vTaskStartScheduler.str1.4
                0x0000000008003ef0        0x5 CMakeFiles/MotionControlSystem.elf.dir/Middlewares/Third_Party/FreeRTOS/Source/tasks.c.obj
 *fill*         0x0000000008003ef5        0x3 
 .rodata.prvCheckForValidListAndQueue.str1.4
                0x0000000008003ef8        0x5 CMakeFiles/MotionControlSystem.elf.dir/Middlewares/Third_Party/FreeRTOS/Source/timers.c.obj
 *fill*         0x0000000008003efd        0x3 
 .rodata.xTimerCreateTimerTask.str1.4
                0x0000000008003f00        0x8 CMakeFiles/MotionControlSystem.elf.dir/Middlewares/Third_Party/FreeRTOS/Source/timers.c.obj
 .rodata._global_impure_ptr
                0x0000000008003f08        0x4 /Applications/ARM/bin/../lib/gcc/arm-none-eabi/10.3.1/../../../../arm-none-eabi/lib/thumb/v7-m/nofp/libg.a(lib_a-impure.o)
                0x0000000008003f08                _global_impure_ptr
                0x0000000008003f0c                . = ALIGN (0x4)

.rel.dyn        0x0000000008003f0c        0x0
 .rel.iplt      0x0000000008003f0c        0x0 /Applications/ARM/bin/../lib/gcc/arm-none-eabi/10.3.1/thumb/v7-m/nofp/crtbegin.o

.ARM.extab      0x0000000008003f0c        0x0
                0x0000000008003f0c                . = ALIGN (0x4)
 *(.ARM.extab* .gnu.linkonce.armextab.*)
                0x0000000008003f0c                . = ALIGN (0x4)

.ARM            0x0000000008003f0c        0x0
                0x0000000008003f0c                . = ALIGN (0x4)
                0x0000000008003f0c                __exidx_start = .
 *(.ARM.exidx*)
                0x0000000008003f0c                __exidx_end = .
                0x0000000008003f0c                . = ALIGN (0x4)

.preinit_array  0x0000000008003f0c        0x0
                0x0000000008003f0c                . = ALIGN (0x4)
                0x0000000008003f0c                PROVIDE (__preinit_array_start = .)
 *(.preinit_array*)
                0x0000000008003f0c                PROVIDE (__preinit_array_end = .)
                0x0000000008003f0c                . = ALIGN (0x4)

.init_array     0x0000000008003f0c        0x8
                0x0000000008003f0c                . = ALIGN (0x4)
                0x0000000008003f0c                PROVIDE (__init_array_start = .)
 *(SORT_BY_NAME(.init_array.*))
 .init_array.00000
                0x0000000008003f0c        0x4 /Applications/ARM/bin/../lib/gcc/arm-none-eabi/10.3.1/../../../../arm-none-eabi/lib/thumb/v7-m/nofp/libg.a(lib_a-__call_atexit.o)
 *(.init_array*)
 .init_array    0x0000000008003f10        0x4 /Applications/ARM/bin/../lib/gcc/arm-none-eabi/10.3.1/thumb/v7-m/nofp/crtbegin.o
                0x0000000008003f14                PROVIDE (__init_array_end = .)
                0x0000000008003f14                . = ALIGN (0x4)

.fini_array     0x0000000008003f14        0x4
                0x0000000008003f14                . = ALIGN (0x4)
                0x0000000008003f14                PROVIDE (__fini_array_start = .)
 *(SORT_BY_NAME(.fini_array.*))
 *(.fini_array*)
 .fini_array    0x0000000008003f14        0x4 /Applications/ARM/bin/../lib/gcc/arm-none-eabi/10.3.1/thumb/v7-m/nofp/crtbegin.o
                0x0000000008003f18                PROVIDE (__fini_array_end = .)
                0x0000000008003f18                . = ALIGN (0x4)
                0x0000000008003f18                _sidata = LOADADDR (.data)

.data           0x0000000020000000      0x45c load address 0x0000000008003f18
                0x0000000020000000                . = ALIGN (0x4)
                0x0000000020000000                _sdata = .
 *(.data)
 *(.data*)
 .data.bitModeLast
                0x0000000020000000        0x1 CMakeFiles/MotionControlSystem.elf.dir/Core/Src/key.c.obj
                0x0000000020000000                bitModeLast
 *fill*         0x0000000020000001        0x3 
 .data.screenAPoint
                0x0000000020000004        0x8 CMakeFiles/MotionControlSystem.elf.dir/Core/Src/screen.c.obj
                0x0000000020000004                screenAPoint
 .data.screenCPoint
                0x000000002000000c        0x8 CMakeFiles/MotionControlSystem.elf.dir/Core/Src/screen.c.obj
                0x000000002000000c                screenCPoint
 .data.servoXPos
                0x0000000020000014        0x4 CMakeFiles/MotionControlSystem.elf.dir/Core/Src/screen.c.obj
                0x0000000020000014                servoXPos
 .data.servoYPos
                0x0000000020000018        0x4 CMakeFiles/MotionControlSystem.elf.dir/Core/Src/screen.c.obj
                0x0000000020000018                servoYPos
 .data.SystemCoreClock
                0x000000002000001c        0x4 CMakeFiles/MotionControlSystem.elf.dir/Core/Src/system_stm32f1xx.c.obj
                0x000000002000001c                SystemCoreClock
 .data.uwTickFreq
                0x0000000020000020        0x1 CMakeFiles/MotionControlSystem.elf.dir/Drivers/STM32F1xx_HAL_Driver/Src/stm32f1xx_hal.c.obj
                0x0000000020000020                uwTickFreq
 *fill*         0x0000000020000021        0x3 
 .data.uwTickPrio
                0x0000000020000024        0x4 CMakeFiles/MotionControlSystem.elf.dir/Drivers/STM32F1xx_HAL_Driver/Src/stm32f1xx_hal.c.obj
                0x0000000020000024                uwTickPrio
 .data.uxCriticalNesting
                0x0000000020000028        0x4 CMakeFiles/MotionControlSystem.elf.dir/Middlewares/Third_Party/FreeRTOS/Source/portable/GCC/ARM_CM3/port.c.obj
 *fill*         0x000000002000002c        0x4 
 .data.impure_data
                0x0000000020000030      0x428 /Applications/ARM/bin/../lib/gcc/arm-none-eabi/10.3.1/../../../../arm-none-eabi/lib/thumb/v7-m/nofp/libg.a(lib_a-impure.o)
 .data.__atexit_recursive_mutex
                0x0000000020000458        0x4 /Applications/ARM/bin/../lib/gcc/arm-none-eabi/10.3.1/../../../../arm-none-eabi/lib/thumb/v7-m/nofp/libg.a(lib_a-__call_atexit.o)
                0x0000000020000458                __atexit_recursive_mutex
 *(.RamFunc)
 *(.RamFunc*)
                0x000000002000045c                . = ALIGN (0x4)
                0x000000002000045c                _edata = .

.igot.plt       0x000000002000045c        0x0 load address 0x0000000008004374
 .igot.plt      0x000000002000045c        0x0 /Applications/ARM/bin/../lib/gcc/arm-none-eabi/10.3.1/thumb/v7-m/nofp/crtbegin.o
                0x000000002000045c                . = ALIGN (0x4)

.bss            0x000000002000045c     0x1aac load address 0x0000000008004374
                0x000000002000045c                _sbss = .
                0x000000002000045c                __bss_start__ = _sbss
 *(.bss)
 .bss           0x000000002000045c       0x1c /Applications/ARM/bin/../lib/gcc/arm-none-eabi/10.3.1/thumb/v7-m/nofp/crtbegin.o
 *(.bss*)
 .bss.defaultTaskHandle
                0x0000000020000478        0x4 CMakeFiles/MotionControlSystem.elf.dir/Core/Src/freertos.c.obj
                0x0000000020000478                defaultTaskHandle
 .bss.modeSelectionHandle
                0x000000002000047c        0x4 CMakeFiles/MotionControlSystem.elf.dir/Core/Src/freertos.c.obj
                0x000000002000047c                modeSelectionHandle
 .bss.mode_state
                0x0000000020000480        0x4 CMakeFiles/MotionControlSystem.elf.dir/Core/Src/freertos.c.obj
                0x0000000020000480                mode_state
 .bss.bit0      0x0000000020000484        0x1 CMakeFiles/MotionControlSystem.elf.dir/Core/Src/key.c.obj
                0x0000000020000484                bit0
 .bss.bit1      0x0000000020000485        0x1 CMakeFiles/MotionControlSystem.elf.dir/Core/Src/key.c.obj
                0x0000000020000485                bit1
 .bss.bitMode   0x0000000020000486        0x1 CMakeFiles/MotionControlSystem.elf.dir/Core/Src/key.c.obj
                0x0000000020000486                bitMode
 *fill*         0x0000000020000487        0x1 
 .bss.screenHeight
                0x0000000020000488        0x4 CMakeFiles/MotionControlSystem.elf.dir/Core/Src/screen.c.obj
                0x0000000020000488                screenHeight
 .bss.screenHeightHalf
                0x000000002000048c        0x4 CMakeFiles/MotionControlSystem.elf.dir/Core/Src/screen.c.obj
                0x000000002000048c                screenHeightHalf
 .bss.screenWidth
                0x0000000020000490        0x4 CMakeFiles/MotionControlSystem.elf.dir/Core/Src/screen.c.obj
                0x0000000020000490                screenWidth
 .bss.screenWidthHalf
                0x0000000020000494        0x4 CMakeFiles/MotionControlSystem.elf.dir/Core/Src/screen.c.obj
                0x0000000020000494                screenWidthHalf
 .bss.htim4     0x0000000020000498       0x48 CMakeFiles/MotionControlSystem.elf.dir/Core/Src/stm32f1xx_hal_timebase_tim.c.obj
                0x0000000020000498                htim4
 .bss.huart1    0x00000000200004e0       0x48 CMakeFiles/MotionControlSystem.elf.dir/Core/Src/usart.c.obj
                0x00000000200004e0                huart1
 .bss.huart2    0x0000000020000528       0x48 CMakeFiles/MotionControlSystem.elf.dir/Core/Src/usart.c.obj
                0x0000000020000528                huart2
 .bss.huart3    0x0000000020000570       0x48 CMakeFiles/MotionControlSystem.elf.dir/Core/Src/usart.c.obj
                0x0000000020000570                huart3
 .bss.uwTick    0x00000000200005b8        0x4 CMakeFiles/MotionControlSystem.elf.dir/Drivers/STM32F1xx_HAL_Driver/Src/stm32f1xx_hal.c.obj
                0x00000000200005b8                uwTick
 .bss.Idle_Stack
                0x00000000200005bc      0x200 CMakeFiles/MotionControlSystem.elf.dir/Middlewares/Third_Party/FreeRTOS/Source/CMSIS_RTOS_V2/cmsis_os2.c.obj
 .bss.Idle_TCB  0x00000000200007bc       0x5c CMakeFiles/MotionControlSystem.elf.dir/Middlewares/Third_Party/FreeRTOS/Source/CMSIS_RTOS_V2/cmsis_os2.c.obj
 .bss.KernelState
                0x0000000020000818        0x4 CMakeFiles/MotionControlSystem.elf.dir/Middlewares/Third_Party/FreeRTOS/Source/CMSIS_RTOS_V2/cmsis_os2.c.obj
 .bss.Timer_Stack
                0x000000002000081c      0x400 CMakeFiles/MotionControlSystem.elf.dir/Middlewares/Third_Party/FreeRTOS/Source/CMSIS_RTOS_V2/cmsis_os2.c.obj
 .bss.Timer_TCB
                0x0000000020000c1c       0x5c CMakeFiles/MotionControlSystem.elf.dir/Middlewares/Third_Party/FreeRTOS/Source/CMSIS_RTOS_V2/cmsis_os2.c.obj
 .bss.ucMaxSysCallPriority
                0x0000000020000c78        0x1 CMakeFiles/MotionControlSystem.elf.dir/Middlewares/Third_Party/FreeRTOS/Source/portable/GCC/ARM_CM3/port.c.obj
 *fill*         0x0000000020000c79        0x3 
 .bss.ulMaxPRIGROUPValue
                0x0000000020000c7c        0x4 CMakeFiles/MotionControlSystem.elf.dir/Middlewares/Third_Party/FreeRTOS/Source/portable/GCC/ARM_CM3/port.c.obj
 .bss.pxEnd     0x0000000020000c80        0x4 CMakeFiles/MotionControlSystem.elf.dir/Middlewares/Third_Party/FreeRTOS/Source/portable/MemMang/heap_4.c.obj
 .bss.ucHeap    0x0000000020000c84      0xc00 CMakeFiles/MotionControlSystem.elf.dir/Middlewares/Third_Party/FreeRTOS/Source/portable/MemMang/heap_4.c.obj
 .bss.xBlockAllocatedBit
                0x0000000020001884        0x4 CMakeFiles/MotionControlSystem.elf.dir/Middlewares/Third_Party/FreeRTOS/Source/portable/MemMang/heap_4.c.obj
 .bss.xFreeBytesRemaining
                0x0000000020001888        0x4 CMakeFiles/MotionControlSystem.elf.dir/Middlewares/Third_Party/FreeRTOS/Source/portable/MemMang/heap_4.c.obj
 .bss.xMinimumEverFreeBytesRemaining
                0x000000002000188c        0x4 CMakeFiles/MotionControlSystem.elf.dir/Middlewares/Third_Party/FreeRTOS/Source/portable/MemMang/heap_4.c.obj
 .bss.xStart    0x0000000020001890        0x8 CMakeFiles/MotionControlSystem.elf.dir/Middlewares/Third_Party/FreeRTOS/Source/portable/MemMang/heap_4.c.obj
 .bss.xQueueRegistry
                0x0000000020001898       0x40 CMakeFiles/MotionControlSystem.elf.dir/Middlewares/Third_Party/FreeRTOS/Source/queue.c.obj
                0x0000000020001898                xQueueRegistry
 .bss.pxCurrentTCB
                0x00000000200018d8        0x4 CMakeFiles/MotionControlSystem.elf.dir/Middlewares/Third_Party/FreeRTOS/Source/tasks.c.obj
                0x00000000200018d8                pxCurrentTCB
 .bss.pxDelayedTaskList
                0x00000000200018dc        0x4 CMakeFiles/MotionControlSystem.elf.dir/Middlewares/Third_Party/FreeRTOS/Source/tasks.c.obj
 .bss.pxOverflowDelayedTaskList
                0x00000000200018e0        0x4 CMakeFiles/MotionControlSystem.elf.dir/Middlewares/Third_Party/FreeRTOS/Source/tasks.c.obj
 .bss.pxReadyTasksLists
                0x00000000200018e4      0x460 CMakeFiles/MotionControlSystem.elf.dir/Middlewares/Third_Party/FreeRTOS/Source/tasks.c.obj
 .bss.uxCurrentNumberOfTasks
                0x0000000020001d44        0x4 CMakeFiles/MotionControlSystem.elf.dir/Middlewares/Third_Party/FreeRTOS/Source/tasks.c.obj
 .bss.uxDeletedTasksWaitingCleanUp
                0x0000000020001d48        0x4 CMakeFiles/MotionControlSystem.elf.dir/Middlewares/Third_Party/FreeRTOS/Source/tasks.c.obj
 .bss.uxPendedTicks
                0x0000000020001d4c        0x4 CMakeFiles/MotionControlSystem.elf.dir/Middlewares/Third_Party/FreeRTOS/Source/tasks.c.obj
 .bss.uxSchedulerSuspended
                0x0000000020001d50        0x4 CMakeFiles/MotionControlSystem.elf.dir/Middlewares/Third_Party/FreeRTOS/Source/tasks.c.obj
 .bss.uxTaskNumber
                0x0000000020001d54        0x4 CMakeFiles/MotionControlSystem.elf.dir/Middlewares/Third_Party/FreeRTOS/Source/tasks.c.obj
 .bss.uxTopReadyPriority
                0x0000000020001d58        0x4 CMakeFiles/MotionControlSystem.elf.dir/Middlewares/Third_Party/FreeRTOS/Source/tasks.c.obj
 .bss.xDelayedTaskList1
                0x0000000020001d5c       0x14 CMakeFiles/MotionControlSystem.elf.dir/Middlewares/Third_Party/FreeRTOS/Source/tasks.c.obj
 .bss.xDelayedTaskList2
                0x0000000020001d70       0x14 CMakeFiles/MotionControlSystem.elf.dir/Middlewares/Third_Party/FreeRTOS/Source/tasks.c.obj
 .bss.xIdleTaskHandle
                0x0000000020001d84        0x4 CMakeFiles/MotionControlSystem.elf.dir/Middlewares/Third_Party/FreeRTOS/Source/tasks.c.obj
 .bss.xNextTaskUnblockTime
                0x0000000020001d88        0x4 CMakeFiles/MotionControlSystem.elf.dir/Middlewares/Third_Party/FreeRTOS/Source/tasks.c.obj
 .bss.xNumOfOverflows
                0x0000000020001d8c        0x4 CMakeFiles/MotionControlSystem.elf.dir/Middlewares/Third_Party/FreeRTOS/Source/tasks.c.obj
 .bss.xPendingReadyList
                0x0000000020001d90       0x14 CMakeFiles/MotionControlSystem.elf.dir/Middlewares/Third_Party/FreeRTOS/Source/tasks.c.obj
 .bss.xSchedulerRunning
                0x0000000020001da4        0x4 CMakeFiles/MotionControlSystem.elf.dir/Middlewares/Third_Party/FreeRTOS/Source/tasks.c.obj
 .bss.xSuspendedTaskList
                0x0000000020001da8       0x14 CMakeFiles/MotionControlSystem.elf.dir/Middlewares/Third_Party/FreeRTOS/Source/tasks.c.obj
 .bss.xTasksWaitingTermination
                0x0000000020001dbc       0x14 CMakeFiles/MotionControlSystem.elf.dir/Middlewares/Third_Party/FreeRTOS/Source/tasks.c.obj
 .bss.xTickCount
                0x0000000020001dd0        0x4 CMakeFiles/MotionControlSystem.elf.dir/Middlewares/Third_Party/FreeRTOS/Source/tasks.c.obj
 .bss.xYieldPending
                0x0000000020001dd4        0x4 CMakeFiles/MotionControlSystem.elf.dir/Middlewares/Third_Party/FreeRTOS/Source/tasks.c.obj
 .bss.pxCurrentTimerList
                0x0000000020001dd8        0x4 CMakeFiles/MotionControlSystem.elf.dir/Middlewares/Third_Party/FreeRTOS/Source/timers.c.obj
 .bss.pxOverflowTimerList
                0x0000000020001ddc        0x4 CMakeFiles/MotionControlSystem.elf.dir/Middlewares/Third_Party/FreeRTOS/Source/timers.c.obj
 .bss.ucStaticTimerQueueStorage.1
                0x0000000020001de0       0xa0 CMakeFiles/MotionControlSystem.elf.dir/Middlewares/Third_Party/FreeRTOS/Source/timers.c.obj
 .bss.xActiveTimerList1
                0x0000000020001e80       0x14 CMakeFiles/MotionControlSystem.elf.dir/Middlewares/Third_Party/FreeRTOS/Source/timers.c.obj
 .bss.xActiveTimerList2
                0x0000000020001e94       0x14 CMakeFiles/MotionControlSystem.elf.dir/Middlewares/Third_Party/FreeRTOS/Source/timers.c.obj
 .bss.xLastTime.2
                0x0000000020001ea8        0x4 CMakeFiles/MotionControlSystem.elf.dir/Middlewares/Third_Party/FreeRTOS/Source/timers.c.obj
 .bss.xStaticTimerQueue.0
                0x0000000020001eac       0x50 CMakeFiles/MotionControlSystem.elf.dir/Middlewares/Third_Party/FreeRTOS/Source/timers.c.obj
 .bss.xTimerQueue
                0x0000000020001efc        0x4 CMakeFiles/MotionControlSystem.elf.dir/Middlewares/Third_Party/FreeRTOS/Source/timers.c.obj
 .bss.xTimerTaskHandle
                0x0000000020001f00        0x4 CMakeFiles/MotionControlSystem.elf.dir/Middlewares/Third_Party/FreeRTOS/Source/timers.c.obj
 .bss.__lock___atexit_recursive_mutex
                0x0000000020001f04        0x1 /Applications/ARM/bin/../lib/gcc/arm-none-eabi/10.3.1/../../../../arm-none-eabi/lib/thumb/v7-m/nofp/libg.a(lib_a-lock.o)
                0x0000000020001f04                __lock___atexit_recursive_mutex
 *(COMMON)
                0x0000000020001f08                . = ALIGN (0x4)
 *fill*         0x0000000020001f05        0x3 
                0x0000000020001f08                _ebss = .
                0x0000000020001f08                __bss_end__ = _ebss

._user_heap_stack
                0x0000000020001f08      0x600 load address 0x0000000008004374
                0x0000000020001f08                . = ALIGN (0x8)
                [!provide]                        PROVIDE (end = .)
                0x0000000020001f08                PROVIDE (_end = .)
                0x0000000020002108                . = (. + _Min_Heap_Size)
 *fill*         0x0000000020001f08      0x200 
                0x0000000020002508                . = (. + _Min_Stack_Size)
 *fill*         0x0000000020002108      0x400 
                0x0000000020002508                . = ALIGN (0x8)

/DISCARD/
 libc.a(*)
 libm.a(*)
 libgcc.a(*)

.ARM.attributes
                0x0000000000000000       0x29
 *(.ARM.attributes)
 .ARM.attributes
                0x0000000000000000       0x1d /Applications/ARM/bin/../lib/gcc/arm-none-eabi/10.3.1/thumb/v7-m/nofp/crti.o
 .ARM.attributes
                0x000000000000001d       0x2d /Applications/ARM/bin/../lib/gcc/arm-none-eabi/10.3.1/thumb/v7-m/nofp/crtbegin.o
 .ARM.attributes
                0x000000000000004a       0x2d CMakeFiles/MotionControlSystem.elf.dir/Core/Src/freertos.c.obj
 .ARM.attributes
                0x0000000000000077       0x2d CMakeFiles/MotionControlSystem.elf.dir/Core/Src/gpio.c.obj
 .ARM.attributes
                0x00000000000000a4       0x2d CMakeFiles/MotionControlSystem.elf.dir/Core/Src/key.c.obj
 .ARM.attributes
                0x00000000000000d1       0x2d CMakeFiles/MotionControlSystem.elf.dir/Core/Src/main.c.obj
 .ARM.attributes
                0x00000000000000fe       0x2d CMakeFiles/MotionControlSystem.elf.dir/Core/Src/screen.c.obj
 .ARM.attributes
                0x000000000000012b       0x2d CMakeFiles/MotionControlSystem.elf.dir/Core/Src/servo.c.obj
 .ARM.attributes
                0x0000000000000158       0x2d CMakeFiles/MotionControlSystem.elf.dir/Core/Src/stm32f1xx_hal_msp.c.obj
 .ARM.attributes
                0x0000000000000185       0x2d CMakeFiles/MotionControlSystem.elf.dir/Core/Src/stm32f1xx_hal_timebase_tim.c.obj
 .ARM.attributes
                0x00000000000001b2       0x2d CMakeFiles/MotionControlSystem.elf.dir/Core/Src/stm32f1xx_it.c.obj
 .ARM.attributes
                0x00000000000001df       0x2d CMakeFiles/MotionControlSystem.elf.dir/Core/Src/system_stm32f1xx.c.obj
 .ARM.attributes
                0x000000000000020c       0x2d CMakeFiles/MotionControlSystem.elf.dir/Core/Src/usart.c.obj
 .ARM.attributes
                0x0000000000000239       0x21 CMakeFiles/MotionControlSystem.elf.dir/Core/Startup/startup_stm32f103c8tx.s.obj
 .ARM.attributes
                0x000000000000025a       0x2d CMakeFiles/MotionControlSystem.elf.dir/Drivers/STM32F1xx_HAL_Driver/Src/stm32f1xx_hal.c.obj
 .ARM.attributes
                0x0000000000000287       0x2d CMakeFiles/MotionControlSystem.elf.dir/Drivers/STM32F1xx_HAL_Driver/Src/stm32f1xx_hal_cortex.c.obj
 .ARM.attributes
                0x00000000000002b4       0x2d CMakeFiles/MotionControlSystem.elf.dir/Drivers/STM32F1xx_HAL_Driver/Src/stm32f1xx_hal_dma.c.obj
 .ARM.attributes
                0x00000000000002e1       0x2d CMakeFiles/MotionControlSystem.elf.dir/Drivers/STM32F1xx_HAL_Driver/Src/stm32f1xx_hal_gpio.c.obj
 .ARM.attributes
                0x000000000000030e       0x2d CMakeFiles/MotionControlSystem.elf.dir/Drivers/STM32F1xx_HAL_Driver/Src/stm32f1xx_hal_rcc.c.obj
 .ARM.attributes
                0x000000000000033b       0x2d CMakeFiles/MotionControlSystem.elf.dir/Drivers/STM32F1xx_HAL_Driver/Src/stm32f1xx_hal_tim.c.obj
 .ARM.attributes
                0x0000000000000368       0x2d CMakeFiles/MotionControlSystem.elf.dir/Drivers/STM32F1xx_HAL_Driver/Src/stm32f1xx_hal_tim_ex.c.obj
 .ARM.attributes
                0x0000000000000395       0x2d CMakeFiles/MotionControlSystem.elf.dir/Drivers/STM32F1xx_HAL_Driver/Src/stm32f1xx_hal_uart.c.obj
 .ARM.attributes
                0x00000000000003c2       0x2d CMakeFiles/MotionControlSystem.elf.dir/Middlewares/Third_Party/FreeRTOS/Source/CMSIS_RTOS_V2/cmsis_os2.c.obj
 .ARM.attributes
                0x00000000000003ef       0x2d CMakeFiles/MotionControlSystem.elf.dir/Middlewares/Third_Party/FreeRTOS/Source/list.c.obj
 .ARM.attributes
                0x000000000000041c       0x2d CMakeFiles/MotionControlSystem.elf.dir/Middlewares/Third_Party/FreeRTOS/Source/portable/GCC/ARM_CM3/port.c.obj
 .ARM.attributes
                0x0000000000000449       0x2d CMakeFiles/MotionControlSystem.elf.dir/Middlewares/Third_Party/FreeRTOS/Source/portable/MemMang/heap_4.c.obj
 .ARM.attributes
                0x0000000000000476       0x2d CMakeFiles/MotionControlSystem.elf.dir/Middlewares/Third_Party/FreeRTOS/Source/queue.c.obj
 .ARM.attributes
                0x00000000000004a3       0x2d CMakeFiles/MotionControlSystem.elf.dir/Middlewares/Third_Party/FreeRTOS/Source/tasks.c.obj
 .ARM.attributes
                0x00000000000004d0       0x2d CMakeFiles/MotionControlSystem.elf.dir/Middlewares/Third_Party/FreeRTOS/Source/timers.c.obj
 .ARM.attributes
                0x00000000000004fd       0x2d /Applications/ARM/bin/../lib/gcc/arm-none-eabi/10.3.1/../../../../arm-none-eabi/lib/thumb/v7-m/nofp/libg.a(lib_a-impure.o)
 .ARM.attributes
                0x000000000000052a       0x2d /Applications/ARM/bin/../lib/gcc/arm-none-eabi/10.3.1/../../../../arm-none-eabi/lib/thumb/v7-m/nofp/libg.a(lib_a-init.o)
 .ARM.attributes
                0x0000000000000557       0x1b /Applications/ARM/bin/../lib/gcc/arm-none-eabi/10.3.1/../../../../arm-none-eabi/lib/thumb/v7-m/nofp/libg.a(lib_a-memcpy.o)
 .ARM.attributes
                0x0000000000000572       0x2d /Applications/ARM/bin/../lib/gcc/arm-none-eabi/10.3.1/../../../../arm-none-eabi/lib/thumb/v7-m/nofp/libg.a(lib_a-memset.o)
 .ARM.attributes
                0x000000000000059f       0x2d /Applications/ARM/bin/../lib/gcc/arm-none-eabi/10.3.1/../../../../arm-none-eabi/lib/thumb/v7-m/nofp/libg.a(lib_a-__call_atexit.o)
 .ARM.attributes
                0x00000000000005cc       0x2d /Applications/ARM/bin/../lib/gcc/arm-none-eabi/10.3.1/../../../../arm-none-eabi/lib/thumb/v7-m/nofp/libg.a(lib_a-atexit.o)
 .ARM.attributes
                0x00000000000005f9       0x2d /Applications/ARM/bin/../lib/gcc/arm-none-eabi/10.3.1/../../../../arm-none-eabi/lib/thumb/v7-m/nofp/libg.a(lib_a-fini.o)
 .ARM.attributes
                0x0000000000000626       0x2d /Applications/ARM/bin/../lib/gcc/arm-none-eabi/10.3.1/../../../../arm-none-eabi/lib/thumb/v7-m/nofp/libg.a(lib_a-lock.o)
 .ARM.attributes
                0x0000000000000653       0x2d /Applications/ARM/bin/../lib/gcc/arm-none-eabi/10.3.1/../../../../arm-none-eabi/lib/thumb/v7-m/nofp/libg.a(lib_a-__atexit.o)
 .ARM.attributes
                0x0000000000000680       0x1d /Applications/ARM/bin/../lib/gcc/arm-none-eabi/10.3.1/thumb/v7-m/nofp/crtn.o
OUTPUT(MotionControlSystem.elf elf32-littlearm)
LOAD linker stubs
LOAD /Applications/ARM/bin/../lib/gcc/arm-none-eabi/10.3.1/../../../../arm-none-eabi/lib/thumb/v7-m/nofp/libc.a
LOAD /Applications/ARM/bin/../lib/gcc/arm-none-eabi/10.3.1/../../../../arm-none-eabi/lib/thumb/v7-m/nofp/libm.a
LOAD /Applications/ARM/bin/../lib/gcc/arm-none-eabi/10.3.1/thumb/v7-m/nofp/libgcc.a

.debug_info     0x0000000000000000    0x1d9cc
 .debug_info    0x0000000000000000      0x825 CMakeFiles/MotionControlSystem.elf.dir/Core/Src/freertos.c.obj
 .debug_info    0x0000000000000825      0x4a1 CMakeFiles/MotionControlSystem.elf.dir/Core/Src/gpio.c.obj
 .debug_info    0x0000000000000cc6      0x248 CMakeFiles/MotionControlSystem.elf.dir/Core/Src/key.c.obj
 .debug_info    0x0000000000000f0e      0xa8c CMakeFiles/MotionControlSystem.elf.dir/Core/Src/main.c.obj
 .debug_info    0x000000000000199a      0x1e5 CMakeFiles/MotionControlSystem.elf.dir/Core/Src/screen.c.obj
 .debug_info    0x0000000000001b7f      0x73c CMakeFiles/MotionControlSystem.elf.dir/Core/Src/servo.c.obj
 .debug_info    0x00000000000022bb      0x387 CMakeFiles/MotionControlSystem.elf.dir/Core/Src/stm32f1xx_hal_msp.c.obj
 .debug_info    0x0000000000002642      0xa12 CMakeFiles/MotionControlSystem.elf.dir/Core/Src/stm32f1xx_hal_timebase_tim.c.obj
 .debug_info    0x0000000000003054      0xa2d CMakeFiles/MotionControlSystem.elf.dir/Core/Src/stm32f1xx_it.c.obj
 .debug_info    0x0000000000003a81      0x248 CMakeFiles/MotionControlSystem.elf.dir/Core/Src/system_stm32f1xx.c.obj
 .debug_info    0x0000000000003cc9      0xc50 CMakeFiles/MotionControlSystem.elf.dir/Core/Src/usart.c.obj
 .debug_info    0x0000000000004919       0x22 CMakeFiles/MotionControlSystem.elf.dir/Core/Startup/startup_stm32f103c8tx.s.obj
 .debug_info    0x000000000000493b      0x7a8 CMakeFiles/MotionControlSystem.elf.dir/Drivers/STM32F1xx_HAL_Driver/Src/stm32f1xx_hal.c.obj
 .debug_info    0x00000000000050e3      0xd8a CMakeFiles/MotionControlSystem.elf.dir/Drivers/STM32F1xx_HAL_Driver/Src/stm32f1xx_hal_cortex.c.obj
 .debug_info    0x0000000000005e6d      0x84b CMakeFiles/MotionControlSystem.elf.dir/Drivers/STM32F1xx_HAL_Driver/Src/stm32f1xx_hal_dma.c.obj
 .debug_info    0x00000000000066b8      0x66f CMakeFiles/MotionControlSystem.elf.dir/Drivers/STM32F1xx_HAL_Driver/Src/stm32f1xx_hal_gpio.c.obj
 .debug_info    0x0000000000006d27      0xa3b CMakeFiles/MotionControlSystem.elf.dir/Drivers/STM32F1xx_HAL_Driver/Src/stm32f1xx_hal_rcc.c.obj
 .debug_info    0x0000000000007762     0x3d52 CMakeFiles/MotionControlSystem.elf.dir/Drivers/STM32F1xx_HAL_Driver/Src/stm32f1xx_hal_tim.c.obj
 .debug_info    0x000000000000b4b4     0x1abb CMakeFiles/MotionControlSystem.elf.dir/Drivers/STM32F1xx_HAL_Driver/Src/stm32f1xx_hal_tim_ex.c.obj
 .debug_info    0x000000000000cf6f     0x4212 CMakeFiles/MotionControlSystem.elf.dir/Drivers/STM32F1xx_HAL_Driver/Src/stm32f1xx_hal_uart.c.obj
 .debug_info    0x0000000000011181     0x4b1f CMakeFiles/MotionControlSystem.elf.dir/Middlewares/Third_Party/FreeRTOS/Source/CMSIS_RTOS_V2/cmsis_os2.c.obj
 .debug_info    0x0000000000015ca0      0x2da CMakeFiles/MotionControlSystem.elf.dir/Middlewares/Third_Party/FreeRTOS/Source/list.c.obj
 .debug_info    0x0000000000015f7a      0x52b CMakeFiles/MotionControlSystem.elf.dir/Middlewares/Third_Party/FreeRTOS/Source/portable/GCC/ARM_CM3/port.c.obj
 .debug_info    0x00000000000164a5      0x471 CMakeFiles/MotionControlSystem.elf.dir/Middlewares/Third_Party/FreeRTOS/Source/portable/MemMang/heap_4.c.obj
 .debug_info    0x0000000000016916     0x2733 CMakeFiles/MotionControlSystem.elf.dir/Middlewares/Third_Party/FreeRTOS/Source/queue.c.obj
 .debug_info    0x0000000000019049     0x301a CMakeFiles/MotionControlSystem.elf.dir/Middlewares/Third_Party/FreeRTOS/Source/tasks.c.obj
 .debug_info    0x000000000001c063     0x1969 CMakeFiles/MotionControlSystem.elf.dir/Middlewares/Third_Party/FreeRTOS/Source/timers.c.obj

.debug_abbrev   0x0000000000000000     0x381e
 .debug_abbrev  0x0000000000000000      0x21a CMakeFiles/MotionControlSystem.elf.dir/Core/Src/freertos.c.obj
 .debug_abbrev  0x000000000000021a      0x158 CMakeFiles/MotionControlSystem.elf.dir/Core/Src/gpio.c.obj
 .debug_abbrev  0x0000000000000372      0x135 CMakeFiles/MotionControlSystem.elf.dir/Core/Src/key.c.obj
 .debug_abbrev  0x00000000000004a7      0x215 CMakeFiles/MotionControlSystem.elf.dir/Core/Src/main.c.obj
 .debug_abbrev  0x00000000000006bc       0xd7 CMakeFiles/MotionControlSystem.elf.dir/Core/Src/screen.c.obj
 .debug_abbrev  0x0000000000000793      0x202 CMakeFiles/MotionControlSystem.elf.dir/Core/Src/servo.c.obj
 .debug_abbrev  0x0000000000000995      0x12d CMakeFiles/MotionControlSystem.elf.dir/Core/Src/stm32f1xx_hal_msp.c.obj
 .debug_abbrev  0x0000000000000ac2      0x1ec CMakeFiles/MotionControlSystem.elf.dir/Core/Src/stm32f1xx_hal_timebase_tim.c.obj
 .debug_abbrev  0x0000000000000cae      0x1b7 CMakeFiles/MotionControlSystem.elf.dir/Core/Src/stm32f1xx_it.c.obj
 .debug_abbrev  0x0000000000000e65      0x13e CMakeFiles/MotionControlSystem.elf.dir/Core/Src/system_stm32f1xx.c.obj
 .debug_abbrev  0x0000000000000fa3      0x1d1 CMakeFiles/MotionControlSystem.elf.dir/Core/Src/usart.c.obj
 .debug_abbrev  0x0000000000001174       0x12 CMakeFiles/MotionControlSystem.elf.dir/Core/Startup/startup_stm32f103c8tx.s.obj
 .debug_abbrev  0x0000000000001186      0x1f4 CMakeFiles/MotionControlSystem.elf.dir/Drivers/STM32F1xx_HAL_Driver/Src/stm32f1xx_hal.c.obj
 .debug_abbrev  0x000000000000137a      0x341 CMakeFiles/MotionControlSystem.elf.dir/Drivers/STM32F1xx_HAL_Driver/Src/stm32f1xx_hal_cortex.c.obj
 .debug_abbrev  0x00000000000016bb      0x223 CMakeFiles/MotionControlSystem.elf.dir/Drivers/STM32F1xx_HAL_Driver/Src/stm32f1xx_hal_dma.c.obj
 .debug_abbrev  0x00000000000018de      0x1e6 CMakeFiles/MotionControlSystem.elf.dir/Drivers/STM32F1xx_HAL_Driver/Src/stm32f1xx_hal_gpio.c.obj
 .debug_abbrev  0x0000000000001ac4      0x27a CMakeFiles/MotionControlSystem.elf.dir/Drivers/STM32F1xx_HAL_Driver/Src/stm32f1xx_hal_rcc.c.obj
 .debug_abbrev  0x0000000000001d3e      0x245 CMakeFiles/MotionControlSystem.elf.dir/Drivers/STM32F1xx_HAL_Driver/Src/stm32f1xx_hal_tim.c.obj
 .debug_abbrev  0x0000000000001f83      0x248 CMakeFiles/MotionControlSystem.elf.dir/Drivers/STM32F1xx_HAL_Driver/Src/stm32f1xx_hal_tim_ex.c.obj
 .debug_abbrev  0x00000000000021cb      0x2dd CMakeFiles/MotionControlSystem.elf.dir/Drivers/STM32F1xx_HAL_Driver/Src/stm32f1xx_hal_uart.c.obj
 .debug_abbrev  0x00000000000024a8      0x418 CMakeFiles/MotionControlSystem.elf.dir/Middlewares/Third_Party/FreeRTOS/Source/CMSIS_RTOS_V2/cmsis_os2.c.obj
 .debug_abbrev  0x00000000000028c0      0x106 CMakeFiles/MotionControlSystem.elf.dir/Middlewares/Third_Party/FreeRTOS/Source/list.c.obj
 .debug_abbrev  0x00000000000029c6      0x27e CMakeFiles/MotionControlSystem.elf.dir/Middlewares/Third_Party/FreeRTOS/Source/portable/GCC/ARM_CM3/port.c.obj
 .debug_abbrev  0x0000000000002c44      0x238 CMakeFiles/MotionControlSystem.elf.dir/Middlewares/Third_Party/FreeRTOS/Source/portable/MemMang/heap_4.c.obj
 .debug_abbrev  0x0000000000002e7c      0x38c CMakeFiles/MotionControlSystem.elf.dir/Middlewares/Third_Party/FreeRTOS/Source/queue.c.obj
 .debug_abbrev  0x0000000000003208      0x313 CMakeFiles/MotionControlSystem.elf.dir/Middlewares/Third_Party/FreeRTOS/Source/tasks.c.obj
 .debug_abbrev  0x000000000000351b      0x303 CMakeFiles/MotionControlSystem.elf.dir/Middlewares/Third_Party/FreeRTOS/Source/timers.c.obj

.debug_loc      0x0000000000000000    0x17fe6
 .debug_loc     0x0000000000000000       0xab CMakeFiles/MotionControlSystem.elf.dir/Core/Src/freertos.c.obj
 .debug_loc     0x00000000000000ab       0x42 CMakeFiles/MotionControlSystem.elf.dir/Core/Src/main.c.obj
 .debug_loc     0x00000000000000ed      0x10b CMakeFiles/MotionControlSystem.elf.dir/Core/Src/servo.c.obj
 .debug_loc     0x00000000000001f8       0x15 CMakeFiles/MotionControlSystem.elf.dir/Core/Src/stm32f1xx_hal_msp.c.obj
 .debug_loc     0x000000000000020d       0x89 CMakeFiles/MotionControlSystem.elf.dir/Core/Src/stm32f1xx_hal_timebase_tim.c.obj
 .debug_loc     0x0000000000000296       0xff CMakeFiles/MotionControlSystem.elf.dir/Core/Src/system_stm32f1xx.c.obj
 .debug_loc     0x0000000000000395       0xf8 CMakeFiles/MotionControlSystem.elf.dir/Core/Src/usart.c.obj
 .debug_loc     0x000000000000048d      0x141 CMakeFiles/MotionControlSystem.elf.dir/Drivers/STM32F1xx_HAL_Driver/Src/stm32f1xx_hal.c.obj
 .debug_loc     0x00000000000005ce      0x71f CMakeFiles/MotionControlSystem.elf.dir/Drivers/STM32F1xx_HAL_Driver/Src/stm32f1xx_hal_cortex.c.obj
 .debug_loc     0x0000000000000ced      0x7d1 CMakeFiles/MotionControlSystem.elf.dir/Drivers/STM32F1xx_HAL_Driver/Src/stm32f1xx_hal_dma.c.obj
 .debug_loc     0x00000000000014be      0x47d CMakeFiles/MotionControlSystem.elf.dir/Drivers/STM32F1xx_HAL_Driver/Src/stm32f1xx_hal_gpio.c.obj
 .debug_loc     0x000000000000193b      0x618 CMakeFiles/MotionControlSystem.elf.dir/Drivers/STM32F1xx_HAL_Driver/Src/stm32f1xx_hal_rcc.c.obj
 .debug_loc     0x0000000000001f53     0x50fa CMakeFiles/MotionControlSystem.elf.dir/Drivers/STM32F1xx_HAL_Driver/Src/stm32f1xx_hal_tim.c.obj
 .debug_loc     0x000000000000704d     0x1c93 CMakeFiles/MotionControlSystem.elf.dir/Drivers/STM32F1xx_HAL_Driver/Src/stm32f1xx_hal_tim_ex.c.obj
 .debug_loc     0x0000000000008ce0     0x487b CMakeFiles/MotionControlSystem.elf.dir/Drivers/STM32F1xx_HAL_Driver/Src/stm32f1xx_hal_uart.c.obj
 .debug_loc     0x000000000000d55b     0x579d CMakeFiles/MotionControlSystem.elf.dir/Middlewares/Third_Party/FreeRTOS/Source/CMSIS_RTOS_V2/cmsis_os2.c.obj
 .debug_loc     0x0000000000012cf8       0xad CMakeFiles/MotionControlSystem.elf.dir/Middlewares/Third_Party/FreeRTOS/Source/list.c.obj
 .debug_loc     0x0000000000012da5       0xe8 CMakeFiles/MotionControlSystem.elf.dir/Middlewares/Third_Party/FreeRTOS/Source/portable/GCC/ARM_CM3/port.c.obj
 .debug_loc     0x0000000000012e8d      0x331 CMakeFiles/MotionControlSystem.elf.dir/Middlewares/Third_Party/FreeRTOS/Source/portable/MemMang/heap_4.c.obj
 .debug_loc     0x00000000000131be     0x19de CMakeFiles/MotionControlSystem.elf.dir/Middlewares/Third_Party/FreeRTOS/Source/queue.c.obj
 .debug_loc     0x0000000000014b9c     0x24bc CMakeFiles/MotionControlSystem.elf.dir/Middlewares/Third_Party/FreeRTOS/Source/tasks.c.obj
 .debug_loc     0x0000000000017058      0xf8e CMakeFiles/MotionControlSystem.elf.dir/Middlewares/Third_Party/FreeRTOS/Source/timers.c.obj

.debug_aranges  0x0000000000000000     0x13f0
 .debug_aranges
                0x0000000000000000       0x40 CMakeFiles/MotionControlSystem.elf.dir/Core/Src/freertos.c.obj
 .debug_aranges
                0x0000000000000040       0x20 CMakeFiles/MotionControlSystem.elf.dir/Core/Src/gpio.c.obj
 .debug_aranges
                0x0000000000000060       0x28 CMakeFiles/MotionControlSystem.elf.dir/Core/Src/key.c.obj
 .debug_aranges
                0x0000000000000088       0x40 CMakeFiles/MotionControlSystem.elf.dir/Core/Src/main.c.obj
 .debug_aranges
                0x00000000000000c8       0x28 CMakeFiles/MotionControlSystem.elf.dir/Core/Src/screen.c.obj
 .debug_aranges
                0x00000000000000f0       0x38 CMakeFiles/MotionControlSystem.elf.dir/Core/Src/servo.c.obj
 .debug_aranges
                0x0000000000000128       0x20 CMakeFiles/MotionControlSystem.elf.dir/Core/Src/stm32f1xx_hal_msp.c.obj
 .debug_aranges
                0x0000000000000148       0x30 CMakeFiles/MotionControlSystem.elf.dir/Core/Src/stm32f1xx_hal_timebase_tim.c.obj
 .debug_aranges
                0x0000000000000178       0x70 CMakeFiles/MotionControlSystem.elf.dir/Core/Src/stm32f1xx_it.c.obj
 .debug_aranges
                0x00000000000001e8       0x28 CMakeFiles/MotionControlSystem.elf.dir/Core/Src/system_stm32f1xx.c.obj
 .debug_aranges
                0x0000000000000210       0x40 CMakeFiles/MotionControlSystem.elf.dir/Core/Src/usart.c.obj
 .debug_aranges
                0x0000000000000250       0x28 CMakeFiles/MotionControlSystem.elf.dir/Core/Startup/startup_stm32f103c8tx.s.obj
 .debug_aranges
                0x0000000000000278       0xe0 CMakeFiles/MotionControlSystem.elf.dir/Drivers/STM32F1xx_HAL_Driver/Src/stm32f1xx_hal.c.obj
 .debug_aranges
                0x0000000000000358       0x90 CMakeFiles/MotionControlSystem.elf.dir/Drivers/STM32F1xx_HAL_Driver/Src/stm32f1xx_hal_cortex.c.obj
 .debug_aranges
                0x00000000000003e8       0x80 CMakeFiles/MotionControlSystem.elf.dir/Drivers/STM32F1xx_HAL_Driver/Src/stm32f1xx_hal_dma.c.obj
 .debug_aranges
                0x0000000000000468       0x58 CMakeFiles/MotionControlSystem.elf.dir/Drivers/STM32F1xx_HAL_Driver/Src/stm32f1xx_hal_gpio.c.obj
 .debug_aranges
                0x00000000000004c0       0x90 CMakeFiles/MotionControlSystem.elf.dir/Drivers/STM32F1xx_HAL_Driver/Src/stm32f1xx_hal_rcc.c.obj
 .debug_aranges
                0x0000000000000550      0x3d0 CMakeFiles/MotionControlSystem.elf.dir/Drivers/STM32F1xx_HAL_Driver/Src/stm32f1xx_hal_tim.c.obj
 .debug_aranges
                0x0000000000000920      0x168 CMakeFiles/MotionControlSystem.elf.dir/Drivers/STM32F1xx_HAL_Driver/Src/stm32f1xx_hal_tim_ex.c.obj
 .debug_aranges
                0x0000000000000a88      0x208 CMakeFiles/MotionControlSystem.elf.dir/Drivers/STM32F1xx_HAL_Driver/Src/stm32f1xx_hal_uart.c.obj
 .debug_aranges
                0x0000000000000c90      0x228 CMakeFiles/MotionControlSystem.elf.dir/Middlewares/Third_Party/FreeRTOS/Source/CMSIS_RTOS_V2/cmsis_os2.c.obj
 .debug_aranges
                0x0000000000000eb8       0x40 CMakeFiles/MotionControlSystem.elf.dir/Middlewares/Third_Party/FreeRTOS/Source/list.c.obj
 .debug_aranges
                0x0000000000000ef8       0x78 CMakeFiles/MotionControlSystem.elf.dir/Middlewares/Third_Party/FreeRTOS/Source/portable/GCC/ARM_CM3/port.c.obj
 .debug_aranges
                0x0000000000000f70       0x50 CMakeFiles/MotionControlSystem.elf.dir/Middlewares/Third_Party/FreeRTOS/Source/portable/MemMang/heap_4.c.obj
 .debug_aranges
                0x0000000000000fc0      0x158 CMakeFiles/MotionControlSystem.elf.dir/Middlewares/Third_Party/FreeRTOS/Source/queue.c.obj
 .debug_aranges
                0x0000000000001118      0x1f8 CMakeFiles/MotionControlSystem.elf.dir/Middlewares/Third_Party/FreeRTOS/Source/tasks.c.obj
 .debug_aranges
                0x0000000000001310       0xe0 CMakeFiles/MotionControlSystem.elf.dir/Middlewares/Third_Party/FreeRTOS/Source/timers.c.obj

.debug_ranges   0x0000000000000000     0x14e8
 .debug_ranges  0x0000000000000000       0x30 CMakeFiles/MotionControlSystem.elf.dir/Core/Src/freertos.c.obj
 .debug_ranges  0x0000000000000030       0x10 CMakeFiles/MotionControlSystem.elf.dir/Core/Src/gpio.c.obj
 .debug_ranges  0x0000000000000040       0x18 CMakeFiles/MotionControlSystem.elf.dir/Core/Src/key.c.obj
 .debug_ranges  0x0000000000000058       0x30 CMakeFiles/MotionControlSystem.elf.dir/Core/Src/main.c.obj
 .debug_ranges  0x0000000000000088       0x18 CMakeFiles/MotionControlSystem.elf.dir/Core/Src/screen.c.obj
 .debug_ranges  0x00000000000000a0       0x28 CMakeFiles/MotionControlSystem.elf.dir/Core/Src/servo.c.obj
 .debug_ranges  0x00000000000000c8       0x10 CMakeFiles/MotionControlSystem.elf.dir/Core/Src/stm32f1xx_hal_msp.c.obj
 .debug_ranges  0x00000000000000d8       0x20 CMakeFiles/MotionControlSystem.elf.dir/Core/Src/stm32f1xx_hal_timebase_tim.c.obj
 .debug_ranges  0x00000000000000f8       0x60 CMakeFiles/MotionControlSystem.elf.dir/Core/Src/stm32f1xx_it.c.obj
 .debug_ranges  0x0000000000000158       0x18 CMakeFiles/MotionControlSystem.elf.dir/Core/Src/system_stm32f1xx.c.obj
 .debug_ranges  0x0000000000000170       0x30 CMakeFiles/MotionControlSystem.elf.dir/Core/Src/usart.c.obj
 .debug_ranges  0x00000000000001a0       0x20 CMakeFiles/MotionControlSystem.elf.dir/Core/Startup/startup_stm32f103c8tx.s.obj
 .debug_ranges  0x00000000000001c0       0xd0 CMakeFiles/MotionControlSystem.elf.dir/Drivers/STM32F1xx_HAL_Driver/Src/stm32f1xx_hal.c.obj
 .debug_ranges  0x0000000000000290       0xe0 CMakeFiles/MotionControlSystem.elf.dir/Drivers/STM32F1xx_HAL_Driver/Src/stm32f1xx_hal_cortex.c.obj
 .debug_ranges  0x0000000000000370       0x70 CMakeFiles/MotionControlSystem.elf.dir/Drivers/STM32F1xx_HAL_Driver/Src/stm32f1xx_hal_dma.c.obj
 .debug_ranges  0x00000000000003e0       0x48 CMakeFiles/MotionControlSystem.elf.dir/Drivers/STM32F1xx_HAL_Driver/Src/stm32f1xx_hal_gpio.c.obj
 .debug_ranges  0x0000000000000428       0xa0 CMakeFiles/MotionControlSystem.elf.dir/Drivers/STM32F1xx_HAL_Driver/Src/stm32f1xx_hal_rcc.c.obj
 .debug_ranges  0x00000000000004c8      0x3c0 CMakeFiles/MotionControlSystem.elf.dir/Drivers/STM32F1xx_HAL_Driver/Src/stm32f1xx_hal_tim.c.obj
 .debug_ranges  0x0000000000000888      0x158 CMakeFiles/MotionControlSystem.elf.dir/Drivers/STM32F1xx_HAL_Driver/Src/stm32f1xx_hal_tim_ex.c.obj
 .debug_ranges  0x00000000000009e0      0x210 CMakeFiles/MotionControlSystem.elf.dir/Drivers/STM32F1xx_HAL_Driver/Src/stm32f1xx_hal_uart.c.obj
 .debug_ranges  0x0000000000000bf0      0x218 CMakeFiles/MotionControlSystem.elf.dir/Middlewares/Third_Party/FreeRTOS/Source/CMSIS_RTOS_V2/cmsis_os2.c.obj
 .debug_ranges  0x0000000000000e08       0x30 CMakeFiles/MotionControlSystem.elf.dir/Middlewares/Third_Party/FreeRTOS/Source/list.c.obj
 .debug_ranges  0x0000000000000e38       0x68 CMakeFiles/MotionControlSystem.elf.dir/Middlewares/Third_Party/FreeRTOS/Source/portable/GCC/ARM_CM3/port.c.obj
 .debug_ranges  0x0000000000000ea0       0x40 CMakeFiles/MotionControlSystem.elf.dir/Middlewares/Third_Party/FreeRTOS/Source/portable/MemMang/heap_4.c.obj
 .debug_ranges  0x0000000000000ee0      0x218 CMakeFiles/MotionControlSystem.elf.dir/Middlewares/Third_Party/FreeRTOS/Source/queue.c.obj
 .debug_ranges  0x00000000000010f8      0x320 CMakeFiles/MotionControlSystem.elf.dir/Middlewares/Third_Party/FreeRTOS/Source/tasks.c.obj
 .debug_ranges  0x0000000000001418       0xd0 CMakeFiles/MotionControlSystem.elf.dir/Middlewares/Third_Party/FreeRTOS/Source/timers.c.obj

.debug_line     0x0000000000000000    0x197f8
 .debug_line    0x0000000000000000      0x6a0 CMakeFiles/MotionControlSystem.elf.dir/Core/Src/freertos.c.obj
 .debug_line    0x00000000000006a0      0x281 CMakeFiles/MotionControlSystem.elf.dir/Core/Src/gpio.c.obj
 .debug_line    0x0000000000000921      0x36d CMakeFiles/MotionControlSystem.elf.dir/Core/Src/key.c.obj
 .debug_line    0x0000000000000c8e      0x53c CMakeFiles/MotionControlSystem.elf.dir/Core/Src/main.c.obj
 .debug_line    0x00000000000011ca      0x1b3 CMakeFiles/MotionControlSystem.elf.dir/Core/Src/screen.c.obj
 .debug_line    0x000000000000137d      0x387 CMakeFiles/MotionControlSystem.elf.dir/Core/Src/servo.c.obj
 .debug_line    0x0000000000001704      0x232 CMakeFiles/MotionControlSystem.elf.dir/Core/Src/stm32f1xx_hal_msp.c.obj
 .debug_line    0x0000000000001936      0x31b CMakeFiles/MotionControlSystem.elf.dir/Core/Src/stm32f1xx_hal_timebase_tim.c.obj
 .debug_line    0x0000000000001c51      0x3a9 CMakeFiles/MotionControlSystem.elf.dir/Core/Src/stm32f1xx_it.c.obj
 .debug_line    0x0000000000001ffa      0x278 CMakeFiles/MotionControlSystem.elf.dir/Core/Src/system_stm32f1xx.c.obj
 .debug_line    0x0000000000002272      0x56d CMakeFiles/MotionControlSystem.elf.dir/Core/Src/usart.c.obj
 .debug_line    0x00000000000027df       0xcb CMakeFiles/MotionControlSystem.elf.dir/Core/Startup/startup_stm32f103c8tx.s.obj
 .debug_line    0x00000000000028aa      0x5f0 CMakeFiles/MotionControlSystem.elf.dir/Drivers/STM32F1xx_HAL_Driver/Src/stm32f1xx_hal.c.obj
 .debug_line    0x0000000000002e9a      0x6b3 CMakeFiles/MotionControlSystem.elf.dir/Drivers/STM32F1xx_HAL_Driver/Src/stm32f1xx_hal_cortex.c.obj
 .debug_line    0x000000000000354d      0xad4 CMakeFiles/MotionControlSystem.elf.dir/Drivers/STM32F1xx_HAL_Driver/Src/stm32f1xx_hal_dma.c.obj
 .debug_line    0x0000000000004021      0x65b CMakeFiles/MotionControlSystem.elf.dir/Drivers/STM32F1xx_HAL_Driver/Src/stm32f1xx_hal_gpio.c.obj
 .debug_line    0x000000000000467c      0xc98 CMakeFiles/MotionControlSystem.elf.dir/Drivers/STM32F1xx_HAL_Driver/Src/stm32f1xx_hal_rcc.c.obj
 .debug_line    0x0000000000005314     0x49f3 CMakeFiles/MotionControlSystem.elf.dir/Drivers/STM32F1xx_HAL_Driver/Src/stm32f1xx_hal_tim.c.obj
 .debug_line    0x0000000000009d07     0x1c68 CMakeFiles/MotionControlSystem.elf.dir/Drivers/STM32F1xx_HAL_Driver/Src/stm32f1xx_hal_tim_ex.c.obj
 .debug_line    0x000000000000b96f     0x4465 CMakeFiles/MotionControlSystem.elf.dir/Drivers/STM32F1xx_HAL_Driver/Src/stm32f1xx_hal_uart.c.obj
 .debug_line    0x000000000000fdd4     0x2dfb CMakeFiles/MotionControlSystem.elf.dir/Middlewares/Third_Party/FreeRTOS/Source/CMSIS_RTOS_V2/cmsis_os2.c.obj
 .debug_line    0x0000000000012bcf      0x3ee CMakeFiles/MotionControlSystem.elf.dir/Middlewares/Third_Party/FreeRTOS/Source/list.c.obj
 .debug_line    0x0000000000012fbd      0x69f CMakeFiles/MotionControlSystem.elf.dir/Middlewares/Third_Party/FreeRTOS/Source/portable/GCC/ARM_CM3/port.c.obj
 .debug_line    0x000000000001365c      0x6c9 CMakeFiles/MotionControlSystem.elf.dir/Middlewares/Third_Party/FreeRTOS/Source/portable/MemMang/heap_4.c.obj
 .debug_line    0x0000000000013d25     0x206d CMakeFiles/MotionControlSystem.elf.dir/Middlewares/Third_Party/FreeRTOS/Source/queue.c.obj
 .debug_line    0x0000000000015d92     0x2c25 CMakeFiles/MotionControlSystem.elf.dir/Middlewares/Third_Party/FreeRTOS/Source/tasks.c.obj
 .debug_line    0x00000000000189b7      0xe41 CMakeFiles/MotionControlSystem.elf.dir/Middlewares/Third_Party/FreeRTOS/Source/timers.c.obj

.debug_str      0x0000000000000000     0x7043
 .debug_str     0x0000000000000000      0x868 CMakeFiles/MotionControlSystem.elf.dir/Core/Src/freertos.c.obj
                                        0x8c0 (size before relaxing)
 .debug_str     0x0000000000000868      0x3e2 CMakeFiles/MotionControlSystem.elf.dir/Core/Src/gpio.c.obj
                                        0x602 (size before relaxing)
 .debug_str     0x0000000000000c4a       0x7c CMakeFiles/MotionControlSystem.elf.dir/Core/Src/key.c.obj
                                        0x2a8 (size before relaxing)
 .debug_str     0x0000000000000cc6      0x6f1 CMakeFiles/MotionControlSystem.elf.dir/Core/Src/main.c.obj
                                        0x9a8 (size before relaxing)