Archive member included to satisfy reference by file (symbol)

/Applications/ARM/bin/../lib/gcc/arm-none-eabi/10.3.1/../../../../arm-none-eabi/lib/thumb/v7-m/nofp/libg.a(lib_a-errno.o)
                              CMakeFiles/MotionControlSystem.elf.dir/Core/Src/syscalls.c.obj (__errno)
/Applications/ARM/bin/../lib/gcc/arm-none-eabi/10.3.1/../../../../arm-none-eabi/lib/thumb/v7-m/nofp/libg.a(lib_a-exit.o)
                              /Applications/ARM/bin/../lib/gcc/arm-none-eabi/10.3.1/../../../../arm-none-eabi/lib/thumb/v7-m/nofp/crt0.o (exit)
/Applications/ARM/bin/../lib/gcc/arm-none-eabi/10.3.1/../../../../arm-none-eabi/lib/thumb/v7-m/nofp/libg.a(lib_a-impure.o)
                              /Applications/ARM/bin/../lib/gcc/arm-none-eabi/10.3.1/../../../../arm-none-eabi/lib/thumb/v7-m/nofp/libg.a(lib_a-exit.o) (_global_impure_ptr)
/Applications/ARM/bin/../lib/gcc/arm-none-eabi/10.3.1/../../../../arm-none-eabi/lib/thumb/v7-m/nofp/libg.a(lib_a-init.o)
                              /Applications/ARM/bin/../lib/gcc/arm-none-eabi/10.3.1/../../../../arm-none-eabi/lib/thumb/v7-m/nofp/crt0.o (__libc_init_array)
/Applications/ARM/bin/../lib/gcc/arm-none-eabi/10.3.1/../../../../arm-none-eabi/lib/thumb/v7-m/nofp/libg.a(lib_a-memcpy.o)
                              CMakeFiles/MotionControlSystem.elf.dir/Middlewares/Third_Party/FreeRTOS/Source/CMSIS_RTOS_V2/cmsis_os2.c.obj (memcpy)
/Applications/ARM/bin/../lib/gcc/arm-none-eabi/10.3.1/../../../../arm-none-eabi/lib/thumb/v7-m/nofp/libg.a(lib_a-memset.o)
                              /Applications/ARM/bin/../lib/gcc/arm-none-eabi/10.3.1/../../../../arm-none-eabi/lib/thumb/v7-m/nofp/crt0.o (memset)
/Applications/ARM/bin/../lib/gcc/arm-none-eabi/10.3.1/../../../../arm-none-eabi/lib/thumb/v7-m/nofp/libg.a(lib_a-__call_atexit.o)
                              /Applications/ARM/bin/../lib/gcc/arm-none-eabi/10.3.1/../../../../arm-none-eabi/lib/thumb/v7-m/nofp/libg.a(lib_a-exit.o) (__call_exitprocs)
/Applications/ARM/bin/../lib/gcc/arm-none-eabi/10.3.1/../../../../arm-none-eabi/lib/thumb/v7-m/nofp/libg.a(lib_a-atexit.o)
                              /Applications/ARM/bin/../lib/gcc/arm-none-eabi/10.3.1/../../../../arm-none-eabi/lib/thumb/v7-m/nofp/libg.a(lib_a-__call_atexit.o) (atexit)
/Applications/ARM/bin/../lib/gcc/arm-none-eabi/10.3.1/../../../../arm-none-eabi/lib/thumb/v7-m/nofp/libg.a(lib_a-fini.o)
                              /Applications/ARM/bin/../lib/gcc/arm-none-eabi/10.3.1/../../../../arm-none-eabi/lib/thumb/v7-m/nofp/libg.a(lib_a-__call_atexit.o) (__libc_fini_array)
/Applications/ARM/bin/../lib/gcc/arm-none-eabi/10.3.1/../../../../arm-none-eabi/lib/thumb/v7-m/nofp/libg.a(lib_a-lock.o)
                              /Applications/ARM/bin/../lib/gcc/arm-none-eabi/10.3.1/../../../../arm-none-eabi/lib/thumb/v7-m/nofp/libg.a(lib_a-__call_atexit.o) (__retarget_lock_acquire_recursive)
/Applications/ARM/bin/../lib/gcc/arm-none-eabi/10.3.1/../../../../arm-none-eabi/lib/thumb/v7-m/nofp/libg.a(lib_a-__atexit.o)
                              /Applications/ARM/bin/../lib/gcc/arm-none-eabi/10.3.1/../../../../arm-none-eabi/lib/thumb/v7-m/nofp/libg.a(lib_a-atexit.o) (__register_exitproc)

Discarded input sections

 .text          0x0000000000000000        0x0 /Applications/ARM/bin/../lib/gcc/arm-none-eabi/10.3.1/thumb/v7-m/nofp/crti.o
 .data          0x0000000000000000        0x0 /Applications/ARM/bin/../lib/gcc/arm-none-eabi/10.3.1/thumb/v7-m/nofp/crti.o
 .bss           0x0000000000000000        0x0 /Applications/ARM/bin/../lib/gcc/arm-none-eabi/10.3.1/thumb/v7-m/nofp/crti.o
 .data          0x0000000000000000        0x4 /Applications/ARM/bin/../lib/gcc/arm-none-eabi/10.3.1/thumb/v7-m/nofp/crtbegin.o
 .rodata        0x0000000000000000       0x24 /Applications/ARM/bin/../lib/gcc/arm-none-eabi/10.3.1/thumb/v7-m/nofp/crtbegin.o
 .text          0x0000000000000000       0x7c /Applications/ARM/bin/../lib/gcc/arm-none-eabi/10.3.1/../../../../arm-none-eabi/lib/thumb/v7-m/nofp/crt0.o
 .data          0x0000000000000000        0x0 /Applications/ARM/bin/../lib/gcc/arm-none-eabi/10.3.1/../../../../arm-none-eabi/lib/thumb/v7-m/nofp/crt0.o
 .bss           0x0000000000000000        0x0 /Applications/ARM/bin/../lib/gcc/arm-none-eabi/10.3.1/../../../../arm-none-eabi/lib/thumb/v7-m/nofp/crt0.o
 .ARM.extab     0x0000000000000000        0x0 /Applications/ARM/bin/../lib/gcc/arm-none-eabi/10.3.1/../../../../arm-none-eabi/lib/thumb/v7-m/nofp/crt0.o
 .ARM.exidx     0x0000000000000000       0x10 /Applications/ARM/bin/../lib/gcc/arm-none-eabi/10.3.1/../../../../arm-none-eabi/lib/thumb/v7-m/nofp/crt0.o
 .ARM.attributes
                0x0000000000000000       0x1b /Applications/ARM/bin/../lib/gcc/arm-none-eabi/10.3.1/../../../../arm-none-eabi/lib/thumb/v7-m/nofp/crt0.o
 .text          0x0000000000000000        0x0 CMakeFiles/MotionControlSystem.elf.dir/Core/Src/freertos.c.obj
 .data          0x0000000000000000        0x0 CMakeFiles/MotionControlSystem.elf.dir/Core/Src/freertos.c.obj
[...]
Memory Configuration

Name             Origin             Length             Attributes
RAM              0x0000000020000000 0x0000000000005000 xrw
FLASH            0x0000000008000000 0x0000000000010000 xr
*default*        0x0000000000000000 0xffffffffffffffff

Linker script and memory map

LOAD /Applications/ARM/bin/../lib/gcc/arm-none-eabi/10.3.1/thumb/v7-m/nofp/crti.o
LOAD /Applications/ARM/bin/../lib/gcc/arm-none-eabi/10.3.1/thumb/v7-m/nofp/crtbegin.o
LOAD /Applications/ARM/bin/../lib/gcc/arm-none-eabi/10.3.1/../../../../arm-none-eabi/lib/thumb/v7-m/nofp/crt0.o
LOAD CMakeFiles/MotionControlSystem.elf.dir/Core/Src/freertos.c.obj
LOAD CMakeFiles/MotionControlSystem.elf.dir/Core/Src/gpio.c.obj
LOAD CMakeFiles/MotionControlSystem.elf.dir/Core/Src/main.c.obj
LOAD CMakeFiles/MotionControlSystem.elf.dir/Core/Src/servo.c.obj
LOAD CMakeFiles/MotionControlSystem.elf.dir/Core/Src/stm32f1xx_hal_msp.c.obj
LOAD CMakeFiles/MotionControlSystem.elf.dir/Core/Src/stm32f1xx_hal_timebase_tim.c.obj
LOAD CMakeFiles/MotionControlSystem.elf.dir/Core/Src/stm32f1xx_it.c.obj
LOAD CMakeFiles/MotionControlSystem.elf.dir/Core/Src/syscalls.c.obj
LOAD CMakeFiles/MotionControlSystem.elf.dir/Core/Src/sysmem.c.obj
LOAD CMakeFiles/MotionControlSystem.elf.dir/Core/Src/system_stm32f1xx.c.obj
LOAD CMakeFiles/MotionControlSystem.elf.dir/Core/Src/usart.c.obj
LOAD CMakeFiles/MotionControlSystem.elf.dir/Core/Startup/startup_stm32f103c8tx.s.obj
LOAD CMakeFiles/MotionControlSystem.elf.dir/Drivers/STM32F1xx_HAL_Driver/Src/stm32f1xx_hal.c.obj
LOAD CMakeFiles/MotionControlSystem.elf.dir/Drivers/STM32F1xx_HAL_Driver/Src/stm32f1xx_hal_cortex.c.obj
LOAD CMakeFiles/MotionControlSystem.elf.dir/Drivers/STM32F1xx_HAL_Driver/Src/stm32f1xx_hal_dma.c.obj
LOAD CMakeFiles/MotionControlSystem.elf.dir/Drivers/STM32F1xx_HAL_Driver/Src/stm32f1xx_hal_exti.c.obj
LOAD CMakeFiles/MotionControlSystem.elf.dir/Drivers/STM32F1xx_HAL_Driver/Src/stm32f1xx_hal_flash.c.obj
LOAD CMakeFiles/MotionControlSystem.elf.dir/Drivers/STM32F1xx_HAL_Driver/Src/stm32f1xx_hal_flash_ex.c.obj
LOAD CMakeFiles/MotionControlSystem.elf.dir/Drivers/STM32F1xx_HAL_Driver/Src/stm32f1xx_hal_gpio.c.obj
LOAD CMakeFiles/MotionControlSystem.elf.dir/Drivers/STM32F1xx_HAL_Driver/Src/stm32f1xx_hal_gpio_ex.c.obj
LOAD CMakeFiles/MotionControlSystem.elf.dir/Drivers/STM32F1xx_HAL_Driver/Src/stm32f1xx_hal_pwr.c.obj
LOAD CMakeFiles/MotionControlSystem.elf.dir/Drivers/STM32F1xx_HAL_Driver/Src/stm32f1xx_hal_rcc.c.obj
LOAD CMakeFiles/MotionControlSystem.elf.dir/Drivers/STM32F1xx_HAL_Driver/Src/stm32f1xx_hal_rcc_ex.c.obj
LOAD CMakeFiles/MotionControlSystem.elf.dir/Drivers/STM32F1xx_HAL_Driver/Src/stm32f1xx_hal_tim.c.obj
LOAD CMakeFiles/MotionControlSystem.elf.dir/Drivers/STM32F1xx_HAL_Driver/Src/stm32f1xx_hal_tim_ex.c.obj
LOAD CMakeFiles/MotionControlSystem.elf.dir/Drivers/STM32F1xx_HAL_Driver/Src/stm32f1xx_hal_uart.c.obj
LOAD CMakeFiles/MotionControlSystem.elf.dir/Middlewares/Third_Party/FreeRTOS/Source/CMSIS_RTOS_V2/cmsis_os2.c.obj
LOAD CMakeFiles/MotionControlSystem.elf.dir/Middlewares/Third_Party/FreeRTOS/Source/croutine.c.obj
LOAD CMakeFiles/MotionControlSystem.elf.dir/Middlewares/Third_Party/FreeRTOS/Source/event_groups.c.obj
LOAD CMakeFiles/MotionControlSystem.elf.dir/Middlewares/Third_Party/FreeRTOS/Source/list.c.obj
LOAD CMakeFiles/MotionControlSystem.elf.dir/Middlewares/Third_Party/FreeRTOS/Source/portable/GCC/ARM_CM3/port.c.obj
LOAD CMakeFiles/MotionControlSystem.elf.dir/Middlewares/Third_Party/FreeRTOS/Source/portable/MemMang/heap_4.c.obj
LOAD CMakeFiles/MotionControlSystem.elf.dir/Middlewares/Third_Party/FreeRTOS/Source/queue.c.obj
LOAD CMakeFiles/MotionControlSystem.elf.dir/Middlewares/Third_Party/FreeRTOS/Source/stream_buffer.c.obj
LOAD CMakeFiles/MotionControlSystem.elf.dir/Middlewares/Third_Party/FreeRTOS/Source/tasks.c.obj
LOAD CMakeFiles/MotionControlSystem.elf.dir/Middlewares/Third_Party/FreeRTOS/Source/timers.c.obj
START GROUP
LOAD /Applications/ARM/bin/../lib/gcc/arm-none-eabi/10.3.1/thumb/v7-m/nofp/libgcc.a
LOAD /Applications/ARM/bin/../lib/gcc/arm-none-eabi/10.3.1/../../../../arm-none-eabi/lib/thumb/v7-m/nofp/libg.a
LOAD /Applications/ARM/bin/../lib/gcc/arm-none-eabi/10.3.1/../../../../arm-none-eabi/lib/thumb/v7-m/nofp/libc.a
END GROUP
LOAD /Applications/ARM/bin/../lib/gcc/arm-none-eabi/10.3.1/thumb/v7-m/nofp/crtend.o
LOAD /Applications/ARM/bin/../lib/gcc/arm-none-eabi/10.3.1/thumb/v7-m/nofp/crtn.o
                0x0000000020005000                _estack = (ORIGIN (RAM) + LENGTH (RAM))
                0x0000000000000200                _Min_Heap_Size = 0x200
                0x0000000000000400                _Min_Stack_Size = 0x400

.isr_vector     0x0000000008000000      0x10c
                0x0000000008000000                . = ALIGN (0x4)
 *(.isr_vector)
 .isr_vector    0x0000000008000000      0x10c CMakeFiles/MotionControlSystem.elf.dir/Core/Startup/startup_stm32f103c8tx.s.obj
                0x0000000008000000                g_pfnVectors
                0x000000000800010c                . = ALIGN (0x4)

.text           0x0000000008000110     0x1eec
                0x0000000008000110                . = ALIGN (0x4)
 *(.text)
 .text          0x0000000008000110       0x40 /Applications/ARM/bin/../lib/gcc/arm-none-eabi/10.3.1/thumb/v7-m/nofp/crtbegin.o
 *(.text*)
 .text.MX_GPIO_Init
                0x0000000008000150       0x9c CMakeFiles/MotionControlSystem.elf.dir/Core/Src/gpio.c.obj
                0x0000000008000150                MX_GPIO_Init
 .text.HAL_GPIO_EXTI_Callback
                0x00000000080001ec       0x2c CMakeFiles/MotionControlSystem.elf.dir/Core/Src/main.c.obj
                0x00000000080001ec                HAL_GPIO_EXTI_Callback
 .text.HAL_TIM_PeriodElapsedCallback
                0x0000000008000218       0x18 CMakeFiles/MotionControlSystem.elf.dir/Core/Src/main.c.obj
                0x0000000008000218                HAL_TIM_PeriodElapsedCallback
 .text.Error_Handler
                0x0000000008000230        0x4 CMakeFiles/MotionControlSystem.elf.dir/Core/Src/main.c.obj
                0x0000000008000230                Error_Handler
 .text.SystemClock_Config
                0x0000000008000234       0x64 CMakeFiles/MotionControlSystem.elf.dir/Core/Src/main.c.obj
                0x0000000008000234                SystemClock_Config
 .text.main     0x0000000008000298       0x50 CMakeFiles/MotionControlSystem.elf.dir/Core/Src/main.c.obj
                0x0000000008000298                main
 .text.CheckSum
                0x00000000080002e8       0x1a CMakeFiles/MotionControlSystem.elf.dir/Core/Src/servo.c.obj
                0x00000000080002e8                CheckSum
 *fill*         0x0000000008000302        0x2 
 .text.SetServoPos
                0x0000000008000304       0x7c CMakeFiles/MotionControlSystem.elf.dir/Core/Src/servo.c.obj
                0x0000000008000304                SetServoPos
 .text.UpdateServoPos
                0x0000000008000380       0x30 CMakeFiles/MotionControlSystem.elf.dir/Core/Src/servo.c.obj
                0x0000000008000380                UpdateServoPos
 .text.HAL_MspInit
                0x00000000080003b0       0x54 CMakeFiles/MotionControlSystem.elf.dir/Core/Src/stm32f1xx_hal_msp.c.obj
                0x00000000080003b0                HAL_MspInit
 .text.HAL_InitTick
                0x0000000008000404       0x7c CMakeFiles/MotionControlSystem.elf.dir/Core/Src/stm32f1xx_hal_timebase_tim.c.obj
                0x0000000008000404                HAL_InitTick
 .text.NMI_Handler
                0x0000000008000480        0x2 CMakeFiles/MotionControlSystem.elf.dir/Core/Src/stm32f1xx_it.c.obj
                0x0000000008000480                NMI_Handler
 .text.HardFault_Handler
                0x0000000008000482        0x2 CMakeFiles/MotionControlSystem.elf.dir/Core/Src/stm32f1xx_it.c.obj
                0x0000000008000482                HardFault_Handler
 .text.MemManage_Handler
                0x0000000008000484        0x2 CMakeFiles/MotionControlSystem.elf.dir/Core/Src/stm32f1xx_it.c.obj
                0x0000000008000484                MemManage_Handler
 .text.BusFault_Handler
                0x0000000008000486        0x2 CMakeFiles/MotionControlSystem.elf.dir/Core/Src/stm32f1xx_it.c.obj
                0x0000000008000486                BusFault_Handler
 .text.UsageFault_Handler
                0x0000000008000488        0x2 CMakeFiles/MotionControlSystem.elf.dir/Core/Src/stm32f1xx_it.c.obj
                0x0000000008000488                UsageFault_Handler
 .text.DebugMon_Handler
                0x000000000800048a        0x2 CMakeFiles/MotionControlSystem.elf.dir/Core/Src/stm32f1xx_it.c.obj
                0x000000000800048a                DebugMon_Handler
 .text.EXTI9_5_IRQHandler
                0x000000000800048c       0x1a CMakeFiles/MotionControlSystem.elf.dir/Core/Src/stm32f1xx_it.c.obj
                0x000000000800048c                EXTI9_5_IRQHandler
 *fill*         0x00000000080004a6        0x2 
 .text.TIM4_IRQHandler
                0x00000000080004a8       0x10 CMakeFiles/MotionControlSystem.elf.dir/Core/Src/stm32f1xx_it.c.obj
                0x00000000080004a8                TIM4_IRQHandler
 .text.USART1_IRQHandler
                0x00000000080004b8       0x10 CMakeFiles/MotionControlSystem.elf.dir/Core/Src/stm32f1xx_it.c.obj
                0x00000000080004b8                USART1_IRQHandler
 .text.USART2_IRQHandler
                0x00000000080004c8       0x10 CMakeFiles/MotionControlSystem.elf.dir/Core/Src/stm32f1xx_it.c.obj
                0x00000000080004c8                USART2_IRQHandler
 .text.USART3_IRQHandler
                0x00000000080004d8       0x10 CMakeFiles/MotionControlSystem.elf.dir/Core/Src/stm32f1xx_it.c.obj
                0x00000000080004d8                USART3_IRQHandler
 .text.SystemInit
                0x00000000080004e8        0x2 CMakeFiles/MotionControlSystem.elf.dir/Core/Src/system_stm32f1xx.c.obj
                0x00000000080004e8                SystemInit
 *fill*         0x00000000080004ea        0x2 
 .text.MX_USART1_UART_Init
                0x00000000080004ec       0x34 CMakeFiles/MotionControlSystem.elf.dir/Core/Src/usart.c.obj
                0x00000000080004ec                MX_USART1_UART_Init
 .text.MX_USART2_UART_Init
                0x0000000008000520       0x34 CMakeFiles/MotionControlSystem.elf.dir/Core/Src/usart.c.obj
                0x0000000008000520                MX_USART2_UART_Init
 .text.MX_USART3_UART_Init
                0x0000000008000554       0x34 CMakeFiles/MotionControlSystem.elf.dir/Core/Src/usart.c.obj
                0x0000000008000554                MX_USART3_UART_Init
 .text.HAL_UART_MspInit
                0x0000000008000588      0x168 CMakeFiles/MotionControlSystem.elf.dir/Core/Src/usart.c.obj
                0x0000000008000588                HAL_UART_MspInit
 .text.Reset_Handler
                0x00000000080006f0       0x48 CMakeFiles/MotionControlSystem.elf.dir/Core/Startup/startup_stm32f103c8tx.s.obj
                0x00000000080006f0                Reset_Handler
 .text.Default_Handler
                0x0000000008000738        0x2 CMakeFiles/MotionControlSystem.elf.dir/Core/Startup/startup_stm32f103c8tx.s.obj
                0x0000000008000738                USBWakeUp_IRQHandler
                0x0000000008000738                EXTI2_IRQHandler
                0x0000000008000738                TIM1_CC_IRQHandler
                0x0000000008000738                PVD_IRQHandler
                0x0000000008000738                EXTI3_IRQHandler
                0x0000000008000738                EXTI0_IRQHandler
                0x0000000008000738                I2C2_EV_IRQHandler
                0x0000000008000738                ADC1_2_IRQHandler
                0x0000000008000738                SPI1_IRQHandler
                0x0000000008000738                TAMPER_IRQHandler
                0x0000000008000738                DMA1_Channel4_IRQHandler
                0x0000000008000738                RTC_IRQHandler
                0x0000000008000738                DMA1_Channel7_IRQHandler
                0x0000000008000738                CAN1_RX1_IRQHandler
                0x0000000008000738                I2C1_EV_IRQHandler
                0x0000000008000738                DMA1_Channel6_IRQHandler
                0x0000000008000738                TIM3_IRQHandler
                0x0000000008000738                RCC_IRQHandler
                0x0000000008000738                TIM1_TRG_COM_IRQHandler
                0x0000000008000738                DMA1_Channel1_IRQHandler
                0x0000000008000738                Default_Handler
                0x0000000008000738                EXTI15_10_IRQHandler
                0x0000000008000738                SPI2_IRQHandler
                0x0000000008000738                DMA1_Channel5_IRQHandler
                0x0000000008000738                EXTI4_IRQHandler
                0x0000000008000738                USB_LP_CAN1_RX0_IRQHandler
                0x0000000008000738                USB_HP_CAN1_TX_IRQHandler
                0x0000000008000738                DMA1_Channel3_IRQHandler
                0x0000000008000738                TIM1_UP_IRQHandler
                0x0000000008000738                WWDG_IRQHandler
                0x0000000008000738                TIM2_IRQHandler
                0x0000000008000738                TIM1_BRK_IRQHandler
                0x0000000008000738                EXTI1_IRQHandler
                0x0000000008000738                I2C2_ER_IRQHandler
                0x0000000008000738                DMA1_Channel2_IRQHandler
                0x0000000008000738                CAN1_SCE_IRQHandler
                0x0000000008000738                FLASH_IRQHandler
                0x0000000008000738                I2C1_ER_IRQHandler
                0x0000000008000738                RTC_Alarm_IRQHandler
 *fill*         0x000000000800073a        0x2 
 .text.HAL_Init
                0x000000000800073c       0x24 CMakeFiles/MotionControlSystem.elf.dir/Drivers/STM32F1xx_HAL_Driver/Src/stm32f1xx_hal.c.obj
                0x000000000800073c                HAL_Init
 .text.HAL_IncTick
                0x0000000008000760       0x18 CMakeFiles/MotionControlSystem.elf.dir/Drivers/STM32F1xx_HAL_Driver/Src/stm32f1xx_hal.c.obj
                0x0000000008000760                HAL_IncTick
 .text.HAL_GetTick
                0x0000000008000778        0xc CMakeFiles/MotionControlSystem.elf.dir/Drivers/STM32F1xx_HAL_Driver/Src/stm32f1xx_hal.c.obj
                0x0000000008000778                HAL_GetTick
 .text.HAL_Delay
                0x0000000008000784       0x28 CMakeFiles/MotionControlSystem.elf.dir/Drivers/STM32F1xx_HAL_Driver/Src/stm32f1xx_hal.c.obj
                0x0000000008000784                HAL_Delay
 .text.HAL_NVIC_SetPriorityGrouping
                0x00000000080007ac       0x24 CMakeFiles/MotionControlSystem.elf.dir/Drivers/STM32F1xx_HAL_Driver/Src/stm32f1xx_hal_cortex.c.obj
                0x00000000080007ac                HAL_NVIC_SetPriorityGrouping
 .text.HAL_NVIC_SetPriority
                0x00000000080007d0       0x70 CMakeFiles/MotionControlSystem.elf.dir/Drivers/STM32F1xx_HAL_Driver/Src/stm32f1xx_hal_cortex.c.obj
                0x00000000080007d0                HAL_NVIC_SetPriority
 .text.HAL_NVIC_EnableIRQ
                0x0000000008000840       0x1c CMakeFiles/MotionControlSystem.elf.dir/Drivers/STM32F1xx_HAL_Driver/Src/stm32f1xx_hal_cortex.c.obj
                0x0000000008000840                HAL_NVIC_EnableIRQ
 .text.HAL_DMA_Abort
                0x000000000800085c       0x46 CMakeFiles/MotionControlSystem.elf.dir/Drivers/STM32F1xx_HAL_Driver/Src/stm32f1xx_hal_dma.c.obj
                0x000000000800085c                HAL_DMA_Abort
 *fill*         0x00000000080008a2        0x2 
 .text.HAL_DMA_Abort_IT
                0x00000000080008a4       0x98 CMakeFiles/MotionControlSystem.elf.dir/Drivers/STM32F1xx_HAL_Driver/Src/stm32f1xx_hal_dma.c.obj
                0x00000000080008a4                HAL_DMA_Abort_IT
 .text.HAL_GPIO_Init
                0x000000000800093c      0x224 CMakeFiles/MotionControlSystem.elf.dir/Drivers/STM32F1xx_HAL_Driver/Src/stm32f1xx_hal_gpio.c.obj
                0x000000000800093c                HAL_GPIO_Init
 .text.HAL_GPIO_WritePin
                0x0000000008000b60        0xc CMakeFiles/MotionControlSystem.elf.dir/Drivers/STM32F1xx_HAL_Driver/Src/stm32f1xx_hal_gpio.c.obj
                0x0000000008000b60                HAL_GPIO_WritePin
 .text.HAL_GPIO_EXTI_IRQHandler
                0x0000000008000b6c       0x1c CMakeFiles/MotionControlSystem.elf.dir/Drivers/STM32F1xx_HAL_Driver/Src/stm32f1xx_hal_gpio.c.obj
                0x0000000008000b6c                HAL_GPIO_EXTI_IRQHandler
 .text.RCC_Delay
                0x0000000008000b88       0x2c CMakeFiles/MotionControlSystem.elf.dir/Drivers/STM32F1xx_HAL_Driver/Src/stm32f1xx_hal_rcc.c.obj
 .text.HAL_RCC_OscConfig
                0x0000000008000bb4      0x410 CMakeFiles/MotionControlSystem.elf.dir/Drivers/STM32F1xx_HAL_Driver/Src/stm32f1xx_hal_rcc.c.obj
                0x0000000008000bb4                HAL_RCC_OscConfig
 .text.HAL_RCC_GetSysClockFreq
                0x0000000008000fc4       0x54 CMakeFiles/MotionControlSystem.elf.dir/Drivers/STM32F1xx_HAL_Driver/Src/stm32f1xx_hal_rcc.c.obj
                0x0000000008000fc4                HAL_RCC_GetSysClockFreq
 .text.HAL_RCC_ClockConfig
                0x0000000008001018      0x16c CMakeFiles/MotionControlSystem.elf.dir/Drivers/STM32F1xx_HAL_Driver/Src/stm32f1xx_hal_rcc.c.obj
                0x0000000008001018                HAL_RCC_ClockConfig
 .text.HAL_RCC_GetHCLKFreq
                0x0000000008001184        0xc CMakeFiles/MotionControlSystem.elf.dir/Drivers/STM32F1xx_HAL_Driver/Src/stm32f1xx_hal_rcc.c.obj
                0x0000000008001184                HAL_RCC_GetHCLKFreq
 .text.HAL_RCC_GetPCLK1Freq
                0x0000000008001190       0x20 CMakeFiles/MotionControlSystem.elf.dir/Drivers/STM32F1xx_HAL_Driver/Src/stm32f1xx_hal_rcc.c.obj
                0x0000000008001190                HAL_RCC_GetPCLK1Freq
 .text.HAL_RCC_GetPCLK2Freq
                0x00000000080011b0       0x20 CMakeFiles/MotionControlSystem.elf.dir/Drivers/STM32F1xx_HAL_Driver/Src/stm32f1xx_hal_rcc.c.obj
                0x00000000080011b0                HAL_RCC_GetPCLK2Freq
 .text.HAL_RCC_GetClockConfig
                0x00000000080011d0       0x3c CMakeFiles/MotionControlSystem.elf.dir/Drivers/STM32F1xx_HAL_Driver/Src/stm32f1xx_hal_rcc.c.obj
                0x00000000080011d0                HAL_RCC_GetClockConfig
 .text.HAL_TIM_Base_MspInit
                0x000000000800120c        0x2 CMakeFiles/MotionControlSystem.elf.dir/Drivers/STM32F1xx_HAL_Driver/Src/stm32f1xx_hal_tim.c.obj
                0x000000000800120c                HAL_TIM_Base_MspInit
 *fill*         0x000000000800120e        0x2 
 .text.HAL_TIM_Base_Start_IT
                0x0000000008001210       0x68 CMakeFiles/MotionControlSystem.elf.dir/Drivers/STM32F1xx_HAL_Driver/Src/stm32f1xx_hal_tim.c.obj
                0x0000000008001210                HAL_TIM_Base_Start_IT
 .text.HAL_TIM_OC_DelayElapsedCallback
                0x0000000008001278        0x2 CMakeFiles/MotionControlSystem.elf.dir/Drivers/STM32F1xx_HAL_Driver/Src/stm32f1xx_hal_tim.c.obj
                0x0000000008001278                HAL_TIM_OC_DelayElapsedCallback
 .text.HAL_TIM_IC_CaptureCallback
                0x000000000800127a        0x2 CMakeFiles/MotionControlSystem.elf.dir/Drivers/STM32F1xx_HAL_Driver/Src/stm32f1xx_hal_tim.c.obj
                0x000000000800127a                HAL_TIM_IC_CaptureCallback
 .text.HAL_TIM_PWM_PulseFinishedCallback
                0x000000000800127c        0x2 CMakeFiles/MotionControlSystem.elf.dir/Drivers/STM32F1xx_HAL_Driver/Src/stm32f1xx_hal_tim.c.obj
                0x000000000800127c                HAL_TIM_PWM_PulseFinishedCallback
 .text.HAL_TIM_TriggerCallback
                0x000000000800127e        0x2 CMakeFiles/MotionControlSystem.elf.dir/Drivers/STM32F1xx_HAL_Driver/Src/stm32f1xx_hal_tim.c.obj
                0x000000000800127e                HAL_TIM_TriggerCallback
 .text.HAL_TIM_IRQHandler
                0x0000000008001280      0x17a CMakeFiles/MotionControlSystem.elf.dir/Drivers/STM32F1xx_HAL_Driver/Src/stm32f1xx_hal_tim.c.obj
                0x0000000008001280                HAL_TIM_IRQHandler
 *fill*         0x00000000080013fa        0x2 
 .text.TIM_Base_SetConfig
                0x00000000080013fc       0x74 CMakeFiles/MotionControlSystem.elf.dir/Drivers/STM32F1xx_HAL_Driver/Src/stm32f1xx_hal_tim.c.obj
                0x00000000080013fc                TIM_Base_SetConfig
 .text.HAL_TIM_Base_Init
                0x0000000008001470       0x58 CMakeFiles/MotionControlSystem.elf.dir/Drivers/STM32F1xx_HAL_Driver/Src/stm32f1xx_hal_tim.c.obj
                0x0000000008001470                HAL_TIM_Base_Init
 .text.HAL_TIMEx_CommutCallback
                0x00000000080014c8        0x2 CMakeFiles/MotionControlSystem.elf.dir/Drivers/STM32F1xx_HAL_Driver/Src/stm32f1xx_hal_tim_ex.c.obj
                0x00000000080014c8                HAL_TIMEx_CommutCallback
 .text.HAL_TIMEx_BreakCallback
                0x00000000080014ca        0x2 CMakeFiles/MotionControlSystem.elf.dir/Drivers/STM32F1xx_HAL_Driver/Src/stm32f1xx_hal_tim_ex.c.obj
                0x00000000080014ca                HAL_TIMEx_BreakCallback
 .text.UART_EndRxTransfer
                0x00000000080014cc       0x5c CMakeFiles/MotionControlSystem.elf.dir/Drivers/STM32F1xx_HAL_Driver/Src/stm32f1xx_hal_uart.c.obj
 .text.UART_Transmit_IT
                0x0000000008001528       0x60 CMakeFiles/MotionControlSystem.elf.dir/Drivers/STM32F1xx_HAL_Driver/Src/stm32f1xx_hal_uart.c.obj
 .text.UART_SetConfig
                0x0000000008001588       0x94 CMakeFiles/MotionControlSystem.elf.dir/Drivers/STM32F1xx_HAL_Driver/Src/stm32f1xx_hal_uart.c.obj
 .text.UART_WaitOnFlagUntilTimeout
                0x000000000800161c       0x88 CMakeFiles/MotionControlSystem.elf.dir/Drivers/STM32F1xx_HAL_Driver/Src/stm32f1xx_hal_uart.c.obj
 .text.HAL_UART_Init
                0x00000000080016a4       0x60 CMakeFiles/MotionControlSystem.elf.dir/Drivers/STM32F1xx_HAL_Driver/Src/stm32f1xx_hal_uart.c.obj
                0x00000000080016a4                HAL_UART_Init
 .text.HAL_UART_Transmit
                0x0000000008001704       0xbe CMakeFiles/MotionControlSystem.elf.dir/Drivers/STM32F1xx_HAL_Driver/Src/stm32f1xx_hal_uart.c.obj
                0x0000000008001704                HAL_UART_Transmit
 .text.HAL_UART_TxCpltCallback
                0x00000000080017c2        0x2 CMakeFiles/MotionControlSystem.elf.dir/Drivers/STM32F1xx_HAL_Driver/Src/stm32f1xx_hal_uart.c.obj
                0x00000000080017c2                HAL_UART_TxCpltCallback
 .text.UART_EndTransmit_IT
                0x00000000080017c4       0x1a CMakeFiles/MotionControlSystem.elf.dir/Drivers/STM32F1xx_HAL_Driver/Src/stm32f1xx_hal_uart.c.obj
 .text.HAL_UART_RxCpltCallback
                0x00000000080017de        0x2 CMakeFiles/MotionControlSystem.elf.dir/Drivers/STM32F1xx_HAL_Driver/Src/stm32f1xx_hal_uart.c.obj
                0x00000000080017de                HAL_UART_RxCpltCallback
 .text.HAL_UART_ErrorCallback
                0x00000000080017e0        0x2 CMakeFiles/MotionControlSystem.elf.dir/Drivers/STM32F1xx_HAL_Driver/Src/stm32f1xx_hal_uart.c.obj
                0x00000000080017e0                HAL_UART_ErrorCallback
 .text.UART_DMAAbortOnError
                0x00000000080017e2       0x10 CMakeFiles/MotionControlSystem.elf.dir/Drivers/STM32F1xx_HAL_Driver/Src/stm32f1xx_hal_uart.c.obj
 .text.HAL_UARTEx_RxEventCallback
                0x00000000080017f2        0x2 CMakeFiles/MotionControlSystem.elf.dir/Drivers/STM32F1xx_HAL_Driver/Src/stm32f1xx_hal_uart.c.obj
                0x00000000080017f2                HAL_UARTEx_RxEventCallback
 .text.UART_Receive_IT
                0x00000000080017f4       0xe6 CMakeFiles/MotionControlSystem.elf.dir/Drivers/STM32F1xx_HAL_Driver/Src/stm32f1xx_hal_uart.c.obj
 *fill*         0x00000000080018da        0x2 
 .text.HAL_UART_IRQHandler
                0x00000000080018dc      0x288 CMakeFiles/MotionControlSystem.elf.dir/Drivers/STM32F1xx_HAL_Driver/Src/stm32f1xx_hal_uart.c.obj
                0x00000000080018dc                HAL_UART_IRQHandler
 .text.vListInsertEnd
                0x0000000008001b64       0x16 CMakeFiles/MotionControlSystem.elf.dir/Middlewares/Third_Party/FreeRTOS/Source/list.c.obj
                0x0000000008001b64                vListInsertEnd
 .text.uxListRemove
                0x0000000008001b7a       0x26 CMakeFiles/MotionControlSystem.elf.dir/Middlewares/Third_Party/FreeRTOS/Source/list.c.obj
                0x0000000008001b7a                uxListRemove
 .text.SVC_Handler
                0x0000000008001ba0       0x24 CMakeFiles/MotionControlSystem.elf.dir/Middlewares/Third_Party/FreeRTOS/Source/portable/GCC/ARM_CM3/port.c.obj
                0x0000000008001ba0                SVC_Handler
 *fill*         0x0000000008001bc4        0xc 
 .text.PendSV_Handler
                0x0000000008001bd0       0x44 CMakeFiles/MotionControlSystem.elf.dir/Middlewares/Third_Party/FreeRTOS/Source/portable/GCC/ARM_CM3/port.c.obj
                0x0000000008001bd0                PendSV_Handler
 .text.SysTick_Handler
                0x0000000008001c14       0x2c CMakeFiles/MotionControlSystem.elf.dir/Middlewares/Third_Party/FreeRTOS/Source/portable/GCC/ARM_CM3/port.c.obj
                0x0000000008001c14                SysTick_Handler
 .text.prvResetNextTaskUnblockTime
                0x0000000008001c40       0x2c CMakeFiles/MotionControlSystem.elf.dir/Middlewares/Third_Party/FreeRTOS/Source/tasks.c.obj
 .text.xTaskIncrementTick
                0x0000000008001c6c      0x118 CMakeFiles/MotionControlSystem.elf.dir/Middlewares/Third_Party/FreeRTOS/Source/tasks.c.obj
                0x0000000008001c6c                xTaskIncrementTick
 .text.vTaskSwitchContext
                0x0000000008001d84       0x94 CMakeFiles/MotionControlSystem.elf.dir/Middlewares/Third_Party/FreeRTOS/Source/tasks.c.obj
                0x0000000008001d84                vTaskSwitchContext
 .text.__libc_init_array
                0x0000000008001e18       0x48 /Applications/ARM/bin/../lib/gcc/arm-none-eabi/10.3.1/../../../../arm-none-eabi/lib/thumb/v7-m/nofp/libg.a(lib_a-init.o)
                0x0000000008001e18                __libc_init_array
 .text.memset   0x0000000008001e60       0xa4 /Applications/ARM/bin/../lib/gcc/arm-none-eabi/10.3.1/../../../../arm-none-eabi/lib/thumb/v7-m/nofp/libg.a(lib_a-memset.o)
                0x0000000008001e60                memset
 .text.startup.register_fini
                0x0000000008001f04       0x14 /Applications/ARM/bin/../lib/gcc/arm-none-eabi/10.3.1/../../../../arm-none-eabi/lib/thumb/v7-m/nofp/libg.a(lib_a-__call_atexit.o)
 .text.atexit   0x0000000008001f18        0xc /Applications/ARM/bin/../lib/gcc/arm-none-eabi/10.3.1/../../../../arm-none-eabi/lib/thumb/v7-m/nofp/libg.a(lib_a-atexit.o)
                0x0000000008001f18                atexit
 .text.__libc_fini_array
                0x0000000008001f24       0x2c /Applications/ARM/bin/../lib/gcc/arm-none-eabi/10.3.1/../../../../arm-none-eabi/lib/thumb/v7-m/nofp/libg.a(lib_a-fini.o)
                0x0000000008001f24                __libc_fini_array
 .text.__retarget_lock_acquire_recursive
                0x0000000008001f50        0x4 /Applications/ARM/bin/../lib/gcc/arm-none-eabi/10.3.1/../../../../arm-none-eabi/lib/thumb/v7-m/nofp/libg.a(lib_a-lock.o)
                0x0000000008001f50                __retarget_lock_acquire_recursive
 .text.__retarget_lock_release_recursive
                0x0000000008001f54        0x4 /Applications/ARM/bin/../lib/gcc/arm-none-eabi/10.3.1/../../../../arm-none-eabi/lib/thumb/v7-m/nofp/libg.a(lib_a-lock.o)
                0x0000000008001f54                __retarget_lock_release_recursive
 .text.__register_exitproc
                0x0000000008001f58       0x8c /Applications/ARM/bin/../lib/gcc/arm-none-eabi/10.3.1/../../../../arm-none-eabi/lib/thumb/v7-m/nofp/libg.a(lib_a-__atexit.o)
                0x0000000008001f58                __register_exitproc
 *(.glue_7)
 .glue_7        0x0000000008001fe4        0x0 linker stubs
 *(.glue_7t)
 .glue_7t       0x0000000008001fe4        0x0 linker stubs
 *(.eh_frame)
 .eh_frame      0x0000000008001fe4        0x0 /Applications/ARM/bin/../lib/gcc/arm-none-eabi/10.3.1/thumb/v7-m/nofp/crtbegin.o
 *(.init)
 .init          0x0000000008001fe4        0x4 /Applications/ARM/bin/../lib/gcc/arm-none-eabi/10.3.1/thumb/v7-m/nofp/crti.o
                0x0000000008001fe4                _init
 .init          0x0000000008001fe8        0x8 /Applications/ARM/bin/../lib/gcc/arm-none-eabi/10.3.1/thumb/v7-m/nofp/crtn.o
 *(.fini)
 .fini          0x0000000008001ff0        0x4 /Applications/ARM/bin/../lib/gcc/arm-none-eabi/10.3.1/thumb/v7-m/nofp/crti.o
                0x0000000008001ff0                _fini
 .fini          0x0000000008001ff4        0x8 /Applications/ARM/bin/../lib/gcc/arm-none-eabi/10.3.1/thumb/v7-m/nofp/crtn.o
                0x0000000008001ffc                . = ALIGN (0x4)
                0x0000000008001ffc                _etext = .

.vfp11_veneer   0x0000000008001ffc        0x0
 .vfp11_veneer  0x0000000008001ffc        0x0 linker stubs

.v4_bx          0x0000000008001ffc        0x0
 .v4_bx         0x0000000008001ffc        0x0 linker stubs

.iplt           0x0000000008001ffc        0x0
 .iplt          0x0000000008001ffc        0x0 /Applications/ARM/bin/../lib/gcc/arm-none-eabi/10.3.1/thumb/v7-m/nofp/crtbegin.o

.rodata         0x0000000008001ffc       0x48
                0x0000000008001ffc                . = ALIGN (0x4)
 *(.rodata)
 .rodata        0x0000000008001ffc        0xd CMakeFiles/MotionControlSystem.elf.dir/Core/Src/servo.c.obj
 *(.rodata*)
 *fill*         0x0000000008002009        0x3 
 .rodata.UpdateServoPos.str1.4
                0x000000000800200c        0x7 CMakeFiles/MotionControlSystem.elf.dir/Core/Src/servo.c.obj
 *fill*         0x0000000008002013        0x1 
 .rodata.AHBPrescTable
                0x0000000008002014       0x10 CMakeFiles/MotionControlSystem.elf.dir/Core/Src/system_stm32f1xx.c.obj
                0x0000000008002014                AHBPrescTable
 .rodata.APBPrescTable
                0x0000000008002024        0x8 CMakeFiles/MotionControlSystem.elf.dir/Core/Src/system_stm32f1xx.c.obj
                0x0000000008002024                APBPrescTable
 .rodata.aPLLMULFactorTable.1
                0x000000000800202c       0x10 CMakeFiles/MotionControlSystem.elf.dir/Drivers/STM32F1xx_HAL_Driver/Src/stm32f1xx_hal_rcc.c.obj
 .rodata.aPredivFactorTable.0
                0x000000000800203c        0x2 CMakeFiles/MotionControlSystem.elf.dir/Drivers/STM32F1xx_HAL_Driver/Src/stm32f1xx_hal_rcc.c.obj
 *fill*         0x000000000800203e        0x2 
 .rodata._global_impure_ptr
                0x0000000008002040        0x4 /Applications/ARM/bin/../lib/gcc/arm-none-eabi/10.3.1/../../../../arm-none-eabi/lib/thumb/v7-m/nofp/libg.a(lib_a-impure.o)
                0x0000000008002040                _global_impure_ptr
                0x0000000008002044                . = ALIGN (0x4)

.rel.dyn        0x0000000008002044        0x0
 .rel.iplt      0x0000000008002044        0x0 /Applications/ARM/bin/../lib/gcc/arm-none-eabi/10.3.1/thumb/v7-m/nofp/crtbegin.o

.ARM.extab      0x0000000008002044        0x0
                0x0000000008002044                . = ALIGN (0x4)
 *(.ARM.extab* .gnu.linkonce.armextab.*)
                0x0000000008002044                . = ALIGN (0x4)

.ARM            0x0000000008002044        0x0
                0x0000000008002044                . = ALIGN (0x4)
                0x0000000008002044                __exidx_start = .
 *(.ARM.exidx*)
                0x0000000008002044                __exidx_end = .
                0x0000000008002044                . = ALIGN (0x4)

.preinit_array  0x0000000008002044        0x0
                0x0000000008002044                . = ALIGN (0x4)
                0x0000000008002044                PROVIDE (__preinit_array_start = .)
 *(.preinit_array*)
                0x0000000008002044                PROVIDE (__preinit_array_end = .)
                0x0000000008002044                . = ALIGN (0x4)

.init_array     0x0000000008002044        0x8
                0x0000000008002044                . = ALIGN (0x4)
                0x0000000008002044                PROVIDE (__init_array_start = .)
 *(SORT_BY_NAME(.init_array.*))
 .init_array.00000
                0x0000000008002044        0x4 /Applications/ARM/bin/../lib/gcc/arm-none-eabi/10.3.1/../../../../arm-none-eabi/lib/thumb/v7-m/nofp/libg.a(lib_a-__call_atexit.o)
 *(.init_array*)
 .init_array    0x0000000008002048        0x4 /Applications/ARM/bin/../lib/gcc/arm-none-eabi/10.3.1/thumb/v7-m/nofp/crtbegin.o
                0x000000000800204c                PROVIDE (__init_array_end = .)
                0x000000000800204c                . = ALIGN (0x4)

.fini_array     0x000000000800204c        0x4
                0x000000000800204c                . = ALIGN (0x4)
                0x000000000800204c                PROVIDE (__fini_array_start = .)
 *(SORT_BY_NAME(.fini_array.*))
 *(.fini_array*)
 .fini_array    0x000000000800204c        0x4 /Applications/ARM/bin/../lib/gcc/arm-none-eabi/10.3.1/thumb/v7-m/nofp/crtbegin.o
                0x0000000008002050                PROVIDE (__fini_array_end = .)
                0x0000000008002050                . = ALIGN (0x4)
                0x0000000008002050                _sidata = LOADADDR (.data)

.data           0x0000000020000000      0x43c load address 0x0000000008002050
                0x0000000020000000                . = ALIGN (0x4)
                0x0000000020000000                _sdata = .
 *(.data)
 *(.data*)
 .data.SystemCoreClock
                0x0000000020000000        0x4 CMakeFiles/MotionControlSystem.elf.dir/Core/Src/system_stm32f1xx.c.obj
                0x0000000020000000                SystemCoreClock
 .data.uwTickFreq
                0x0000000020000004        0x1 CMakeFiles/MotionControlSystem.elf.dir/Drivers/STM32F1xx_HAL_Driver/Src/stm32f1xx_hal.c.obj
                0x0000000020000004                uwTickFreq
 *fill*         0x0000000020000005        0x3 
 .data.uwTickPrio
                0x0000000020000008        0x4 CMakeFiles/MotionControlSystem.elf.dir/Drivers/STM32F1xx_HAL_Driver/Src/stm32f1xx_hal.c.obj
                0x0000000020000008                uwTickPrio
 *fill*         0x000000002000000c        0x4 
 .data.impure_data
                0x0000000020000010      0x428 /Applications/ARM/bin/../lib/gcc/arm-none-eabi/10.3.1/../../../../arm-none-eabi/lib/thumb/v7-m/nofp/libg.a(lib_a-impure.o)
 .data.__atexit_recursive_mutex
                0x0000000020000438        0x4 /Applications/ARM/bin/../lib/gcc/arm-none-eabi/10.3.1/../../../../arm-none-eabi/lib/thumb/v7-m/nofp/libg.a(lib_a-__call_atexit.o)
                0x0000000020000438                __atexit_recursive_mutex
 *(.RamFunc)
 *(.RamFunc*)
                0x000000002000043c                . = ALIGN (0x4)
                0x000000002000043c                _edata = .

.igot.plt       0x000000002000043c        0x0 load address 0x000000000800248c
 .igot.plt      0x000000002000043c        0x0 /Applications/ARM/bin/../lib/gcc/arm-none-eabi/10.3.1/thumb/v7-m/nofp/crtbegin.o
                0x000000002000043c                . = ALIGN (0x4)

.bss            0x000000002000043c      0x5cc load address 0x000000000800248c
                0x000000002000043c                _sbss = .
                0x000000002000043c                __bss_start__ = _sbss
 *(.bss)
 .bss           0x000000002000043c       0x1c /Applications/ARM/bin/../lib/gcc/arm-none-eabi/10.3.1/thumb/v7-m/nofp/crtbegin.o
 *(.bss*)
 .bss.htim4     0x0000000020000458       0x48 CMakeFiles/MotionControlSystem.elf.dir/Core/Src/stm32f1xx_hal_timebase_tim.c.obj
                0x0000000020000458                htim4
 .bss.huart1    0x00000000200004a0       0x48 CMakeFiles/MotionControlSystem.elf.dir/Core/Src/usart.c.obj
                0x00000000200004a0                huart1
 .bss.huart2    0x00000000200004e8       0x48 CMakeFiles/MotionControlSystem.elf.dir/Core/Src/usart.c.obj
                0x00000000200004e8                huart2
 .bss.huart3    0x0000000020000530       0x48 CMakeFiles/MotionControlSystem.elf.dir/Core/Src/usart.c.obj
                0x0000000020000530                huart3
 .bss.uwTick    0x0000000020000578        0x4 CMakeFiles/MotionControlSystem.elf.dir/Drivers/STM32F1xx_HAL_Driver/Src/stm32f1xx_hal.c.obj
                0x0000000020000578                uwTick
 .bss.pxCurrentTCB
                0x000000002000057c        0x4 CMakeFiles/MotionControlSystem.elf.dir/Middlewares/Third_Party/FreeRTOS/Source/tasks.c.obj
                0x000000002000057c                pxCurrentTCB
 .bss.pxDelayedTaskList
                0x0000000020000580        0x4 CMakeFiles/MotionControlSystem.elf.dir/Middlewares/Third_Party/FreeRTOS/Source/tasks.c.obj
 .bss.pxOverflowDelayedTaskList
                0x0000000020000584        0x4 CMakeFiles/MotionControlSystem.elf.dir/Middlewares/Third_Party/FreeRTOS/Source/tasks.c.obj
 .bss.pxReadyTasksLists
                0x0000000020000588      0x460 CMakeFiles/MotionControlSystem.elf.dir/Middlewares/Third_Party/FreeRTOS/Source/tasks.c.obj
 .bss.uxPendedTicks
                0x00000000200009e8        0x4 CMakeFiles/MotionControlSystem.elf.dir/Middlewares/Third_Party/FreeRTOS/Source/tasks.c.obj
 .bss.uxSchedulerSuspended
                0x00000000200009ec        0x4 CMakeFiles/MotionControlSystem.elf.dir/Middlewares/Third_Party/FreeRTOS/Source/tasks.c.obj
 .bss.uxTopReadyPriority
                0x00000000200009f0        0x4 CMakeFiles/MotionControlSystem.elf.dir/Middlewares/Third_Party/FreeRTOS/Source/tasks.c.obj
 .bss.xNextTaskUnblockTime
                0x00000000200009f4        0x4 CMakeFiles/MotionControlSystem.elf.dir/Middlewares/Third_Party/FreeRTOS/Source/tasks.c.obj
 .bss.xNumOfOverflows
                0x00000000200009f8        0x4 CMakeFiles/MotionControlSystem.elf.dir/Middlewares/Third_Party/FreeRTOS/Source/tasks.c.obj
 .bss.xTickCount
                0x00000000200009fc        0x4 CMakeFiles/MotionControlSystem.elf.dir/Middlewares/Third_Party/FreeRTOS/Source/tasks.c.obj
 .bss.xYieldPending
                0x0000000020000a00        0x4 CMakeFiles/MotionControlSystem.elf.dir/Middlewares/Third_Party/FreeRTOS/Source/tasks.c.obj
 .bss.__lock___atexit_recursive_mutex
                0x0000000020000a04        0x1 /Applications/ARM/bin/../lib/gcc/arm-none-eabi/10.3.1/../../../../arm-none-eabi/lib/thumb/v7-m/nofp/libg.a(lib_a-lock.o)
                0x0000000020000a04                __lock___atexit_recursive_mutex
 *(COMMON)
                0x0000000020000a08                . = ALIGN (0x4)
 *fill*         0x0000000020000a05        0x3 
                0x0000000020000a08                _ebss = .
                0x0000000020000a08                __bss_end__ = _ebss

._user_heap_stack
                0x0000000020000a08      0x600 load address 0x000000000800248c
                0x0000000020000a08                . = ALIGN (0x8)
                [!provide]                        PROVIDE (end = .)
                0x0000000020000a08                PROVIDE (_end = .)
                0x0000000020000c08                . = (. + _Min_Heap_Size)
 *fill*         0x0000000020000a08      0x200 
                0x0000000020001008                . = (. + _Min_Stack_Size)
 *fill*         0x0000000020000c08      0x400 
                0x0000000020001008                . = ALIGN (0x8)

/DISCARD/
 libc.a(*)
 libm.a(*)
 libgcc.a(*)

.ARM.attributes
                0x0000000000000000       0x29
 *(.ARM.attributes)
 .ARM.attributes
                0x0000000000000000       0x1d /Applications/ARM/bin/../lib/gcc/arm-none-eabi/10.3.1/thumb/v7-m/nofp/crti.o
 .ARM.attributes
                0x000000000000001d       0x2d /Applications/ARM/bin/../lib/gcc/arm-none-eabi/10.3.1/thumb/v7-m/nofp/crtbegin.o
 .ARM.attributes
                0x000000000000004a       0x2d CMakeFiles/MotionControlSystem.elf.dir/Core/Src/gpio.c.obj
 .ARM.attributes
                0x0000000000000077       0x2d CMakeFiles/MotionControlSystem.elf.dir/Core/Src/main.c.obj
 .ARM.attributes
                0x00000000000000a4       0x2d CMakeFiles/MotionControlSystem.elf.dir/Core/Src/servo.c.obj
 .ARM.attributes
                0x00000000000000d1       0x2d CMakeFiles/MotionControlSystem.elf.dir/Core/Src/stm32f1xx_hal_msp.c.obj
 .ARM.attributes
                0x00000000000000fe       0x2d CMakeFiles/MotionControlSystem.elf.dir/Core/Src/stm32f1xx_hal_timebase_tim.c.obj
 .ARM.attributes
                0x000000000000012b       0x2d CMakeFiles/MotionControlSystem.elf.dir/Core/Src/stm32f1xx_it.c.obj
 .ARM.attributes
                0x0000000000000158       0x2d CMakeFiles/MotionControlSystem.elf.dir/Core/Src/system_stm32f1xx.c.obj
 .ARM.attributes
                0x0000000000000185       0x2d CMakeFiles/MotionControlSystem.elf.dir/Core/Src/usart.c.obj
 .ARM.attributes
                0x00000000000001b2       0x21 CMakeFiles/MotionControlSystem.elf.dir/Core/Startup/startup_stm32f103c8tx.s.obj
 .ARM.attributes
                0x00000000000001d3       0x2d CMakeFiles/MotionControlSystem.elf.dir/Drivers/STM32F1xx_HAL_Driver/Src/stm32f1xx_hal.c.obj
 .ARM.attributes
                0x0000000000000200       0x2d CMakeFiles/MotionControlSystem.elf.dir/Drivers/STM32F1xx_HAL_Driver/Src/stm32f1xx_hal_cortex.c.obj
 .ARM.attributes
                0x000000000000022d       0x2d CMakeFiles/MotionControlSystem.elf.dir/Drivers/STM32F1xx_HAL_Driver/Src/stm32f1xx_hal_dma.c.obj
 .ARM.attributes
                0x000000000000025a       0x2d CMakeFiles/MotionControlSystem.elf.dir/Drivers/STM32F1xx_HAL_Driver/Src/stm32f1xx_hal_gpio.c.obj
 .ARM.attributes
                0x0000000000000287       0x2d CMakeFiles/MotionControlSystem.elf.dir/Drivers/STM32F1xx_HAL_Driver/Src/stm32f1xx_hal_rcc.c.obj
 .ARM.attributes
                0x00000000000002b4       0x2d CMakeFiles/MotionControlSystem.elf.dir/Drivers/STM32F1xx_HAL_Driver/Src/stm32f1xx_hal_tim.c.obj
 .ARM.attributes
                0x00000000000002e1       0x2d CMakeFiles/MotionControlSystem.elf.dir/Drivers/STM32F1xx_HAL_Driver/Src/stm32f1xx_hal_tim_ex.c.obj
 .ARM.attributes
                0x000000000000030e       0x2d CMakeFiles/MotionControlSystem.elf.dir/Drivers/STM32F1xx_HAL_Driver/Src/stm32f1xx_hal_uart.c.obj
 .ARM.attributes
                0x000000000000033b       0x2d CMakeFiles/MotionControlSystem.elf.dir/Middlewares/Third_Party/FreeRTOS/Source/list.c.obj
 .ARM.attributes
                0x0000000000000368       0x2d CMakeFiles/MotionControlSystem.elf.dir/Middlewares/Third_Party/FreeRTOS/Source/portable/GCC/ARM_CM3/port.c.obj
 .ARM.attributes
                0x0000000000000395       0x2d CMakeFiles/MotionControlSystem.elf.dir/Middlewares/Third_Party/FreeRTOS/Source/tasks.c.obj
 .ARM.attributes
                0x00000000000003c2       0x2d /Applications/ARM/bin/../lib/gcc/arm-none-eabi/10.3.1/../../../../arm-none-eabi/lib/thumb/v7-m/nofp/libg.a(lib_a-impure.o)
 .ARM.attributes
                0x00000000000003ef       0x2d /Applications/ARM/bin/../lib/gcc/arm-none-eabi/10.3.1/../../../../arm-none-eabi/lib/thumb/v7-m/nofp/libg.a(lib_a-init.o)
 .ARM.attributes
                0x000000000000041c       0x2d /Applications/ARM/bin/../lib/gcc/arm-none-eabi/10.3.1/../../../../arm-none-eabi/lib/thumb/v7-m/nofp/libg.a(lib_a-memset.o)
 .ARM.attributes
                0x0000000000000449       0x2d /Applications/ARM/bin/../lib/gcc/arm-none-eabi/10.3.1/../../../../arm-none-eabi/lib/thumb/v7-m/nofp/libg.a(lib_a-__call_atexit.o)
 .ARM.attributes
                0x0000000000000476       0x2d /Applications/ARM/bin/../lib/gcc/arm-none-eabi/10.3.1/../../../../arm-none-eabi/lib/thumb/v7-m/nofp/libg.a(lib_a-atexit.o)
 .ARM.attributes
                0x00000000000004a3       0x2d /Applications/ARM/bin/../lib/gcc/arm-none-eabi/10.3.1/../../../../arm-none-eabi/lib/thumb/v7-m/nofp/libg.a(lib_a-fini.o)
 .ARM.attributes
                0x00000000000004d0       0x2d /Applications/ARM/bin/../lib/gcc/arm-none-eabi/10.3.1/../../../../arm-none-eabi/lib/thumb/v7-m/nofp/libg.a(lib_a-lock.o)
 .ARM.attributes
                0x00000000000004fd       0x2d /Applications/ARM/bin/../lib/gcc/arm-none-eabi/10.3.1/../../../../arm-none-eabi/lib/thumb/v7-m/nofp/libg.a(lib_a-__atexit.o)
 .ARM.attributes
                0x000000000000052a       0x1d /Applications/ARM/bin/../lib/gcc/arm-none-eabi/10.3.1/thumb/v7-m/nofp/crtn.o
OUTPUT(MotionControlSystem.elf elf32-littlearm)
LOAD linker stubs
LOAD /Applications/ARM/bin/../lib/gcc/arm-none-eabi/10.3.1/../../../../arm-none-eabi/lib/thumb/v7-m/nofp/libc.a
LOAD /Applications/ARM/bin/../lib/gcc/arm-none-eabi/10.3.1/../../../../arm-none-eabi/lib/thumb/v7-m/nofp/libm.a
LOAD /Applications/ARM/bin/../lib/gcc/arm-none-eabi/10.3.1/thumb/v7-m/nofp/libgcc.a

.debug_info     0x0000000000000000    0x13da2
 .debug_info    0x0000000000000000      0x4a1 CMakeFiles/MotionControlSystem.elf.dir/Core/Src/gpio.c.obj
 .debug_info    0x00000000000004a1      0xae0 CMakeFiles/MotionControlSystem.elf.dir/Core/Src/main.c.obj
 .debug_info    0x0000000000000f81      0x73c CMakeFiles/MotionControlSystem.elf.dir/Core/Src/servo.c.obj
 .debug_info    0x00000000000016bd      0x387 CMakeFiles/MotionControlSystem.elf.dir/Core/Src/stm32f1xx_hal_msp.c.obj
 .debug_info    0x0000000000001a44      0xa12 CMakeFiles/MotionControlSystem.elf.dir/Core/Src/stm32f1xx_hal_timebase_tim.c.obj
 .debug_info    0x0000000000002456      0xa2d CMakeFiles/MotionControlSystem.elf.dir/Core/Src/stm32f1xx_it.c.obj
 .debug_info    0x0000000000002e83      0x248 CMakeFiles/MotionControlSystem.elf.dir/Core/Src/system_stm32f1xx.c.obj
 .debug_info    0x00000000000030cb      0xc50 CMakeFiles/MotionControlSystem.elf.dir/Core/Src/usart.c.obj
 .debug_info    0x0000000000003d1b       0x22 CMakeFiles/MotionControlSystem.elf.dir/Core/Startup/startup_stm32f103c8tx.s.obj
 .debug_info    0x0000000000003d3d      0x7a8 CMakeFiles/MotionControlSystem.elf.dir/Drivers/STM32F1xx_HAL_Driver/Src/stm32f1xx_hal.c.obj
 .debug_info    0x00000000000044e5      0xd8a CMakeFiles/MotionControlSystem.elf.dir/Drivers/STM32F1xx_HAL_Driver/Src/stm32f1xx_hal_cortex.c.obj
 .debug_info    0x000000000000526f      0x84b CMakeFiles/MotionControlSystem.elf.dir/Drivers/STM32F1xx_HAL_Driver/Src/stm32f1xx_hal_dma.c.obj
 .debug_info    0x0000000000005aba      0x66f CMakeFiles/MotionControlSystem.elf.dir/Drivers/STM32F1xx_HAL_Driver/Src/stm32f1xx_hal_gpio.c.obj
 .debug_info    0x0000000000006129      0xa3b CMakeFiles/MotionControlSystem.elf.dir/Drivers/STM32F1xx_HAL_Driver/Src/stm32f1xx_hal_rcc.c.obj
 .debug_info    0x0000000000006b64     0x3d52 CMakeFiles/MotionControlSystem.elf.dir/Drivers/STM32F1xx_HAL_Driver/Src/stm32f1xx_hal_tim.c.obj
 .debug_info    0x000000000000a8b6     0x1abb CMakeFiles/MotionControlSystem.elf.dir/Drivers/STM32F1xx_HAL_Driver/Src/stm32f1xx_hal_tim_ex.c.obj
 .debug_info    0x000000000000c371     0x4212 CMakeFiles/MotionControlSystem.elf.dir/Drivers/STM32F1xx_HAL_Driver/Src/stm32f1xx_hal_uart.c.obj
 .debug_info    0x0000000000010583      0x2da CMakeFiles/MotionControlSystem.elf.dir/Middlewares/Third_Party/FreeRTOS/Source/list.c.obj
 .debug_info    0x000000000001085d      0x52b CMakeFiles/MotionControlSystem.elf.dir/Middlewares/Third_Party/FreeRTOS/Source/portable/GCC/ARM_CM3/port.c.obj
 .debug_info    0x0000000000010d88     0x301a CMakeFiles/MotionControlSystem.elf.dir/Middlewares/Third_Party/FreeRTOS/Source/tasks.c.obj

.debug_abbrev   0x0000000000000000     0x2727
 .debug_abbrev  0x0000000000000000      0x158 CMakeFiles/MotionControlSystem.elf.dir/Core/Src/gpio.c.obj
 .debug_abbrev  0x0000000000000158      0x223 CMakeFiles/MotionControlSystem.elf.dir/Core/Src/main.c.obj
 .debug_abbrev  0x000000000000037b      0x202 CMakeFiles/MotionControlSystem.elf.dir/Core/Src/servo.c.obj
 .debug_abbrev  0x000000000000057d      0x12d CMakeFiles/MotionControlSystem.elf.dir/Core/Src/stm32f1xx_hal_msp.c.obj
 .debug_abbrev  0x00000000000006aa      0x1ec CMakeFiles/MotionControlSystem.elf.dir/Core/Src/stm32f1xx_hal_timebase_tim.c.obj
 .debug_abbrev  0x0000000000000896      0x1b7 CMakeFiles/MotionControlSystem.elf.dir/Core/Src/stm32f1xx_it.c.obj
 .debug_abbrev  0x0000000000000a4d      0x13e CMakeFiles/MotionControlSystem.elf.dir/Core/Src/system_stm32f1xx.c.obj
 .debug_abbrev  0x0000000000000b8b      0x1d1 CMakeFiles/MotionControlSystem.elf.dir/Core/Src/usart.c.obj
 .debug_abbrev  0x0000000000000d5c       0x12 CMakeFiles/MotionControlSystem.elf.dir/Core/Startup/startup_stm32f103c8tx.s.obj
 .debug_abbrev  0x0000000000000d6e      0x1f4 CMakeFiles/MotionControlSystem.elf.dir/Drivers/STM32F1xx_HAL_Driver/Src/stm32f1xx_hal.c.obj
 .debug_abbrev  0x0000000000000f62      0x341 CMakeFiles/MotionControlSystem.elf.dir/Drivers/STM32F1xx_HAL_Driver/Src/stm32f1xx_hal_cortex.c.obj
 .debug_abbrev  0x00000000000012a3      0x223 CMakeFiles/MotionControlSystem.elf.dir/Drivers/STM32F1xx_HAL_Driver/Src/stm32f1xx_hal_dma.c.obj
 .debug_abbrev  0x00000000000014c6      0x1e6 CMakeFiles/MotionControlSystem.elf.dir/Drivers/STM32F1xx_HAL_Driver/Src/stm32f1xx_hal_gpio.c.obj
 .debug_abbrev  0x00000000000016ac      0x27a CMakeFiles/MotionControlSystem.elf.dir/Drivers/STM32F1xx_HAL_Driver/Src/stm32f1xx_hal_rcc.c.obj
 .debug_abbrev  0x0000000000001926      0x245 CMakeFiles/MotionControlSystem.elf.dir/Drivers/STM32F1xx_HAL_Driver/Src/stm32f1xx_hal_tim.c.obj
 .debug_abbrev  0x0000000000001b6b      0x248 CMakeFiles/MotionControlSystem.elf.dir/Drivers/STM32F1xx_HAL_Driver/Src/stm32f1xx_hal_tim_ex.c.obj
 .debug_abbrev  0x0000000000001db3      0x2dd CMakeFiles/MotionControlSystem.elf.dir/Drivers/STM32F1xx_HAL_Driver/Src/stm32f1xx_hal_uart.c.obj
 .debug_abbrev  0x0000000000002090      0x106 CMakeFiles/MotionControlSystem.elf.dir/Middlewares/Third_Party/FreeRTOS/Source/list.c.obj
 .debug_abbrev  0x0000000000002196      0x27e CMakeFiles/MotionControlSystem.elf.dir/Middlewares/Third_Party/FreeRTOS/Source/portable/GCC/ARM_CM3/port.c.obj
 .debug_abbrev  0x0000000000002414      0x313 CMakeFiles/MotionControlSystem.elf.dir/Middlewares/Third_Party/FreeRTOS/Source/tasks.c.obj

.debug_aranges  0x0000000000000000      0xeb0
 .debug_aranges
                0x0000000000000000       0x20 CMakeFiles/MotionControlSystem.elf.dir/Core/Src/gpio.c.obj
 .debug_aranges
                0x0000000000000020       0x40 CMakeFiles/MotionControlSystem.elf.dir/Core/Src/main.c.obj
 .debug_aranges
                0x0000000000000060       0x38 CMakeFiles/MotionControlSystem.elf.dir/Core/Src/servo.c.obj
 .debug_aranges
                0x0000000000000098       0x20 CMakeFiles/MotionControlSystem.elf.dir/Core/Src/stm32f1xx_hal_msp.c.obj
 .debug_aranges
                0x00000000000000b8       0x30 CMakeFiles/MotionControlSystem.elf.dir/Core/Src/stm32f1xx_hal_timebase_tim.c.obj
 .debug_aranges
                0x00000000000000e8       0x70 CMakeFiles/MotionControlSystem.elf.dir/Core/Src/stm32f1xx_it.c.obj
 .debug_aranges
                0x0000000000000158       0x28 CMakeFiles/MotionControlSystem.elf.dir/Core/Src/system_stm32f1xx.c.obj
 .debug_aranges
                0x0000000000000180       0x40 CMakeFiles/MotionControlSystem.elf.dir/Core/Src/usart.c.obj
 .debug_aranges
                0x00000000000001c0       0x28 CMakeFiles/MotionControlSystem.elf.dir/Core/Startup/startup_stm32f103c8tx.s.obj
 .debug_aranges
                0x00000000000001e8       0xe0 CMakeFiles/MotionControlSystem.elf.dir/Drivers/STM32F1xx_HAL_Driver/Src/stm32f1xx_hal.c.obj
 .debug_aranges
                0x00000000000002c8       0x90 CMakeFiles/MotionControlSystem.elf.dir/Drivers/STM32F1xx_HAL_Driver/Src/stm32f1xx_hal_cortex.c.obj
 .debug_aranges
                0x0000000000000358       0x80 CMakeFiles/MotionControlSystem.elf.dir/Drivers/STM32F1xx_HAL_Driver/Src/stm32f1xx_hal_dma.c.obj
 .debug_aranges
                0x00000000000003d8       0x58 CMakeFiles/MotionControlSystem.elf.dir/Drivers/STM32F1xx_HAL_Driver/Src/stm32f1xx_hal_gpio.c.obj
 .debug_aranges
                0x0000000000000430       0x90 CMakeFiles/MotionControlSystem.elf.dir/Drivers/STM32F1xx_HAL_Driver/Src/stm32f1xx_hal_rcc.c.obj
 .debug_aranges
                0x00000000000004c0      0x3d0 CMakeFiles/MotionControlSystem.elf.dir/Drivers/STM32F1xx_HAL_Driver/Src/stm32f1xx_hal_tim.c.obj
 .debug_aranges
                0x0000000000000890      0x168 CMakeFiles/MotionControlSystem.elf.dir/Drivers/STM32F1xx_HAL_Driver/Src/stm32f1xx_hal_tim_ex.c.obj
 .debug_aranges
                0x00000000000009f8      0x208 CMakeFiles/MotionControlSystem.elf.dir/Drivers/STM32F1xx_HAL_Driver/Src/stm32f1xx_hal_uart.c.obj
 .debug_aranges
                0x0000000000000c00       0x40 CMakeFiles/MotionControlSystem.elf.dir/Middlewares/Third_Party/FreeRTOS/Source/list.c.obj
 .debug_aranges
                0x0000000000000c40       0x78 CMakeFiles/MotionControlSystem.elf.dir/Middlewares/Third_Party/FreeRTOS/Source/portable/GCC/ARM_CM3/port.c.obj
 .debug_aranges
                0x0000000000000cb8      0x1f8 CMakeFiles/MotionControlSystem.elf.dir/Middlewares/Third_Party/FreeRTOS/Source/tasks.c.obj

.debug_ranges   0x0000000000000000      0xf48
 .debug_ranges  0x0000000000000000       0x10 CMakeFiles/MotionControlSystem.elf.dir/Core/Src/gpio.c.obj
 .debug_ranges  0x0000000000000010       0x30 CMakeFiles/MotionControlSystem.elf.dir/Core/Src/main.c.obj
 .debug_ranges  0x0000000000000040       0x28 CMakeFiles/MotionControlSystem.elf.dir/Core/Src/servo.c.obj
 .debug_ranges  0x0000000000000068       0x10 CMakeFiles/MotionControlSystem.elf.dir/Core/Src/stm32f1xx_hal_msp.c.obj
 .debug_ranges  0x0000000000000078       0x20 CMakeFiles/MotionControlSystem.elf.dir/Core/Src/stm32f1xx_hal_timebase_tim.c.obj
 .debug_ranges  0x0000000000000098       0x60 CMakeFiles/MotionControlSystem.elf.dir/Core/Src/stm32f1xx_it.c.obj
 .debug_ranges  0x00000000000000f8       0x18 CMakeFiles/MotionControlSystem.elf.dir/Core/Src/system_stm32f1xx.c.obj
 .debug_ranges  0x0000000000000110       0x30 CMakeFiles/MotionControlSystem.elf.dir/Core/Src/usart.c.obj
 .debug_ranges  0x0000000000000140       0x20 CMakeFiles/MotionControlSystem.elf.dir/Core/Startup/startup_stm32f103c8tx.s.obj
 .debug_ranges  0x0000000000000160       0xd0 CMakeFiles/MotionControlSystem.elf.dir/Drivers/STM32F1xx_HAL_Driver/Src/stm32f1xx_hal.c.obj
 .debug_ranges  0x0000000000000230       0xe0 CMakeFiles/MotionControlSystem.elf.dir/Drivers/STM32F1xx_HAL_Driver/Src/stm32f1xx_hal_cortex.c.obj
 .debug_ranges  0x0000000000000310       0x70 CMakeFiles/MotionControlSystem.elf.dir/Drivers/STM32F1xx_HAL_Driver/Src/stm32f1xx_hal_dma.c.obj
 .debug_ranges  0x0000000000000380       0x48 CMakeFiles/MotionControlSystem.elf.dir/Drivers/STM32F1xx_HAL_Driver/Src/stm32f1xx_hal_gpio.c.obj
 .debug_ranges  0x00000000000003c8       0xa0 CMakeFiles/MotionControlSystem.elf.dir/Drivers/STM32F1xx_HAL_Driver/Src/stm32f1xx_hal_rcc.c.obj
 .debug_ranges  0x0000000000000468      0x3c0 CMakeFiles/MotionControlSystem.elf.dir/Drivers/STM32F1xx_HAL_Driver/Src/stm32f1xx_hal_tim.c.obj
 .debug_ranges  0x0000000000000828      0x158 CMakeFiles/MotionControlSystem.elf.dir/Drivers/STM32F1xx_HAL_Driver/Src/stm32f1xx_hal_tim_ex.c.obj
 .debug_ranges  0x0000000000000980      0x210 CMakeFiles/MotionControlSystem.elf.dir/Drivers/STM32F1xx_HAL_Driver/Src/stm32f1xx_hal_uart.c.obj
 .debug_ranges  0x0000000000000b90       0x30 CMakeFiles/MotionControlSystem.elf.dir/Middlewares/Third_Party/FreeRTOS/Source/list.c.obj
 .debug_ranges  0x0000000000000bc0       0x68 CMakeFiles/MotionControlSystem.elf.dir/Middlewares/Third_Party/FreeRTOS/Source/portable/GCC/ARM_CM3/port.c.obj
 .debug_ranges  0x0000000000000c28      0x320 CMakeFiles/MotionControlSystem.elf.dir/Middlewares/Third_Party/FreeRTOS/Source/tasks.c.obj

.debug_line     0x0000000000000000    0x12872
 .debug_line    0x0000000000000000      0x281 CMakeFiles/MotionControlSystem.elf.dir/Core/Src/gpio.c.obj
 .debug_line    0x0000000000000281      0x4ca CMakeFiles/MotionControlSystem.elf.dir/Core/Src/main.c.obj
 .debug_line    0x000000000000074b      0x3a5 CMakeFiles/MotionControlSystem.elf.dir/Core/Src/servo.c.obj
 .debug_line    0x0000000000000af0      0x232 CMakeFiles/MotionControlSystem.elf.dir/Core/Src/stm32f1xx_hal_msp.c.obj
 .debug_line    0x0000000000000d22      0x31b CMakeFiles/MotionControlSystem.elf.dir/Core/Src/stm32f1xx_hal_timebase_tim.c.obj
 .debug_line    0x000000000000103d      0x3a9 CMakeFiles/MotionControlSystem.elf.dir/Core/Src/stm32f1xx_it.c.obj
 .debug_line    0x00000000000013e6      0x278 CMakeFiles/MotionControlSystem.elf.dir/Core/Src/system_stm32f1xx.c.obj
 .debug_line    0x000000000000165e      0x56d CMakeFiles/MotionControlSystem.elf.dir/Core/Src/usart.c.obj
 .debug_line    0x0000000000001bcb       0xcb CMakeFiles/MotionControlSystem.elf.dir/Core/Startup/startup_stm32f103c8tx.s.obj
 .debug_line    0x0000000000001c96      0x5f0 CMakeFiles/MotionControlSystem.elf.dir/Drivers/STM32F1xx_HAL_Driver/Src/stm32f1xx_hal.c.obj
 .debug_line    0x0000000000002286      0x6b3 CMakeFiles/MotionControlSystem.elf.dir/Drivers/STM32F1xx_HAL_Driver/Src/stm32f1xx_hal_cortex.c.obj
 .debug_line    0x0000000000002939      0xad4 CMakeFiles/MotionControlSystem.elf.dir/Drivers/STM32F1xx_HAL_Driver/Src/stm32f1xx_hal_dma.c.obj
 .debug_line    0x000000000000340d      0x65b CMakeFiles/MotionControlSystem.elf.dir/Drivers/STM32F1xx_HAL_Driver/Src/stm32f1xx_hal_gpio.c.obj
 .debug_line    0x0000000000003a68      0xc98 CMakeFiles/MotionControlSystem.elf.dir/Drivers/STM32F1xx_HAL_Driver/Src/stm32f1xx_hal_rcc.c.obj
 .debug_line    0x0000000000004700     0x49f3 CMakeFiles/MotionControlSystem.elf.dir/Drivers/STM32F1xx_HAL_Driver/Src/stm32f1xx_hal_tim.c.obj
 .debug_line    0x00000000000090f3     0x1c68 CMakeFiles/MotionControlSystem.elf.dir/Drivers/STM32F1xx_HAL_Driver/Src/stm32f1xx_hal_tim_ex.c.obj
 .debug_line    0x000000000000ad5b     0x4465 CMakeFiles/MotionControlSystem.elf.dir/Drivers/STM32F1xx_HAL_Driver/Src/stm32f1xx_hal_uart.c.obj
 .debug_line    0x000000000000f1c0      0x3ee CMakeFiles/MotionControlSystem.elf.dir/Middlewares/Third_Party/FreeRTOS/Source/list.c.obj
 .debug_line    0x000000000000f5ae      0x69f CMakeFiles/MotionControlSystem.elf.dir/Middlewares/Third_Party/FreeRTOS/Source/portable/GCC/ARM_CM3/port.c.obj
 .debug_line    0x000000000000fc4d     0x2c25 CMakeFiles/MotionControlSystem.elf.dir/Middlewares/Third_Party/FreeRTOS/Source/tasks.c.obj

.debug_str      0x0000000000000000     0x4f41
 .debug_str     0x0000000000000000      0x5b7 CMakeFiles/MotionControlSystem.elf.dir/Core/Src/gpio.c.obj
                                        0x602 (size before relaxing)
 .debug_str     0x00000000000005b7      0x6f7 CMakeFiles/MotionControlSystem.elf.dir/Core/Src/main.c.obj
                                        0x991 (size before relaxing)
 .debug_str     0x0000000000000cae      0x2a8 CMakeFiles/MotionControlSystem.elf.dir/Core/Src/servo.c.obj
                                        0x6a1 (size before relaxing)
 .debug_str     0x0000000000000f56       0x9f CMakeFiles/MotionControlSystem.elf.dir/Core/Src/stm32f1xx_hal_msp.c.obj
                                        0x591 (size before relaxing)
 .debug_str     0x0000000000000ff5      0x143 CMakeFiles/MotionControlSystem.elf.dir/Core/Src/stm32f1xx_hal_timebase_tim.c.obj
                                        0xb78 (size before relaxing)
 .debug_str     0x0000000000001138      0x16c CMakeFiles/MotionControlSystem.elf.dir/Core/Src/stm32f1xx_it.c.obj
                                        0xa12 (size before relaxing)
 .debug_str     0x00000000000012a4       0xc3 CMakeFiles/MotionControlSystem.elf.dir/Core/Src/system_stm32f1xx.c.obj
                                        0x2dc (size before relaxing)
 .debug_str     0x0000000000001367       0xba CMakeFiles/MotionControlSystem.elf.dir/Core/Src/usart.c.obj
                                        0xa8f (size before relaxing)
 .debug_str     0x0000000000001421       0x7b CMakeFiles/MotionControlSystem.elf.dir/Core/Startup/startup_stm32f103c8tx.s.obj
                                         0xd5 (size before relaxing)
 .debug_str     0x000000000000149c      0x2fe CMakeFiles/MotionControlSystem.elf.dir/Drivers/STM32F1xx_HAL_Driver/Src/stm32f1xx_hal.c.obj
                                        0x8ac (size before relaxing)
 .debug_str     0x000000000000179a      0x3e3 CMakeFiles/MotionControlSystem.elf.dir/Drivers/STM32F1xx_HAL_Driver/Src/stm32f1xx_hal_cortex.c.obj
                                        0x95b (size before relaxing)
 .debug_str     0x0000000000001b7d      0x284 CMakeFiles/MotionControlSystem.elf.dir/Drivers/STM32F1xx_HAL_Driver/Src/stm32f1xx_hal_dma.c.obj
                                        0x685 (size before relaxing)
 .debug_str     0x0000000000001e01      0x12a CMakeFiles/MotionControlSystem.elf.dir/Drivers/STM32F1xx_HAL_Driver/Src/stm32f1xx_hal_gpio.c.obj
                                        0x488 (size before relaxing)
 .debug_str     0x0000000000001f2b      0x203 CMakeFiles/MotionControlSystem.elf.dir/Drivers/STM32F1xx_HAL_Driver/Src/stm32f1xx_hal_rcc.c.obj
                                        0x6b3 (size before relaxing)
 .debug_str     0x000000000000212e      0xeec CMakeFiles/MotionControlSystem.elf.dir/Drivers/STM32F1xx_HAL_Driver/Src/stm32f1xx_hal_tim.c.obj
                                       0x16c7 (size before relaxing)
 .debug_str     0x000000000000301a      0x5d9 CMakeFiles/MotionControlSystem.elf.dir/Drivers/STM32F1xx_HAL_Driver/Src/stm32f1xx_hal_tim_ex.c.obj
                                        0xec8 (size before relaxing)
 .debug_str     0x00000000000035f3      0x63c CMakeFiles/MotionControlSystem.elf.dir/Drivers/STM32F1xx_HAL_Driver/Src/stm32f1xx_hal_uart.c.obj
                                        0xd7c (size before relaxing)
 .debug_str     0x0000000000003c2f      0x1ab CMakeFiles/MotionControlSystem.elf.dir/Middlewares/Third_Party/FreeRTOS/Source/list.c.obj
                                        0x37d (size before relaxing)
 .debug_str     0x0000000000003dda      0x2de CMakeFiles/MotionControlSystem.elf.dir/Middlewares/Third_Party/FreeRTOS/Source/portable/GCC/ARM_CM3/port.c.obj
                                        0x4e9 (size before relaxing)
 .debug_str     0x00000000000040b8      0xe89 CMakeFiles/MotionControlSystem.elf.dir/Middlewares/Third_Party/FreeRTOS/Source/tasks.c.obj
                                       0x12f7 (size before relaxing)

.comment        0x0000000000000000       0x49
 .comment       0x0000000000000000       0x49 CMakeFiles/MotionControlSystem.elf.dir/Core/Src/gpio.c.obj
                                         0x4a (size before relaxing)
 .comment       0x0000000000000049       0x4a CMakeFiles/MotionControlSystem.elf.dir/Core/Src/main.c.obj
 .comment       0x0000000000000049       0x4a CMakeFiles/MotionControlSystem.elf.dir/Core/Src/servo.c.obj
 .comment       0x0000000000000049       0x4a CMakeFiles/MotionControlSystem.elf.dir/Core/Src/stm32f1xx_hal_msp.c.obj
 .comment       0x0000000000000049       0x4a CMakeFiles/MotionControlSystem.elf.dir/Core/Src/stm32f1xx_hal_timebase_tim.c.obj
 .comment       0x0000000000000049       0x4a CMakeFiles/MotionControlSystem.elf.dir/Core/Src/stm32f1xx_it.c.obj
 .comment       0x0000000000000049       0x4a CMakeFiles/MotionControlSystem.elf.dir/Core/Src/system_stm32f1xx.c.obj
 .comment       0x0000000000000049       0x4a CMakeFiles/MotionControlSystem.elf.dir/Core/Src/usart.c.obj
 .comment       0x0000000000000049       0x4a CMakeFiles/MotionControlSystem.elf.dir/Drivers/STM32F1xx_HAL_Driver/Src/stm32f1xx_hal.c.obj
 .comment       0x0000000000000049       0x4a CMakeFiles/MotionControlSystem.elf.dir/Drivers/STM32F1xx_HAL_Driver/Src/stm32f1xx_hal_cortex.c.obj
 .comment       0x0000000000000049       0x4a CMakeFiles/MotionControlSystem.elf.dir/Drivers/STM32F1xx_HAL_Driver/Src/stm32f1xx_hal_dma.c.obj
 .comment       0x0000000000000049       0x4a CMakeFiles/MotionControlSystem.elf.dir/Drivers/STM32F1xx_HAL_Driver/Src/stm32f1xx_hal_gpio.c.obj
 .comment       0x0000000000000049       0x4a CMakeFiles/MotionControlSystem.elf.dir/Drivers/STM32F1xx_HAL_Driver/Src/stm32f1xx_hal_rcc.c.obj
 .comment       0x0000000000000049       0x4a CMakeFiles/MotionControlSystem.elf.dir/Drivers/STM32F1xx_HAL_Driver/Src/stm32f1xx_hal_tim.c.obj
 .comment       0x0000000000000049       0x4a CMakeFiles/MotionControlSystem.elf.dir/Drivers/STM32F1xx_HAL_Driver/Src/stm32f1xx_hal_tim_ex.c.obj
 .comment       0x0000000000000049       0x4a CMakeFiles/MotionControlSystem.elf.dir/Drivers/STM32F1xx_HAL_Driver/Src/stm32f1xx_hal_uart.c.obj
 .comment       0x0000000000000049       0x4a CMakeFiles/MotionControlSystem.elf.dir/Middlewares/Third_Party/FreeRTOS/Source/list.c.obj
 .comment       0x0000000000000049       0x4a CMakeFiles/MotionControlSystem.elf.dir/Middlewares/Third_Party/FreeRTOS/Source/portable/GCC/ARM_CM3/port.c.obj
 .comment       0x0000000000000049       0x4a CMakeFiles/MotionControlSystem.elf.dir/Middlewares/Third_Party/FreeRTOS/Source/tasks.c.obj

.debug_frame    0x0000000000000000     0x288c
 .debug_frame   0x0000000000000000       0x34 CMakeFiles/MotionControlSystem.elf.dir/Core/Src/gpio.c.obj
 .debug_frame   0x0000000000000034       0x88 CMakeFiles/MotionControlSystem.elf.dir/Core/Src/main.c.obj
 .debug_frame   0x00000000000000bc       0x70 CMakeFiles/MotionControlSystem.elf.dir/Core/Src/servo.c.obj
 .debug_frame   0x000000000000012c       0x2c CMakeFiles/MotionControlSystem.elf.dir/Core/Src/stm32f1xx_hal_msp.c.obj
 .debug_frame   0x0000000000000158       0x50 CMakeFiles/MotionControlSystem.elf.dir/Core/Src/stm32f1xx_hal_timebase_tim.c.obj
 .debug_frame   0x00000000000001a8       0xe8 CMakeFiles/MotionControlSystem.elf.dir/Core/Src/stm32f1xx_it.c.obj
 .debug_frame   0x0000000000000290       0x30 CMakeFiles/MotionControlSystem.elf.dir/Core/Src/system_stm32f1xx.c.obj
 .debug_frame   0x00000000000002c0       0x94 CMakeFiles/MotionControlSystem.elf.dir/Core/Src/usart.c.obj
 .debug_frame   0x0000000000000354      0x1cc CMakeFiles/MotionControlSystem.elf.dir/Drivers/STM32F1xx_HAL_Driver/Src/stm32f1xx_hal.c.obj
 .debug_frame   0x0000000000000520      0x118 CMakeFiles/MotionControlSystem.elf.dir/Drivers/STM32F1xx_HAL_Driver/Src/stm32f1xx_hal_cortex.c.obj
 .debug_frame   0x0000000000000638      0x144 CMakeFiles/MotionControlSystem.elf.dir/Drivers/STM32F1xx_HAL_Driver/Src/stm32f1xx_hal_dma.c.obj
 .debug_frame   0x000000000000077c       0xe4 CMakeFiles/MotionControlSystem.elf.dir/Drivers/STM32F1xx_HAL_Driver/Src/stm32f1xx_hal_gpio.c.obj
 .debug_frame   0x0000000000000860      0x184 CMakeFiles/MotionControlSystem.elf.dir/Drivers/STM32F1xx_HAL_Driver/Src/stm32f1xx_hal_rcc.c.obj
 .debug_frame   0x00000000000009e4      0xb18 CMakeFiles/MotionControlSystem.elf.dir/Drivers/STM32F1xx_HAL_Driver/Src/stm32f1xx_hal_tim.c.obj
 .debug_frame   0x00000000000014fc      0x40c CMakeFiles/MotionControlSystem.elf.dir/Drivers/STM32F1xx_HAL_Driver/Src/stm32f1xx_hal_tim_ex.c.obj
 .debug_frame   0x0000000000001908      0x5d8 CMakeFiles/MotionControlSystem.elf.dir/Drivers/STM32F1xx_HAL_Driver/Src/stm32f1xx_hal_uart.c.obj
 .debug_frame   0x0000000000001ee0       0x70 CMakeFiles/MotionControlSystem.elf.dir/Middlewares/Third_Party/FreeRTOS/Source/list.c.obj
 .debug_frame   0x0000000000001f50       0xf0 CMakeFiles/MotionControlSystem.elf.dir/Middlewares/Third_Party/FreeRTOS/Source/portable/GCC/ARM_CM3/port.c.obj
 .debug_frame   0x0000000000002040      0x660 CMakeFiles/MotionControlSystem.elf.dir/Middlewares/Third_Party/FreeRTOS/Source/tasks.c.obj
 .debug_frame   0x00000000000026a0       0x2c /Applications/ARM/bin/../lib/gcc/arm-none-eabi/10.3.1/../../../../arm-none-eabi/lib/thumb/v7-m/nofp/libg.a(lib_a-init.o)
 .debug_frame   0x00000000000026cc       0x2c /Applications/ARM/bin/../lib/gcc/arm-none-eabi/10.3.1/../../../../arm-none-eabi/lib/thumb/v7-m/nofp/libg.a(lib_a-memset.o)
 .debug_frame   0x00000000000026f8       0x5c /Applications/ARM/bin/../lib/gcc/arm-none-eabi/10.3.1/../../../../arm-none-eabi/lib/thumb/v7-m/nofp/libg.a(lib_a-__call_atexit.o)
 .debug_frame   0x0000000000002754       0x20 /Applications/ARM/bin/../lib/gcc/arm-none-eabi/10.3.1/../../../../arm-none-eabi/lib/thumb/v7-m/nofp/libg.a(lib_a-atexit.o)
 .debug_frame   0x0000000000002774       0x34 /Applications/ARM/bin/../lib/gcc/arm-none-eabi/10.3.1/../../../../arm-none-eabi/lib/thumb/v7-m/nofp/libg.a(lib_a-fini.o)
 .debug_frame   0x00000000000027a8       0xb0 /Applications/ARM/bin/../lib/gcc/arm-none-eabi/10.3.1/../../../../arm-none-eabi/lib/thumb/v7-m/nofp/libg.a(lib_a-lock.o)
 .debug_frame   0x0000000000002858       0x34 /Applications/ARM/bin/../lib/gcc/arm-none-eabi/10.3.1/../../../../arm-none-eabi/lib/thumb/v7-m/nofp/libg.a(lib_a-__atexit.o)

.debug_loc      0x0000000000000000     0xfb4a
 .debug_loc     0x0000000000000000       0x67 CMakeFiles/MotionControlSystem.elf.dir/Core/Src/main.c.obj
 .debug_loc     0x0000000000000067      0x12f CMakeFiles/MotionControlSystem.elf.dir/Core/Src/servo.c.obj
 .debug_loc     0x0000000000000196       0x15 CMakeFiles/MotionControlSystem.elf.dir/Core/Src/stm32f1xx_hal_msp.c.obj
 .debug_loc     0x00000000000001ab       0x89 CMakeFiles/MotionControlSystem.elf.dir/Core/Src/stm32f1xx_hal_timebase_tim.c.obj
 .debug_loc     0x0000000000000234       0xff CMakeFiles/MotionControlSystem.elf.dir/Core/Src/system_stm32f1xx.c.obj
 .debug_loc     0x0000000000000333       0xf8 CMakeFiles/MotionControlSystem.elf.dir/Core/Src/usart.c.obj
 .debug_loc     0x000000000000042b      0x141 CMakeFiles/MotionControlSystem.elf.dir/Drivers/STM32F1xx_HAL_Driver/Src/stm32f1xx_hal.c.obj
 .debug_loc     0x000000000000056c      0x71f CMakeFiles/MotionControlSystem.elf.dir/Drivers/STM32F1xx_HAL_Driver/Src/stm32f1xx_hal_cortex.c.obj
 .debug_loc     0x0000000000000c8b      0x7d1 CMakeFiles/MotionControlSystem.elf.dir/Drivers/STM32F1xx_HAL_Driver/Src/stm32f1xx_hal_dma.c.obj
 .debug_loc     0x000000000000145c      0x47d CMakeFiles/MotionControlSystem.elf.dir/Drivers/STM32F1xx_HAL_Driver/Src/stm32f1xx_hal_gpio.c.obj
 .debug_loc     0x00000000000018d9      0x618 CMakeFiles/MotionControlSystem.elf.dir/Drivers/STM32F1xx_HAL_Driver/Src/stm32f1xx_hal_rcc.c.obj
 .debug_loc     0x0000000000001ef1     0x50fa CMakeFiles/MotionControlSystem.elf.dir/Drivers/STM32F1xx_HAL_Driver/Src/stm32f1xx_hal_tim.c.obj
 .debug_loc     0x0000000000006feb     0x1c93 CMakeFiles/MotionControlSystem.elf.dir/Drivers/STM32F1xx_HAL_Driver/Src/stm32f1xx_hal_tim_ex.c.obj
 .debug_loc     0x0000000000008c7e     0x487b CMakeFiles/MotionControlSystem.elf.dir/Drivers/STM32F1xx_HAL_Driver/Src/stm32f1xx_hal_uart.c.obj
 .debug_loc     0x000000000000d4f9       0xad CMakeFiles/MotionControlSystem.elf.dir/Middlewares/Third_Party/FreeRTOS/Source/list.c.obj
 .debug_loc     0x000000000000d5a6       0xe8 CMakeFiles/MotionControlSystem.elf.dir/Middlewares/Third_Party/FreeRTOS/Source/portable/GCC/ARM_CM3/port.c.obj
 .debug_loc     0x000000000000d68e     0x24bc CMakeFiles/MotionControlSystem.elf.dir/Middlewares/Third_Party/FreeRTOS/Source/tasks.c.obj
