Archive member included to satisfy reference by file (symbol)

/Applications/ARM/bin/../lib/gcc/arm-none-eabi/10.3.1/thumb/v7-m/nofp/libgcc.a(_arm_muldf3.o)
                              CMakeFiles/TargetTrackingSystem.elf.dir/Core/Src/freertos.c.obj (__aeabi_dmul)
/Applications/ARM/bin/../lib/gcc/arm-none-eabi/10.3.1/thumb/v7-m/nofp/libgcc.a(_arm_addsubdf3.o)
                              CMakeFiles/TargetTrackingSystem.elf.dir/Core/Src/freertos.c.obj (__aeabi_dsub)
/Applications/ARM/bin/../lib/gcc/arm-none-eabi/10.3.1/thumb/v7-m/nofp/libgcc.a(_arm_muldivdf3.o)
                              CMakeFiles/TargetTrackingSystem.elf.dir/Core/Src/screen.c.obj (__aeabi_ddiv)
/Applications/ARM/bin/../lib/gcc/arm-none-eabi/10.3.1/thumb/v7-m/nofp/libgcc.a(_arm_fixdfsi.o)
                              CMakeFiles/TargetTrackingSystem.elf.dir/Core/Src/freertos.c.obj (__aeabi_d2iz)
/Applications/ARM/bin/../lib/gcc/arm-none-eabi/10.3.1/../../../../arm-none-eabi/lib/thumb/v7-m/nofp/libg.a(lib_a-errno.o)
                              CMakeFiles/TargetTrackingSystem.elf.dir/Core/Src/syscalls.c.obj (__errno)
/Applications/ARM/bin/../lib/gcc/arm-none-eabi/10.3.1/../../../../arm-none-eabi/lib/thumb/v7-m/nofp/libg.a(lib_a-exit.o)
                              /Applications/ARM/bin/../lib/gcc/arm-none-eabi/10.3.1/../../../../arm-none-eabi/lib/thumb/v7-m/nofp/crt0.o (exit)
/Applications/ARM/bin/../lib/gcc/arm-none-eabi/10.3.1/../../../../arm-none-eabi/lib/thumb/v7-m/nofp/libg.a(lib_a-impure.o)
                              /Applications/ARM/bin/../lib/gcc/arm-none-eabi/10.3.1/../../../../arm-none-eabi/lib/thumb/v7-m/nofp/libg.a(lib_a-exit.o) (_global_impure_ptr)
/Applications/ARM/bin/../lib/gcc/arm-none-eabi/10.3.1/../../../../arm-none-eabi/lib/thumb/v7-m/nofp/libg.a(lib_a-init.o)
                              /Applications/ARM/bin/../lib/gcc/arm-none-eabi/10.3.1/../../../../arm-none-eabi/lib/thumb/v7-m/nofp/crt0.o (__libc_init_array)
/Applications/ARM/bin/../lib/gcc/arm-none-eabi/10.3.1/../../../../arm-none-eabi/lib/thumb/v7-m/nofp/libg.a(lib_a-memcpy.o)
                              CMakeFiles/TargetTrackingSystem.elf.dir/Middlewares/Third_Party/FreeRTOS/Source/CMSIS_RTOS_V2/cmsis_os2.c.obj (memcpy)
/Applications/ARM/bin/../lib/gcc/arm-none-eabi/10.3.1/../../../../arm-none-eabi/lib/thumb/v7-m/nofp/libg.a(lib_a-memset.o)
                              /Applications/ARM/bin/../lib/gcc/arm-none-eabi/10.3.1/../../../../arm-none-eabi/lib/thumb/v7-m/nofp/crt0.o (memset)
/Applications/ARM/bin/../lib/gcc/arm-none-eabi/10.3.1/../../../../arm-none-eabi/lib/thumb/v7-m/nofp/libg.a(lib_a-strlen-stub.o)
                              CMakeFiles/TargetTrackingSystem.elf.dir/Core/Src/freertos.c.obj (strlen)
/Applications/ARM/bin/../lib/gcc/arm-none-eabi/10.3.1/../../../../arm-none-eabi/lib/thumb/v7-m/nofp/libg.a(lib_a-__call_atexit.o)
                              /Applications/ARM/bin/../lib/gcc/arm-none-eabi/10.3.1/../../../../arm-none-eabi/lib/thumb/v7-m/nofp/libg.a(lib_a-exit.o) (__call_exitprocs)
/Applications/ARM/bin/../lib/gcc/arm-none-eabi/10.3.1/../../../../arm-none-eabi/lib/thumb/v7-m/nofp/libg.a(lib_a-atexit.o)
                              /Applications/ARM/bin/../lib/gcc/arm-none-eabi/10.3.1/../../../../arm-none-eabi/lib/thumb/v7-m/nofp/libg.a(lib_a-__call_atexit.o) (atexit)
/Applications/ARM/bin/../lib/gcc/arm-none-eabi/10.3.1/../../../../arm-none-eabi/lib/thumb/v7-m/nofp/libg.a(lib_a-fini.o)
                              /Applications/ARM/bin/../lib/gcc/arm-none-eabi/10.3.1/../../../../arm-none-eabi/lib/thumb/v7-m/nofp/libg.a(lib_a-__call_atexit.o) (__libc_fini_array)
/Applications/ARM/bin/../lib/gcc/arm-none-eabi/10.3.1/../../../../arm-none-eabi/lib/thumb/v7-m/nofp/libg.a(lib_a-lock.o)
                              /Applications/ARM/bin/../lib/gcc/arm-none-eabi/10.3.1/../../../../arm-none-eabi/lib/thumb/v7-m/nofp/libg.a(lib_a-__call_atexit.o) (__retarget_lock_acquire_recursive)
/Applications/ARM/bin/../lib/gcc/arm-none-eabi/10.3.1/../../../../arm-none-eabi/lib/thumb/v7-m/nofp/libg.a(lib_a-__atexit.o)
                              /Applications/ARM/bin/../lib/gcc/arm-none-eabi/10.3.1/../../../../arm-none-eabi/lib/thumb/v7-m/nofp/libg.a(lib_a-atexit.o) (__register_exitproc)
/Applications/ARM/bin/../lib/gcc/arm-none-eabi/10.3.1/../../../../arm-none-eabi/lib/thumb/v7-m/nofp/libm.a(lib_a-s_cos.o)
                              CMakeFiles/TargetTrackingSystem.elf.dir/Core/Src/screen.c.obj (cos)
/Applications/ARM/bin/../lib/gcc/arm-none-eabi/10.3.1/../../../../arm-none-eabi/lib/thumb/v7-m/nofp/libm.a(lib_a-s_sin.o)
                              CMakeFiles/TargetTrackingSystem.elf.dir/Core/Src/screen.c.obj (sin)
/Applications/ARM/bin/../lib/gcc/arm-none-eabi/10.3.1/../../../../arm-none-eabi/lib/thumb/v7-m/nofp/libm.a(lib_a-w_acos.o)
                              CMakeFiles/TargetTrackingSystem.elf.dir/Core/Src/screen.c.obj (acos)
[...]
Memory Configuration

Name             Origin             Length             Attributes
RAM              0x0000000020000000 0x0000000000005000 xrw
FLASH            0x0000000008000000 0x0000000000010000 xr
*default*        0x0000000000000000 0xffffffffffffffff

Linker script and memory map

LOAD /Applications/ARM/bin/../lib/gcc/arm-none-eabi/10.3.1/thumb/v7-m/nofp/crti.o
LOAD /Applications/ARM/bin/../lib/gcc/arm-none-eabi/10.3.1/thumb/v7-m/nofp/crtbegin.o
LOAD /Applications/ARM/bin/../lib/gcc/arm-none-eabi/10.3.1/../../../../arm-none-eabi/lib/thumb/v7-m/nofp/crt0.o
LOAD CMakeFiles/TargetTrackingSystem.elf.dir/Core/Src/freertos.c.obj
LOAD CMakeFiles/TargetTrackingSystem.elf.dir/Core/Src/gpio.c.obj
LOAD CMakeFiles/TargetTrackingSystem.elf.dir/Core/Src/main.c.obj
LOAD CMakeFiles/TargetTrackingSystem.elf.dir/Core/Src/screen.c.obj
LOAD CMakeFiles/TargetTrackingSystem.elf.dir/Core/Src/servo.c.obj
LOAD CMakeFiles/TargetTrackingSystem.elf.dir/Core/Src/stm32f1xx_hal_msp.c.obj
LOAD CMakeFiles/TargetTrackingSystem.elf.dir/Core/Src/stm32f1xx_hal_timebase_tim.c.obj
LOAD CMakeFiles/TargetTrackingSystem.elf.dir/Core/Src/stm32f1xx_it.c.obj
LOAD CMakeFiles/TargetTrackingSystem.elf.dir/Core/Src/syscalls.c.obj
LOAD CMakeFiles/TargetTrackingSystem.elf.dir/Core/Src/sysmem.c.obj
LOAD CMakeFiles/TargetTrackingSystem.elf.dir/Core/Src/system_stm32f1xx.c.obj
LOAD CMakeFiles/TargetTrackingSystem.elf.dir/Core/Src/usart.c.obj
LOAD CMakeFiles/TargetTrackingSystem.elf.dir/Core/Startup/startup_stm32f103c8tx.s.obj
LOAD CMakeFiles/TargetTrackingSystem.elf.dir/Drivers/STM32F1xx_HAL_Driver/Src/stm32f1xx_hal.c.obj
LOAD CMakeFiles/TargetTrackingSystem.elf.dir/Drivers/STM32F1xx_HAL_Driver/Src/stm32f1xx_hal_cortex.c.obj
LOAD CMakeFiles/TargetTrackingSystem.elf.dir/Drivers/STM32F1xx_HAL_Driver/Src/stm32f1xx_hal_dma.c.obj
LOAD CMakeFiles/TargetTrackingSystem.elf.dir/Drivers/STM32F1xx_HAL_Driver/Src/stm32f1xx_hal_exti.c.obj
LOAD CMakeFiles/TargetTrackingSystem.elf.dir/Drivers/STM32F1xx_HAL_Driver/Src/stm32f1xx_hal_flash.c.obj
LOAD CMakeFiles/TargetTrackingSystem.elf.dir/Drivers/STM32F1xx_HAL_Driver/Src/stm32f1xx_hal_flash_ex.c.obj
LOAD CMakeFiles/TargetTrackingSystem.elf.dir/Drivers/STM32F1xx_HAL_Driver/Src/stm32f1xx_hal_gpio.c.obj
LOAD CMakeFiles/TargetTrackingSystem.elf.dir/Drivers/STM32F1xx_HAL_Driver/Src/stm32f1xx_hal_gpio_ex.c.obj
LOAD CMakeFiles/TargetTrackingSystem.elf.dir/Drivers/STM32F1xx_HAL_Driver/Src/stm32f1xx_hal_pwr.c.obj
LOAD CMakeFiles/TargetTrackingSystem.elf.dir/Drivers/STM32F1xx_HAL_Driver/Src/stm32f1xx_hal_rcc.c.obj
LOAD CMakeFiles/TargetTrackingSystem.elf.dir/Drivers/STM32F1xx_HAL_Driver/Src/stm32f1xx_hal_rcc_ex.c.obj
LOAD CMakeFiles/TargetTrackingSystem.elf.dir/Drivers/STM32F1xx_HAL_Driver/Src/stm32f1xx_hal_tim.c.obj
LOAD CMakeFiles/TargetTrackingSystem.elf.dir/Drivers/STM32F1xx_HAL_Driver/Src/stm32f1xx_hal_tim_ex.c.obj
LOAD CMakeFiles/TargetTrackingSystem.elf.dir/Drivers/STM32F1xx_HAL_Driver/Src/stm32f1xx_hal_uart.c.obj
LOAD CMakeFiles/TargetTrackingSystem.elf.dir/Middlewares/Third_Party/FreeRTOS/Source/CMSIS_RTOS_V2/cmsis_os2.c.obj
LOAD CMakeFiles/TargetTrackingSystem.elf.dir/Middlewares/Third_Party/FreeRTOS/Source/croutine.c.obj
LOAD CMakeFiles/TargetTrackingSystem.elf.dir/Middlewares/Third_Party/FreeRTOS/Source/event_groups.c.obj
LOAD CMakeFiles/TargetTrackingSystem.elf.dir/Middlewares/Third_Party/FreeRTOS/Source/list.c.obj
LOAD CMakeFiles/TargetTrackingSystem.elf.dir/Middlewares/Third_Party/FreeRTOS/Source/portable/GCC/ARM_CM3/port.c.obj
LOAD CMakeFiles/TargetTrackingSystem.elf.dir/Middlewares/Third_Party/FreeRTOS/Source/portable/MemMang/heap_4.c.obj
LOAD CMakeFiles/TargetTrackingSystem.elf.dir/Middlewares/Third_Party/FreeRTOS/Source/queue.c.obj
LOAD CMakeFiles/TargetTrackingSystem.elf.dir/Middlewares/Third_Party/FreeRTOS/Source/stream_buffer.c.obj
LOAD CMakeFiles/TargetTrackingSystem.elf.dir/Middlewares/Third_Party/FreeRTOS/Source/tasks.c.obj
LOAD CMakeFiles/TargetTrackingSystem.elf.dir/Middlewares/Third_Party/FreeRTOS/Source/timers.c.obj
START GROUP
LOAD /Applications/ARM/bin/../lib/gcc/arm-none-eabi/10.3.1/thumb/v7-m/nofp/libgcc.a
LOAD /Applications/ARM/bin/../lib/gcc/arm-none-eabi/10.3.1/../../../../arm-none-eabi/lib/thumb/v7-m/nofp/libg.a
LOAD /Applications/ARM/bin/../lib/gcc/arm-none-eabi/10.3.1/../../../../arm-none-eabi/lib/thumb/v7-m/nofp/libc.a
END GROUP
LOAD /Applications/ARM/bin/../lib/gcc/arm-none-eabi/10.3.1/thumb/v7-m/nofp/crtend.o
LOAD /Applications/ARM/bin/../lib/gcc/arm-none-eabi/10.3.1/thumb/v7-m/nofp/crtn.o
                0x0000000020005000                _estack = (ORIGIN (RAM) + LENGTH (RAM))
                0x0000000000000200                _Min_Heap_Size = 0x200
                0x0000000000000400                _Min_Stack_Size = 0x400

.isr_vector     0x0000000008000000      0x10c
                0x0000000008000000                . = ALIGN (0x4)
 *(.isr_vector)
 .isr_vector    0x0000000008000000      0x10c CMakeFiles/TargetTrackingSystem.elf.dir/Core/Startup/startup_stm32f103c8tx.s.obj
                0x0000000008000000                g_pfnVectors
                0x000000000800010c                . = ALIGN (0x4)

.text           0x0000000008000110     0x4608
                0x0000000008000110                . = ALIGN (0x4)
 *(.text)
 .text          0x0000000008000110       0x40 /Applications/ARM/bin/../lib/gcc/arm-none-eabi/10.3.1/thumb/v7-m/nofp/crtbegin.o
 .text          0x0000000008000150      0x378 /Applications/ARM/bin/../lib/gcc/arm-none-eabi/10.3.1/thumb/v7-m/nofp/libgcc.a(_arm_addsubdf3.o)
                0x0000000008000150                __aeabi_drsub
                0x0000000008000158                __subdf3
                0x0000000008000158                __aeabi_dsub
                0x000000000800015c                __aeabi_dadd
                0x000000000800015c                __adddf3
                0x00000000080003d4                __aeabi_ui2d
                0x00000000080003d4                __floatunsidf
                0x00000000080003f4                __floatsidf
                0x00000000080003f4                __aeabi_i2d
                0x0000000008000418                __extendsfdf2
                0x0000000008000418                __aeabi_f2d
                0x000000000800045c                __aeabi_ul2d
                0x000000000800045c                __floatundidf
                0x000000000800046c                __aeabi_l2d
                0x000000000800046c                __floatdidf
 .text          0x00000000080004c8      0x424 /Applications/ARM/bin/../lib/gcc/arm-none-eabi/10.3.1/thumb/v7-m/nofp/libgcc.a(_arm_muldivdf3.o)
                0x00000000080004c8                __aeabi_dmul
                0x00000000080004c8                __muldf3
                0x000000000800071c                __aeabi_ddiv
                0x000000000800071c                __divdf3
 .text          0x00000000080008ec       0x50 /Applications/ARM/bin/../lib/gcc/arm-none-eabi/10.3.1/thumb/v7-m/nofp/libgcc.a(_arm_fixdfsi.o)
                0x00000000080008ec                __fixdfsi
                0x00000000080008ec                __aeabi_d2iz
 .text          0x000000000800093c       0xec /Applications/ARM/bin/../lib/gcc/arm-none-eabi/10.3.1/../../../../arm-none-eabi/lib/thumb/v7-m/nofp/libg.a(lib_a-memcpy.o)
                0x000000000800093c                memcpy
 *(.text*)
 .text.StartDefaultTask
                0x0000000008000a28        0xa CMakeFiles/TargetTrackingSystem.elf.dir/Core/Src/freertos.c.obj
                0x0000000008000a28                StartDefaultTask
 *fill*         0x0000000008000a32        0x2 
 .text.HandleOpenMVPackage
                0x0000000008000a34       0xfc CMakeFiles/TargetTrackingSystem.elf.dir/Core/Src/freertos.c.obj
                0x0000000008000a34                HandleOpenMVPackage
 .text.CheckUartTransmitPackage
                0x0000000008000b30       0x50 CMakeFiles/TargetTrackingSystem.elf.dir/Core/Src/freertos.c.obj
                0x0000000008000b30                CheckUartTransmitPackage
 .text.HAL_UART_RxCpltCallback
                0x0000000008000b80       0x40 CMakeFiles/TargetTrackingSystem.elf.dir/Core/Src/freertos.c.obj
                0x0000000008000b80                HAL_UART_RxCpltCallback
 .text.MX_FREERTOS_Init
                0x0000000008000bc0       0x38 CMakeFiles/TargetTrackingSystem.elf.dir/Core/Src/freertos.c.obj
                0x0000000008000bc0                MX_FREERTOS_Init
 .text.OpenMVSendCMD
                0x0000000008000bf8       0x20 CMakeFiles/TargetTrackingSystem.elf.dir/Core/Src/freertos.c.obj
                0x0000000008000bf8                OpenMVSendCMD
 .text.PIDTick  0x0000000008000c18       0xbe CMakeFiles/TargetTrackingSystem.elf.dir/Core/Src/freertos.c.obj
                0x0000000008000c18                PIDTick
 *fill*         0x0000000008000cd6        0x2 
 .text.TrackingTask
                0x0000000008000cd8      0x1dc CMakeFiles/TargetTrackingSystem.elf.dir/Core/Src/freertos.c.obj
                0x0000000008000cd8                TrackingTask
 .text.MX_GPIO_Init
                0x0000000008000eb4       0x9c CMakeFiles/TargetTrackingSystem.elf.dir/Core/Src/gpio.c.obj
                0x0000000008000eb4                MX_GPIO_Init
 .text.HAL_TIM_PeriodElapsedCallback
                0x0000000008000f50       0x18 CMakeFiles/TargetTrackingSystem.elf.dir/Core/Src/main.c.obj
                0x0000000008000f50                HAL_TIM_PeriodElapsedCallback
 .text.Error_Handler
                0x0000000008000f68        0x4 CMakeFiles/TargetTrackingSystem.elf.dir/Core/Src/main.c.obj
                0x0000000008000f68                Error_Handler
 .text.SystemClock_Config
                0x0000000008000f6c       0x64 CMakeFiles/TargetTrackingSystem.elf.dir/Core/Src/main.c.obj
                0x0000000008000f6c                SystemClock_Config
 .text.main     0x0000000008000fd0       0x28 CMakeFiles/TargetTrackingSystem.elf.dir/Core/Src/main.c.obj
                0x0000000008000fd0                main
 .text.CheckScreenServoRange
                0x0000000008000ff8       0x54 CMakeFiles/TargetTrackingSystem.elf.dir/Core/Src/screen.c.obj
                0x0000000008000ff8                CheckScreenServoRange
 .text.UpdateScreen
                0x000000000800104c       0x38 CMakeFiles/TargetTrackingSystem.elf.dir/Core/Src/screen.c.obj
                0x000000000800104c                UpdateScreen
 .text.CheckSum
                0x0000000008001084       0x1a CMakeFiles/TargetTrackingSystem.elf.dir/Core/Src/servo.c.obj
                0x0000000008001084                CheckSum
 *fill*         0x000000000800109e        0x2 
 .text.SetServoPos
                0x00000000080010a0       0x60 CMakeFiles/TargetTrackingSystem.elf.dir/Core/Src/servo.c.obj
                0x00000000080010a0                SetServoPos
 .text.UpdateServoPos
                0x0000000008001100       0x30 CMakeFiles/TargetTrackingSystem.elf.dir/Core/Src/servo.c.obj
                0x0000000008001100                UpdateServoPos
 .text.HAL_MspInit
                0x0000000008001130       0x54 CMakeFiles/TargetTrackingSystem.elf.dir/Core/Src/stm32f1xx_hal_msp.c.obj
                0x0000000008001130                HAL_MspInit
 .text.HAL_InitTick
                0x0000000008001184       0x7c CMakeFiles/TargetTrackingSystem.elf.dir/Core/Src/stm32f1xx_hal_timebase_tim.c.obj
                0x0000000008001184                HAL_InitTick
 .text.NMI_Handler
                0x0000000008001200        0x2 CMakeFiles/TargetTrackingSystem.elf.dir/Core/Src/stm32f1xx_it.c.obj
                0x0000000008001200                NMI_Handler
 .text.HardFault_Handler
                0x0000000008001202        0x2 CMakeFiles/TargetTrackingSystem.elf.dir/Core/Src/stm32f1xx_it.c.obj
                0x0000000008001202                HardFault_Handler
 .text.MemManage_Handler
                0x0000000008001204        0x2 CMakeFiles/TargetTrackingSystem.elf.dir/Core/Src/stm32f1xx_it.c.obj
                0x0000000008001204                MemManage_Handler
 .text.BusFault_Handler
                0x0000000008001206        0x2 CMakeFiles/TargetTrackingSystem.elf.dir/Core/Src/stm32f1xx_it.c.obj
                0x0000000008001206                BusFault_Handler
 .text.UsageFault_Handler
                0x0000000008001208        0x2 CMakeFiles/TargetTrackingSystem.elf.dir/Core/Src/stm32f1xx_it.c.obj
                0x0000000008001208                UsageFault_Handler
 .text.DebugMon_Handler
                0x000000000800120a        0x2 CMakeFiles/TargetTrackingSystem.elf.dir/Core/Src/stm32f1xx_it.c.obj
                0x000000000800120a                DebugMon_Handler
 .text.EXTI9_5_IRQHandler
                0x000000000800120c        0xa CMakeFiles/TargetTrackingSystem.elf.dir/Core/Src/stm32f1xx_it.c.obj
                0x000000000800120c                EXTI9_5_IRQHandler
 *fill*         0x0000000008001216        0x2 
 .text.TIM4_IRQHandler
                0x0000000008001218       0x10 CMakeFiles/TargetTrackingSystem.elf.dir/Core/Src/stm32f1xx_it.c.obj
                0x0000000008001218                TIM4_IRQHandler
 .text.USART1_IRQHandler
                0x0000000008001228       0x10 CMakeFiles/TargetTrackingSystem.elf.dir/Core/Src/stm32f1xx_it.c.obj
                0x0000000008001228                USART1_IRQHandler
 .text.USART2_IRQHandler
                0x0000000008001238       0x10 CMakeFiles/TargetTrackingSystem.elf.dir/Core/Src/stm32f1xx_it.c.obj
                0x0000000008001238                USART2_IRQHandler
 .text.USART3_IRQHandler
                0x0000000008001248       0x10 CMakeFiles/TargetTrackingSystem.elf.dir/Core/Src/stm32f1xx_it.c.obj
                0x0000000008001248                USART3_IRQHandler
 .text.SystemInit
                0x0000000008001258        0x2 CMakeFiles/TargetTrackingSystem.elf.dir/Core/Src/system_stm32f1xx.c.obj
                0x0000000008001258                SystemInit
 *fill*         0x000000000800125a        0x2 
 .text.MX_USART1_UART_Init
                0x000000000800125c       0x34 CMakeFiles/TargetTrackingSystem.elf.dir/Core/Src/usart.c.obj
                0x000000000800125c                MX_USART1_UART_Init
 .text.MX_USART2_UART_Init
                0x0000000008001290       0x34 CMakeFiles/TargetTrackingSystem.elf.dir/Core/Src/usart.c.obj
                0x0000000008001290                MX_USART2_UART_Init
 .text.MX_USART3_UART_Init
                0x00000000080012c4       0x34 CMakeFiles/TargetTrackingSystem.elf.dir/Core/Src/usart.c.obj
                0x00000000080012c4                MX_USART3_UART_Init
 .text.HAL_UART_MspInit
                0x00000000080012f8      0x168 CMakeFiles/TargetTrackingSystem.elf.dir/Core/Src/usart.c.obj
                0x00000000080012f8                HAL_UART_MspInit
 .text.Reset_Handler
                0x0000000008001460       0x48 CMakeFiles/TargetTrackingSystem.elf.dir/Core/Startup/startup_stm32f103c8tx.s.obj
                0x0000000008001460                Reset_Handler
 .text.Default_Handler
                0x00000000080014a8        0x2 CMakeFiles/TargetTrackingSystem.elf.dir/Core/Startup/startup_stm32f103c8tx.s.obj
                0x00000000080014a8                USBWakeUp_IRQHandler
                0x00000000080014a8                EXTI2_IRQHandler
                0x00000000080014a8                TIM1_CC_IRQHandler
                0x00000000080014a8                PVD_IRQHandler
                0x00000000080014a8                EXTI3_IRQHandler
                0x00000000080014a8                EXTI0_IRQHandler
                0x00000000080014a8                I2C2_EV_IRQHandler
                0x00000000080014a8                ADC1_2_IRQHandler
                0x00000000080014a8                SPI1_IRQHandler
                0x00000000080014a8                TAMPER_IRQHandler
                0x00000000080014a8                DMA1_Channel4_IRQHandler
                0x00000000080014a8                RTC_IRQHandler
                0x00000000080014a8                DMA1_Channel7_IRQHandler
                0x00000000080014a8                CAN1_RX1_IRQHandler
                0x00000000080014a8                I2C1_EV_IRQHandler
                0x00000000080014a8                DMA1_Channel6_IRQHandler
                0x00000000080014a8                TIM3_IRQHandler
                0x00000000080014a8                RCC_IRQHandler
                0x00000000080014a8                TIM1_TRG_COM_IRQHandler
                0x00000000080014a8                DMA1_Channel1_IRQHandler
                0x00000000080014a8                Default_Handler
                0x00000000080014a8                EXTI15_10_IRQHandler
                0x00000000080014a8                SPI2_IRQHandler
                0x00000000080014a8                DMA1_Channel5_IRQHandler
                0x00000000080014a8                EXTI4_IRQHandler
                0x00000000080014a8                USB_LP_CAN1_RX0_IRQHandler
                0x00000000080014a8                USB_HP_CAN1_TX_IRQHandler
                0x00000000080014a8                DMA1_Channel3_IRQHandler
                0x00000000080014a8                TIM1_UP_IRQHandler
                0x00000000080014a8                WWDG_IRQHandler
                0x00000000080014a8                TIM2_IRQHandler
                0x00000000080014a8                TIM1_BRK_IRQHandler
                0x00000000080014a8                EXTI1_IRQHandler
                0x00000000080014a8                I2C2_ER_IRQHandler
                0x00000000080014a8                DMA1_Channel2_IRQHandler
                0x00000000080014a8                CAN1_SCE_IRQHandler
                0x00000000080014a8                FLASH_IRQHandler
                0x00000000080014a8                I2C1_ER_IRQHandler
                0x00000000080014a8                RTC_Alarm_IRQHandler
 *fill*         0x00000000080014aa        0x2 
 .text.HAL_Init
                0x00000000080014ac       0x24 CMakeFiles/TargetTrackingSystem.elf.dir/Drivers/STM32F1xx_HAL_Driver/Src/stm32f1xx_hal.c.obj
                0x00000000080014ac                HAL_Init
 .text.HAL_IncTick
                0x00000000080014d0       0x18 CMakeFiles/TargetTrackingSystem.elf.dir/Drivers/STM32F1xx_HAL_Driver/Src/stm32f1xx_hal.c.obj
                0x00000000080014d0                HAL_IncTick
 .text.HAL_GetTick
                0x00000000080014e8        0xc CMakeFiles/TargetTrackingSystem.elf.dir/Drivers/STM32F1xx_HAL_Driver/Src/stm32f1xx_hal.c.obj
                0x00000000080014e8                HAL_GetTick
 .text.HAL_NVIC_SetPriorityGrouping
                0x00000000080014f4       0x24 CMakeFiles/TargetTrackingSystem.elf.dir/Drivers/STM32F1xx_HAL_Driver/Src/stm32f1xx_hal_cortex.c.obj
                0x00000000080014f4                HAL_NVIC_SetPriorityGrouping
 .text.HAL_NVIC_SetPriority
                0x0000000008001518       0x70 CMakeFiles/TargetTrackingSystem.elf.dir/Drivers/STM32F1xx_HAL_Driver/Src/stm32f1xx_hal_cortex.c.obj
                0x0000000008001518                HAL_NVIC_SetPriority
 .text.HAL_NVIC_EnableIRQ
                0x0000000008001588       0x1c CMakeFiles/TargetTrackingSystem.elf.dir/Drivers/STM32F1xx_HAL_Driver/Src/stm32f1xx_hal_cortex.c.obj
                0x0000000008001588                HAL_NVIC_EnableIRQ
 .text.HAL_DMA_Abort
                0x00000000080015a4       0x46 CMakeFiles/TargetTrackingSystem.elf.dir/Drivers/STM32F1xx_HAL_Driver/Src/stm32f1xx_hal_dma.c.obj
                0x00000000080015a4                HAL_DMA_Abort
 *fill*         0x00000000080015ea        0x2 
 .text.HAL_DMA_Abort_IT
                0x00000000080015ec       0x98 CMakeFiles/TargetTrackingSystem.elf.dir/Drivers/STM32F1xx_HAL_Driver/Src/stm32f1xx_hal_dma.c.obj
                0x00000000080015ec                HAL_DMA_Abort_IT
 .text.HAL_GPIO_Init
                0x0000000008001684      0x224 CMakeFiles/TargetTrackingSystem.elf.dir/Drivers/STM32F1xx_HAL_Driver/Src/stm32f1xx_hal_gpio.c.obj
                0x0000000008001684                HAL_GPIO_Init
 .text.HAL_GPIO_WritePin
                0x00000000080018a8        0xc CMakeFiles/TargetTrackingSystem.elf.dir/Drivers/STM32F1xx_HAL_Driver/Src/stm32f1xx_hal_gpio.c.obj
                0x00000000080018a8                HAL_GPIO_WritePin
 .text.HAL_GPIO_EXTI_Callback
                0x00000000080018b4        0x2 CMakeFiles/TargetTrackingSystem.elf.dir/Drivers/STM32F1xx_HAL_Driver/Src/stm32f1xx_hal_gpio.c.obj
                0x00000000080018b4                HAL_GPIO_EXTI_Callback
 *fill*         0x00000000080018b6        0x2 
 .text.HAL_GPIO_EXTI_IRQHandler
                0x00000000080018b8       0x1c CMakeFiles/TargetTrackingSystem.elf.dir/Drivers/STM32F1xx_HAL_Driver/Src/stm32f1xx_hal_gpio.c.obj
                0x00000000080018b8                HAL_GPIO_EXTI_IRQHandler
 .text.RCC_Delay
                0x00000000080018d4       0x2c CMakeFiles/TargetTrackingSystem.elf.dir/Drivers/STM32F1xx_HAL_Driver/Src/stm32f1xx_hal_rcc.c.obj
 .text.HAL_RCC_OscConfig
                0x0000000008001900      0x410 CMakeFiles/TargetTrackingSystem.elf.dir/Drivers/STM32F1xx_HAL_Driver/Src/stm32f1xx_hal_rcc.c.obj
                0x0000000008001900                HAL_RCC_OscConfig
 .text.HAL_RCC_GetSysClockFreq
                0x0000000008001d10       0x54 CMakeFiles/TargetTrackingSystem.elf.dir/Drivers/STM32F1xx_HAL_Driver/Src/stm32f1xx_hal_rcc.c.obj
                0x0000000008001d10                HAL_RCC_GetSysClockFreq
 .text.HAL_RCC_ClockConfig
                0x0000000008001d64      0x16c CMakeFiles/TargetTrackingSystem.elf.dir/Drivers/STM32F1xx_HAL_Driver/Src/stm32f1xx_hal_rcc.c.obj
                0x0000000008001d64                HAL_RCC_ClockConfig
 .text.HAL_RCC_GetHCLKFreq
                0x0000000008001ed0        0xc CMakeFiles/TargetTrackingSystem.elf.dir/Drivers/STM32F1xx_HAL_Driver/Src/stm32f1xx_hal_rcc.c.obj
                0x0000000008001ed0                HAL_RCC_GetHCLKFreq
 .text.HAL_RCC_GetPCLK1Freq
                0x0000000008001edc       0x20 CMakeFiles/TargetTrackingSystem.elf.dir/Drivers/STM32F1xx_HAL_Driver/Src/stm32f1xx_hal_rcc.c.obj
                0x0000000008001edc                HAL_RCC_GetPCLK1Freq
 .text.HAL_RCC_GetPCLK2Freq
                0x0000000008001efc       0x20 CMakeFiles/TargetTrackingSystem.elf.dir/Drivers/STM32F1xx_HAL_Driver/Src/stm32f1xx_hal_rcc.c.obj
                0x0000000008001efc                HAL_RCC_GetPCLK2Freq
 .text.HAL_RCC_GetClockConfig
                0x0000000008001f1c       0x3c CMakeFiles/TargetTrackingSystem.elf.dir/Drivers/STM32F1xx_HAL_Driver/Src/stm32f1xx_hal_rcc.c.obj
                0x0000000008001f1c                HAL_RCC_GetClockConfig
 .text.HAL_TIM_Base_MspInit
                0x0000000008001f58        0x2 CMakeFiles/TargetTrackingSystem.elf.dir/Drivers/STM32F1xx_HAL_Driver/Src/stm32f1xx_hal_tim.c.obj
                0x0000000008001f58                HAL_TIM_Base_MspInit
 *fill*         0x0000000008001f5a        0x2 
 .text.HAL_TIM_Base_Start_IT
                0x0000000008001f5c       0x68 CMakeFiles/TargetTrackingSystem.elf.dir/Drivers/STM32F1xx_HAL_Driver/Src/stm32f1xx_hal_tim.c.obj
                0x0000000008001f5c                HAL_TIM_Base_Start_IT
 .text.HAL_TIM_OC_DelayElapsedCallback
                0x0000000008001fc4        0x2 CMakeFiles/TargetTrackingSystem.elf.dir/Drivers/STM32F1xx_HAL_Driver/Src/stm32f1xx_hal_tim.c.obj
                0x0000000008001fc4                HAL_TIM_OC_DelayElapsedCallback
 .text.HAL_TIM_IC_CaptureCallback
                0x0000000008001fc6        0x2 CMakeFiles/TargetTrackingSystem.elf.dir/Drivers/STM32F1xx_HAL_Driver/Src/stm32f1xx_hal_tim.c.obj
                0x0000000008001fc6                HAL_TIM_IC_CaptureCallback
 .text.HAL_TIM_PWM_PulseFinishedCallback
                0x0000000008001fc8        0x2 CMakeFiles/TargetTrackingSystem.elf.dir/Drivers/STM32F1xx_HAL_Driver/Src/stm32f1xx_hal_tim.c.obj
                0x0000000008001fc8                HAL_TIM_PWM_PulseFinishedCallback
 .text.HAL_TIM_TriggerCallback
                0x0000000008001fca        0x2 CMakeFiles/TargetTrackingSystem.elf.dir/Drivers/STM32F1xx_HAL_Driver/Src/stm32f1xx_hal_tim.c.obj
                0x0000000008001fca                HAL_TIM_TriggerCallback
 .text.HAL_TIM_IRQHandler
                0x0000000008001fcc      0x17a CMakeFiles/TargetTrackingSystem.elf.dir/Drivers/STM32F1xx_HAL_Driver/Src/stm32f1xx_hal_tim.c.obj
                0x0000000008001fcc                HAL_TIM_IRQHandler
 *fill*         0x0000000008002146        0x2 
 .text.TIM_Base_SetConfig
                0x0000000008002148       0x74 CMakeFiles/TargetTrackingSystem.elf.dir/Drivers/STM32F1xx_HAL_Driver/Src/stm32f1xx_hal_tim.c.obj
                0x0000000008002148                TIM_Base_SetConfig
 .text.HAL_TIM_Base_Init
                0x00000000080021bc       0x58 CMakeFiles/TargetTrackingSystem.elf.dir/Drivers/STM32F1xx_HAL_Driver/Src/stm32f1xx_hal_tim.c.obj
                0x00000000080021bc                HAL_TIM_Base_Init
 .text.HAL_TIMEx_CommutCallback
                0x0000000008002214        0x2 CMakeFiles/TargetTrackingSystem.elf.dir/Drivers/STM32F1xx_HAL_Driver/Src/stm32f1xx_hal_tim_ex.c.obj
                0x0000000008002214                HAL_TIMEx_CommutCallback
 .text.HAL_TIMEx_BreakCallback
                0x0000000008002216        0x2 CMakeFiles/TargetTrackingSystem.elf.dir/Drivers/STM32F1xx_HAL_Driver/Src/stm32f1xx_hal_tim_ex.c.obj
                0x0000000008002216                HAL_TIMEx_BreakCallback
 .text.UART_EndRxTransfer
                0x0000000008002218       0x5c CMakeFiles/TargetTrackingSystem.elf.dir/Drivers/STM32F1xx_HAL_Driver/Src/stm32f1xx_hal_uart.c.obj
 .text.UART_Transmit_IT
                0x0000000008002274       0x60 CMakeFiles/TargetTrackingSystem.elf.dir/Drivers/STM32F1xx_HAL_Driver/Src/stm32f1xx_hal_uart.c.obj
 .text.UART_SetConfig
                0x00000000080022d4       0x94 CMakeFiles/TargetTrackingSystem.elf.dir/Drivers/STM32F1xx_HAL_Driver/Src/stm32f1xx_hal_uart.c.obj
 .text.UART_WaitOnFlagUntilTimeout
                0x0000000008002368       0x88 CMakeFiles/TargetTrackingSystem.elf.dir/Drivers/STM32F1xx_HAL_Driver/Src/stm32f1xx_hal_uart.c.obj
 .text.HAL_UART_Init
                0x00000000080023f0       0x60 CMakeFiles/TargetTrackingSystem.elf.dir/Drivers/STM32F1xx_HAL_Driver/Src/stm32f1xx_hal_uart.c.obj
                0x00000000080023f0                HAL_UART_Init
 .text.HAL_UART_Transmit
                0x0000000008002450       0xbe CMakeFiles/TargetTrackingSystem.elf.dir/Drivers/STM32F1xx_HAL_Driver/Src/stm32f1xx_hal_uart.c.obj
                0x0000000008002450                HAL_UART_Transmit
 .text.HAL_UART_TxCpltCallback
                0x000000000800250e        0x2 CMakeFiles/TargetTrackingSystem.elf.dir/Drivers/STM32F1xx_HAL_Driver/Src/stm32f1xx_hal_uart.c.obj
                0x000000000800250e                HAL_UART_TxCpltCallback
 .text.UART_EndTransmit_IT
                0x0000000008002510       0x1a CMakeFiles/TargetTrackingSystem.elf.dir/Drivers/STM32F1xx_HAL_Driver/Src/stm32f1xx_hal_uart.c.obj
 .text.HAL_UART_ErrorCallback
                0x000000000800252a        0x2 CMakeFiles/TargetTrackingSystem.elf.dir/Drivers/STM32F1xx_HAL_Driver/Src/stm32f1xx_hal_uart.c.obj
                0x000000000800252a                HAL_UART_ErrorCallback
 .text.UART_DMAAbortOnError
                0x000000000800252c       0x10 CMakeFiles/TargetTrackingSystem.elf.dir/Drivers/STM32F1xx_HAL_Driver/Src/stm32f1xx_hal_uart.c.obj
 .text.HAL_UARTEx_RxEventCallback
                0x000000000800253c        0x2 CMakeFiles/TargetTrackingSystem.elf.dir/Drivers/STM32F1xx_HAL_Driver/Src/stm32f1xx_hal_uart.c.obj
                0x000000000800253c                HAL_UARTEx_RxEventCallback
 .text.UART_Receive_IT
                0x000000000800253e       0xe6 CMakeFiles/TargetTrackingSystem.elf.dir/Drivers/STM32F1xx_HAL_Driver/Src/stm32f1xx_hal_uart.c.obj
 .text.HAL_UART_IRQHandler
                0x0000000008002624      0x288 CMakeFiles/TargetTrackingSystem.elf.dir/Drivers/STM32F1xx_HAL_Driver/Src/stm32f1xx_hal_uart.c.obj
                0x0000000008002624                HAL_UART_IRQHandler
 .text.UART_Start_Receive_IT
                0x00000000080028ac       0x36 CMakeFiles/TargetTrackingSystem.elf.dir/Drivers/STM32F1xx_HAL_Driver/Src/stm32f1xx_hal_uart.c.obj
                0x00000000080028ac                UART_Start_Receive_IT
 .text.HAL_UART_Receive_IT
                0x00000000080028e2       0x26 CMakeFiles/TargetTrackingSystem.elf.dir/Drivers/STM32F1xx_HAL_Driver/Src/stm32f1xx_hal_uart.c.obj
                0x00000000080028e2                HAL_UART_Receive_IT
 .text.osKernelInitialize
                0x0000000008002908       0x44 CMakeFiles/TargetTrackingSystem.elf.dir/Middlewares/Third_Party/FreeRTOS/Source/CMSIS_RTOS_V2/cmsis_os2.c.obj
                0x0000000008002908                osKernelInitialize
 .text.osKernelStart
                0x000000000800294c       0x4c CMakeFiles/TargetTrackingSystem.elf.dir/Middlewares/Third_Party/FreeRTOS/Source/CMSIS_RTOS_V2/cmsis_os2.c.obj
                0x000000000800294c                osKernelStart
 .text.osThreadNew
                0x0000000008002998       0xec CMakeFiles/TargetTrackingSystem.elf.dir/Middlewares/Third_Party/FreeRTOS/Source/CMSIS_RTOS_V2/cmsis_os2.c.obj
                0x0000000008002998                osThreadNew
 .text.osDelay  0x0000000008002a84       0x44 CMakeFiles/TargetTrackingSystem.elf.dir/Middlewares/Third_Party/FreeRTOS/Source/CMSIS_RTOS_V2/cmsis_os2.c.obj
                0x0000000008002a84                osDelay
 .text.vApplicationGetIdleTaskMemory
                0x0000000008002ac8       0x18 CMakeFiles/TargetTrackingSystem.elf.dir/Middlewares/Third_Party/FreeRTOS/Source/CMSIS_RTOS_V2/cmsis_os2.c.obj
                0x0000000008002ac8                vApplicationGetIdleTaskMemory
 .text.vApplicationGetTimerTaskMemory
                0x0000000008002ae0       0x18 CMakeFiles/TargetTrackingSystem.elf.dir/Middlewares/Third_Party/FreeRTOS/Source/CMSIS_RTOS_V2/cmsis_os2.c.obj
                0x0000000008002ae0                vApplicationGetTimerTaskMemory
 .text.vListInitialise
                0x0000000008002af8       0x16 CMakeFiles/TargetTrackingSystem.elf.dir/Middlewares/Third_Party/FreeRTOS/Source/list.c.obj
                0x0000000008002af8                vListInitialise
 .text.vListInitialiseItem
                0x0000000008002b0e        0x6 CMakeFiles/TargetTrackingSystem.elf.dir/Middlewares/Third_Party/FreeRTOS/Source/list.c.obj
                0x0000000008002b0e                vListInitialiseItem
 .text.vListInsertEnd
                0x0000000008002b14       0x16 CMakeFiles/TargetTrackingSystem.elf.dir/Middlewares/Third_Party/FreeRTOS/Source/list.c.obj
                0x0000000008002b14                vListInsertEnd
 .text.vListInsert
                0x0000000008002b2a       0x32 CMakeFiles/TargetTrackingSystem.elf.dir/Middlewares/Third_Party/FreeRTOS/Source/list.c.obj
                0x0000000008002b2a                vListInsert
 .text.uxListRemove
                0x0000000008002b5c       0x26 CMakeFiles/TargetTrackingSystem.elf.dir/Middlewares/Third_Party/FreeRTOS/Source/list.c.obj
                0x0000000008002b5c                uxListRemove
 *fill*         0x0000000008002b82        0x2 
 .text.prvTaskExitError
                0x0000000008002b84       0x40 CMakeFiles/TargetTrackingSystem.elf.dir/Middlewares/Third_Party/FreeRTOS/Source/portable/GCC/ARM_CM3/port.c.obj
 .text.prvPortStartFirstTask
                0x0000000008002bc4       0x20 CMakeFiles/TargetTrackingSystem.elf.dir/Middlewares/Third_Party/FreeRTOS/Source/portable/GCC/ARM_CM3/port.c.obj
 .text.pxPortInitialiseStack
                0x0000000008002be4       0x24 CMakeFiles/TargetTrackingSystem.elf.dir/Middlewares/Third_Party/FreeRTOS/Source/portable/GCC/ARM_CM3/port.c.obj
                0x0000000008002be4                pxPortInitialiseStack
 *fill*         0x0000000008002c08        0x8 
 .text.SVC_Handler
                0x0000000008002c10       0x24 CMakeFiles/TargetTrackingSystem.elf.dir/Middlewares/Third_Party/FreeRTOS/Source/portable/GCC/ARM_CM3/port.c.obj
                0x0000000008002c10                SVC_Handler
 .text.vPortEnterCritical
                0x0000000008002c34       0x44 CMakeFiles/TargetTrackingSystem.elf.dir/Middlewares/Third_Party/FreeRTOS/Source/portable/GCC/ARM_CM3/port.c.obj
                0x0000000008002c34                vPortEnterCritical
 .text.vPortExitCritical
                0x0000000008002c78       0x2c CMakeFiles/TargetTrackingSystem.elf.dir/Middlewares/Third_Party/FreeRTOS/Source/portable/GCC/ARM_CM3/port.c.obj
                0x0000000008002c78                vPortExitCritical
 *fill*         0x0000000008002ca4        0xc 
 .text.PendSV_Handler
                0x0000000008002cb0       0x44 CMakeFiles/TargetTrackingSystem.elf.dir/Middlewares/Third_Party/FreeRTOS/Source/portable/GCC/ARM_CM3/port.c.obj
                0x0000000008002cb0                PendSV_Handler
 .text.SysTick_Handler
                0x0000000008002cf4       0x2c CMakeFiles/TargetTrackingSystem.elf.dir/Middlewares/Third_Party/FreeRTOS/Source/portable/GCC/ARM_CM3/port.c.obj
                0x0000000008002cf4                SysTick_Handler
 .text.vPortSetupTimerInterrupt
                0x0000000008002d20       0x28 CMakeFiles/TargetTrackingSystem.elf.dir/Middlewares/Third_Party/FreeRTOS/Source/portable/GCC/ARM_CM3/port.c.obj
                0x0000000008002d20                vPortSetupTimerInterrupt
 .text.xPortStartScheduler
                0x0000000008002d48       0xc0 CMakeFiles/TargetTrackingSystem.elf.dir/Middlewares/Third_Party/FreeRTOS/Source/portable/GCC/ARM_CM3/port.c.obj
                0x0000000008002d48                xPortStartScheduler
 .text.vPortValidateInterruptPriority
                0x0000000008002e08       0x5c CMakeFiles/TargetTrackingSystem.elf.dir/Middlewares/Third_Party/FreeRTOS/Source/portable/GCC/ARM_CM3/port.c.obj
                0x0000000008002e08                vPortValidateInterruptPriority
 .text.prvHeapInit
                0x0000000008002e64       0x64 CMakeFiles/TargetTrackingSystem.elf.dir/Middlewares/Third_Party/FreeRTOS/Source/portable/MemMang/heap_4.c.obj
 .text.prvInsertBlockIntoFreeList
                0x0000000008002ec8       0x60 CMakeFiles/TargetTrackingSystem.elf.dir/Middlewares/Third_Party/FreeRTOS/Source/portable/MemMang/heap_4.c.obj
 .text.pvPortMalloc
                0x0000000008002f28       0xf0 CMakeFiles/TargetTrackingSystem.elf.dir/Middlewares/Third_Party/FreeRTOS/Source/portable/MemMang/heap_4.c.obj
                0x0000000008002f28                pvPortMalloc
 .text.vPortFree
                0x0000000008003018       0x70 CMakeFiles/TargetTrackingSystem.elf.dir/Middlewares/Third_Party/FreeRTOS/Source/portable/MemMang/heap_4.c.obj
                0x0000000008003018                vPortFree
 .text.prvIsQueueFull
                0x0000000008003088       0x1e CMakeFiles/TargetTrackingSystem.elf.dir/Middlewares/Third_Party/FreeRTOS/Source/queue.c.obj
 .text.prvIsQueueEmpty
                0x00000000080030a6       0x1a CMakeFiles/TargetTrackingSystem.elf.dir/Middlewares/Third_Party/FreeRTOS/Source/queue.c.obj
 .text.prvCopyDataToQueue
                0x00000000080030c0       0x76 CMakeFiles/TargetTrackingSystem.elf.dir/Middlewares/Third_Party/FreeRTOS/Source/queue.c.obj
 .text.prvCopyDataFromQueue
                0x0000000008003136       0x24 CMakeFiles/TargetTrackingSystem.elf.dir/Middlewares/Third_Party/FreeRTOS/Source/queue.c.obj
 .text.prvUnlockQueue
                0x000000000800315a       0x6e CMakeFiles/TargetTrackingSystem.elf.dir/Middlewares/Third_Party/FreeRTOS/Source/queue.c.obj
 .text.xQueueGenericReset
                0x00000000080031c8       0x84 CMakeFiles/TargetTrackingSystem.elf.dir/Middlewares/Third_Party/FreeRTOS/Source/queue.c.obj
                0x00000000080031c8                xQueueGenericReset
 .text.prvInitialiseNewQueue
                0x000000000800324c       0x22 CMakeFiles/TargetTrackingSystem.elf.dir/Middlewares/Third_Party/FreeRTOS/Source/queue.c.obj
 .text.xQueueGenericCreateStatic
                0x000000000800326e       0x92 CMakeFiles/TargetTrackingSystem.elf.dir/Middlewares/Third_Party/FreeRTOS/Source/queue.c.obj
                0x000000000800326e                xQueueGenericCreateStatic
 .text.xQueueGenericSend
                0x0000000008003300      0x188 CMakeFiles/TargetTrackingSystem.elf.dir/Middlewares/Third_Party/FreeRTOS/Source/queue.c.obj
                0x0000000008003300                xQueueGenericSend
 .text.xQueueGenericSendFromISR
                0x0000000008003488       0xcc CMakeFiles/TargetTrackingSystem.elf.dir/Middlewares/Third_Party/FreeRTOS/Source/queue.c.obj
                0x0000000008003488                xQueueGenericSendFromISR
 .text.xQueueReceive
                0x0000000008003554      0x15e CMakeFiles/TargetTrackingSystem.elf.dir/Middlewares/Third_Party/FreeRTOS/Source/queue.c.obj
                0x0000000008003554                xQueueReceive
 *fill*         0x00000000080036b2        0x2 
 .text.vQueueAddToRegistry
                0x00000000080036b4       0x28 CMakeFiles/TargetTrackingSystem.elf.dir/Middlewares/Third_Party/FreeRTOS/Source/queue.c.obj
                0x00000000080036b4                vQueueAddToRegistry
 .text.vQueueWaitForMessageRestricted
                0x00000000080036dc       0x52 CMakeFiles/TargetTrackingSystem.elf.dir/Middlewares/Third_Party/FreeRTOS/Source/queue.c.obj
                0x00000000080036dc                vQueueWaitForMessageRestricted
 *fill*         0x000000000800372e        0x2 
 .text.prvResetNextTaskUnblockTime
                0x0000000008003730       0x2c CMakeFiles/TargetTrackingSystem.elf.dir/Middlewares/Third_Party/FreeRTOS/Source/tasks.c.obj
 .text.prvInitialiseNewTask
                0x000000000800375c       0x9c CMakeFiles/TargetTrackingSystem.elf.dir/Middlewares/Third_Party/FreeRTOS/Source/tasks.c.obj
 .text.prvInitialiseTaskLists
                0x00000000080037f8       0x68 CMakeFiles/TargetTrackingSystem.elf.dir/Middlewares/Third_Party/FreeRTOS/Source/tasks.c.obj
 .text.prvAddNewTaskToReadyList
                0x0000000008003860       0xac CMakeFiles/TargetTrackingSystem.elf.dir/Middlewares/Third_Party/FreeRTOS/Source/tasks.c.obj
 .text.prvDeleteTCB
                0x000000000800390c       0x38 CMakeFiles/TargetTrackingSystem.elf.dir/Middlewares/Third_Party/FreeRTOS/Source/tasks.c.obj
 .text.prvCheckTasksWaitingTermination
                0x0000000008003944       0x4c CMakeFiles/TargetTrackingSystem.elf.dir/Middlewares/Third_Party/FreeRTOS/Source/tasks.c.obj
 .text.prvIdleTask
                0x0000000008003990       0x28 CMakeFiles/TargetTrackingSystem.elf.dir/Middlewares/Third_Party/FreeRTOS/Source/tasks.c.obj
 .text.prvAddCurrentTaskToDelayedList
                0x00000000080039b8       0x7c CMakeFiles/TargetTrackingSystem.elf.dir/Middlewares/Third_Party/FreeRTOS/Source/tasks.c.obj
 .text.xTaskCreateStatic
                0x0000000008003a34       0x74 CMakeFiles/TargetTrackingSystem.elf.dir/Middlewares/Third_Party/FreeRTOS/Source/tasks.c.obj
                0x0000000008003a34                xTaskCreateStatic
 .text.xTaskCreate
                0x0000000008003aa8       0x68 CMakeFiles/TargetTrackingSystem.elf.dir/Middlewares/Third_Party/FreeRTOS/Source/tasks.c.obj
                0x0000000008003aa8                xTaskCreate
 .text.vTaskStartScheduler
                0x0000000008003b10       0x9c CMakeFiles/TargetTrackingSystem.elf.dir/Middlewares/Third_Party/FreeRTOS/Source/tasks.c.obj
                0x0000000008003b10                vTaskStartScheduler
 .text.vTaskSuspendAll
                0x0000000008003bac       0x10 CMakeFiles/TargetTrackingSystem.elf.dir/Middlewares/Third_Party/FreeRTOS/Source/tasks.c.obj
                0x0000000008003bac                vTaskSuspendAll
 .text.xTaskGetTickCount
                0x0000000008003bbc        0xc CMakeFiles/TargetTrackingSystem.elf.dir/Middlewares/Third_Party/FreeRTOS/Source/tasks.c.obj
                0x0000000008003bbc                xTaskGetTickCount
 .text.xTaskIncrementTick
                0x0000000008003bc8      0x118 CMakeFiles/TargetTrackingSystem.elf.dir/Middlewares/Third_Party/FreeRTOS/Source/tasks.c.obj
                0x0000000008003bc8                xTaskIncrementTick
 .text.xTaskResumeAll
                0x0000000008003ce0       0xf8 CMakeFiles/TargetTrackingSystem.elf.dir/Middlewares/Third_Party/FreeRTOS/Source/tasks.c.obj
                0x0000000008003ce0                xTaskResumeAll
 .text.vTaskDelay
                0x0000000008003dd8       0x4c CMakeFiles/TargetTrackingSystem.elf.dir/Middlewares/Third_Party/FreeRTOS/Source/tasks.c.obj
                0x0000000008003dd8                vTaskDelay
 .text.vTaskSwitchContext
                0x0000000008003e24       0x94 CMakeFiles/TargetTrackingSystem.elf.dir/Middlewares/Third_Party/FreeRTOS/Source/tasks.c.obj
                0x0000000008003e24                vTaskSwitchContext
 .text.vTaskPlaceOnEventList
                0x0000000008003eb8       0x30 CMakeFiles/TargetTrackingSystem.elf.dir/Middlewares/Third_Party/FreeRTOS/Source/tasks.c.obj
                0x0000000008003eb8                vTaskPlaceOnEventList
 .text.vTaskPlaceOnEventListRestricted
                0x0000000008003ee8       0x38 CMakeFiles/TargetTrackingSystem.elf.dir/Middlewares/Third_Party/FreeRTOS/Source/tasks.c.obj
                0x0000000008003ee8                vTaskPlaceOnEventListRestricted
 .text.xTaskRemoveFromEventList
                0x0000000008003f20       0x8c CMakeFiles/TargetTrackingSystem.elf.dir/Middlewares/Third_Party/FreeRTOS/Source/tasks.c.obj
                0x0000000008003f20                xTaskRemoveFromEventList
 .text.vTaskInternalSetTimeOutState
                0x0000000008003fac       0x18 CMakeFiles/TargetTrackingSystem.elf.dir/Middlewares/Third_Party/FreeRTOS/Source/tasks.c.obj
                0x0000000008003fac                vTaskInternalSetTimeOutState
 .text.xTaskCheckForTimeOut
                0x0000000008003fc4       0x84 CMakeFiles/TargetTrackingSystem.elf.dir/Middlewares/Third_Party/FreeRTOS/Source/tasks.c.obj
                0x0000000008003fc4                xTaskCheckForTimeOut
 .text.vTaskMissedYield
                0x0000000008004048        0xc CMakeFiles/TargetTrackingSystem.elf.dir/Middlewares/Third_Party/FreeRTOS/Source/tasks.c.obj
                0x0000000008004048                vTaskMissedYield
 .text.xTaskGetSchedulerState
                0x0000000008004054       0x20 CMakeFiles/TargetTrackingSystem.elf.dir/Middlewares/Third_Party/FreeRTOS/Source/tasks.c.obj
                0x0000000008004054                xTaskGetSchedulerState
 .text.xTaskPriorityDisinherit
                0x0000000008004074       0x90 CMakeFiles/TargetTrackingSystem.elf.dir/Middlewares/Third_Party/FreeRTOS/Source/tasks.c.obj
                0x0000000008004074                xTaskPriorityDisinherit
 .text.prvGetNextExpireTime
                0x0000000008004104       0x20 CMakeFiles/TargetTrackingSystem.elf.dir/Middlewares/Third_Party/FreeRTOS/Source/timers.c.obj
 .text.prvInsertTimerInActiveList
                0x0000000008004124       0x48 CMakeFiles/TargetTrackingSystem.elf.dir/Middlewares/Third_Party/FreeRTOS/Source/timers.c.obj
 .text.prvCheckForValidListAndQueue
                0x000000000800416c       0x70 CMakeFiles/TargetTrackingSystem.elf.dir/Middlewares/Third_Party/FreeRTOS/Source/timers.c.obj
 .text.xTimerCreateTimerTask
                0x00000000080041dc       0x64 CMakeFiles/TargetTrackingSystem.elf.dir/Middlewares/Third_Party/FreeRTOS/Source/timers.c.obj
                0x00000000080041dc                xTimerCreateTimerTask
 .text.xTimerGenericCommand
                0x0000000008004240       0x6c CMakeFiles/TargetTrackingSystem.elf.dir/Middlewares/Third_Party/FreeRTOS/Source/timers.c.obj
                0x0000000008004240                xTimerGenericCommand
 .text.prvSwitchTimerLists
                0x00000000080042ac       0x78 CMakeFiles/TargetTrackingSystem.elf.dir/Middlewares/Third_Party/FreeRTOS/Source/timers.c.obj
 .text.prvSampleTimeNow
                0x0000000008004324       0x2c CMakeFiles/TargetTrackingSystem.elf.dir/Middlewares/Third_Party/FreeRTOS/Source/timers.c.obj
 .text.prvProcessExpiredTimer
                0x0000000008004350       0x60 CMakeFiles/TargetTrackingSystem.elf.dir/Middlewares/Third_Party/FreeRTOS/Source/timers.c.obj
 .text.prvProcessTimerOrBlockTask
                0x00000000080043b0       0x74 CMakeFiles/TargetTrackingSystem.elf.dir/Middlewares/Third_Party/FreeRTOS/Source/timers.c.obj
 .text.prvProcessReceivedCommands
                0x0000000008004424       0xf8 CMakeFiles/TargetTrackingSystem.elf.dir/Middlewares/Third_Party/FreeRTOS/Source/timers.c.obj
 .text.prvTimerTask
                0x000000000800451c       0x16 CMakeFiles/TargetTrackingSystem.elf.dir/Middlewares/Third_Party/FreeRTOS/Source/timers.c.obj
 *fill*         0x0000000008004532        0x2 
 .text.__libc_init_array
                0x0000000008004534       0x48 /Applications/ARM/bin/../lib/gcc/arm-none-eabi/10.3.1/../../../../arm-none-eabi/lib/thumb/v7-m/nofp/libg.a(lib_a-init.o)
                0x0000000008004534                __libc_init_array
 .text.memset   0x000000000800457c       0xa4 /Applications/ARM/bin/../lib/gcc/arm-none-eabi/10.3.1/../../../../arm-none-eabi/lib/thumb/v7-m/nofp/libg.a(lib_a-memset.o)
                0x000000000800457c                memset
 .text.startup.register_fini
                0x0000000008004620       0x14 /Applications/ARM/bin/../lib/gcc/arm-none-eabi/10.3.1/../../../../arm-none-eabi/lib/thumb/v7-m/nofp/libg.a(lib_a-__call_atexit.o)
 .text.atexit   0x0000000008004634        0xc /Applications/ARM/bin/../lib/gcc/arm-none-eabi/10.3.1/../../../../arm-none-eabi/lib/thumb/v7-m/nofp/libg.a(lib_a-atexit.o)
                0x0000000008004634                atexit
 .text.__libc_fini_array
                0x0000000008004640       0x2c /Applications/ARM/bin/../lib/gcc/arm-none-eabi/10.3.1/../../../../arm-none-eabi/lib/thumb/v7-m/nofp/libg.a(lib_a-fini.o)
                0x0000000008004640                __libc_fini_array
 .text.__retarget_lock_acquire_recursive
                0x000000000800466c        0x4 /Applications/ARM/bin/../lib/gcc/arm-none-eabi/10.3.1/../../../../arm-none-eabi/lib/thumb/v7-m/nofp/libg.a(lib_a-lock.o)
                0x000000000800466c                __retarget_lock_acquire_recursive
 .text.__retarget_lock_release_recursive
                0x0000000008004670        0x4 /Applications/ARM/bin/../lib/gcc/arm-none-eabi/10.3.1/../../../../arm-none-eabi/lib/thumb/v7-m/nofp/libg.a(lib_a-lock.o)
                0x0000000008004670                __retarget_lock_release_recursive
 .text.__register_exitproc
                0x0000000008004674       0x8c /Applications/ARM/bin/../lib/gcc/arm-none-eabi/10.3.1/../../../../arm-none-eabi/lib/thumb/v7-m/nofp/libg.a(lib_a-__atexit.o)
                0x0000000008004674                __register_exitproc
 *(.glue_7)
 .glue_7        0x0000000008004700        0x0 linker stubs
 *(.glue_7t)
 .glue_7t       0x0000000008004700        0x0 linker stubs
 *(.eh_frame)
 .eh_frame      0x0000000008004700        0x0 /Applications/ARM/bin/../lib/gcc/arm-none-eabi/10.3.1/thumb/v7-m/nofp/crtbegin.o
 *(.init)
 .init          0x0000000008004700        0x4 /Applications/ARM/bin/../lib/gcc/arm-none-eabi/10.3.1/thumb/v7-m/nofp/crti.o
                0x0000000008004700                _init
 .init          0x0000000008004704        0x8 /Applications/ARM/bin/../lib/gcc/arm-none-eabi/10.3.1/thumb/v7-m/nofp/crtn.o
 *(.fini)
 .fini          0x000000000800470c        0x4 /Applications/ARM/bin/../lib/gcc/arm-none-eabi/10.3.1/thumb/v7-m/nofp/crti.o
                0x000000000800470c                _fini
 .fini          0x0000000008004710        0x8 /Applications/ARM/bin/../lib/gcc/arm-none-eabi/10.3.1/thumb/v7-m/nofp/crtn.o
                0x0000000008004718                . = ALIGN (0x4)
                0x0000000008004718                _etext = .

.vfp11_veneer   0x0000000008004718        0x0
 .vfp11_veneer  0x0000000008004718        0x0 linker stubs

.v4_bx          0x0000000008004718        0x0
 .v4_bx         0x0000000008004718        0x0 linker stubs

.iplt           0x0000000008004718        0x0
 .iplt          0x0000000008004718        0x0 /Applications/ARM/bin/../lib/gcc/arm-none-eabi/10.3.1/thumb/v7-m/nofp/crtbegin.o

.rodata         0x0000000008004718       0xc4
                0x0000000008004718                . = ALIGN (0x4)
 *(.rodata)
 .rodata        0x0000000008004718        0xd CMakeFiles/TargetTrackingSystem.elf.dir/Core/Src/servo.c.obj
 *(.rodata*)
 *fill*         0x0000000008004725        0x3 
 .rodata.str1.4
                0x0000000008004728       0x1c CMakeFiles/TargetTrackingSystem.elf.dir/Core/Src/freertos.c.obj
 .rodata.defaultTask_attributes
                0x0000000008004744       0x24 CMakeFiles/TargetTrackingSystem.elf.dir/Core/Src/freertos.c.obj
                0x0000000008004744                defaultTask_attributes
 .rodata.trackingTask_attributes
                0x0000000008004768       0x24 CMakeFiles/TargetTrackingSystem.elf.dir/Core/Src/freertos.c.obj
                0x0000000008004768                trackingTask_attributes
 .rodata.UpdateServoPos.str1.4
                0x000000000800478c        0x7 CMakeFiles/TargetTrackingSystem.elf.dir/Core/Src/servo.c.obj
 *fill*         0x0000000008004793        0x1 
 .rodata.AHBPrescTable
                0x0000000008004794       0x10 CMakeFiles/TargetTrackingSystem.elf.dir/Core/Src/system_stm32f1xx.c.obj
                0x0000000008004794                AHBPrescTable
 .rodata.APBPrescTable
                0x00000000080047a4        0x8 CMakeFiles/TargetTrackingSystem.elf.dir/Core/Src/system_stm32f1xx.c.obj
                0x00000000080047a4                APBPrescTable
 .rodata.aPLLMULFactorTable.1
                0x00000000080047ac       0x10 CMakeFiles/TargetTrackingSystem.elf.dir/Drivers/STM32F1xx_HAL_Driver/Src/stm32f1xx_hal_rcc.c.obj
 .rodata.aPredivFactorTable.0
                0x00000000080047bc        0x2 CMakeFiles/TargetTrackingSystem.elf.dir/Drivers/STM32F1xx_HAL_Driver/Src/stm32f1xx_hal_rcc.c.obj
 *fill*         0x00000000080047be        0x2 
 .rodata.vTaskStartScheduler.str1.4
                0x00000000080047c0        0x5 CMakeFiles/TargetTrackingSystem.elf.dir/Middlewares/Third_Party/FreeRTOS/Source/tasks.c.obj
 *fill*         0x00000000080047c5        0x3 
 .rodata.prvCheckForValidListAndQueue.str1.4
                0x00000000080047c8        0x5 CMakeFiles/TargetTrackingSystem.elf.dir/Middlewares/Third_Party/FreeRTOS/Source/timers.c.obj
 *fill*         0x00000000080047cd        0x3 
 .rodata.xTimerCreateTimerTask.str1.4
                0x00000000080047d0        0x8 CMakeFiles/TargetTrackingSystem.elf.dir/Middlewares/Third_Party/FreeRTOS/Source/timers.c.obj
 .rodata._global_impure_ptr
                0x00000000080047d8        0x4 /Applications/ARM/bin/../lib/gcc/arm-none-eabi/10.3.1/../../../../arm-none-eabi/lib/thumb/v7-m/nofp/libg.a(lib_a-impure.o)
                0x00000000080047d8                _global_impure_ptr
                0x00000000080047dc                . = ALIGN (0x4)

.rel.dyn        0x00000000080047dc        0x0
 .rel.iplt      0x00000000080047dc        0x0 /Applications/ARM/bin/../lib/gcc/arm-none-eabi/10.3.1/thumb/v7-m/nofp/crtbegin.o

.ARM.extab      0x00000000080047dc        0x0
                0x00000000080047dc                . = ALIGN (0x4)
 *(.ARM.extab* .gnu.linkonce.armextab.*)
                0x00000000080047dc                . = ALIGN (0x4)

.ARM            0x00000000080047dc        0x0
                0x00000000080047dc                . = ALIGN (0x4)
                0x00000000080047dc                __exidx_start = .
 *(.ARM.exidx*)
                0x00000000080047dc                __exidx_end = .
                0x00000000080047dc                . = ALIGN (0x4)

.preinit_array  0x00000000080047dc        0x0
                0x00000000080047dc                . = ALIGN (0x4)
                0x00000000080047dc                PROVIDE (__preinit_array_start = .)
 *(.preinit_array*)
                0x00000000080047dc                PROVIDE (__preinit_array_end = .)
                0x00000000080047dc                . = ALIGN (0x4)

.init_array     0x00000000080047dc        0x8
                0x00000000080047dc                . = ALIGN (0x4)
                0x00000000080047dc                PROVIDE (__init_array_start = .)
 *(SORT_BY_NAME(.init_array.*))
 .init_array.00000
                0x00000000080047dc        0x4 /Applications/ARM/bin/../lib/gcc/arm-none-eabi/10.3.1/../../../../arm-none-eabi/lib/thumb/v7-m/nofp/libg.a(lib_a-__call_atexit.o)
 *(.init_array*)
 .init_array    0x00000000080047e0        0x4 /Applications/ARM/bin/../lib/gcc/arm-none-eabi/10.3.1/thumb/v7-m/nofp/crtbegin.o
                0x00000000080047e4                PROVIDE (__init_array_end = .)
                0x00000000080047e4                . = ALIGN (0x4)

.fini_array     0x00000000080047e4        0x4
                0x00000000080047e4                . = ALIGN (0x4)
                0x00000000080047e4                PROVIDE (__fini_array_start = .)
 *(SORT_BY_NAME(.fini_array.*))
 *(.fini_array*)
 .fini_array    0x00000000080047e4        0x4 /Applications/ARM/bin/../lib/gcc/arm-none-eabi/10.3.1/thumb/v7-m/nofp/crtbegin.o
                0x00000000080047e8                PROVIDE (__fini_array_end = .)
                0x00000000080047e8                . = ALIGN (0x4)
                0x00000000080047e8                _sidata = LOADADDR (.data)

.data           0x0000000020000000      0x444 load address 0x00000000080047e8
                0x0000000020000000                . = ALIGN (0x4)
                0x0000000020000000                _sdata = .
 *(.data)
 *(.data*)
 .data.servoXPos
                0x0000000020000000        0x4 CMakeFiles/TargetTrackingSystem.elf.dir/Core/Src/screen.c.obj
                0x0000000020000000                servoXPos
 .data.servoYPos
                0x0000000020000004        0x4 CMakeFiles/TargetTrackingSystem.elf.dir/Core/Src/screen.c.obj
                0x0000000020000004                servoYPos
 .data.SystemCoreClock
                0x0000000020000008        0x4 CMakeFiles/TargetTrackingSystem.elf.dir/Core/Src/system_stm32f1xx.c.obj
                0x0000000020000008                SystemCoreClock
 .data.uwTickFreq
                0x000000002000000c        0x1 CMakeFiles/TargetTrackingSystem.elf.dir/Drivers/STM32F1xx_HAL_Driver/Src/stm32f1xx_hal.c.obj
                0x000000002000000c                uwTickFreq
 *fill*         0x000000002000000d        0x3 
 .data.uwTickPrio
                0x0000000020000010        0x4 CMakeFiles/TargetTrackingSystem.elf.dir/Drivers/STM32F1xx_HAL_Driver/Src/stm32f1xx_hal.c.obj
                0x0000000020000010                uwTickPrio
 .data.uxCriticalNesting
                0x0000000020000014        0x4 CMakeFiles/TargetTrackingSystem.elf.dir/Middlewares/Third_Party/FreeRTOS/Source/portable/GCC/ARM_CM3/port.c.obj
 .data.impure_data
                0x0000000020000018      0x428 /Applications/ARM/bin/../lib/gcc/arm-none-eabi/10.3.1/../../../../arm-none-eabi/lib/thumb/v7-m/nofp/libg.a(lib_a-impure.o)
 .data.__atexit_recursive_mutex
                0x0000000020000440        0x4 /Applications/ARM/bin/../lib/gcc/arm-none-eabi/10.3.1/../../../../arm-none-eabi/lib/thumb/v7-m/nofp/libg.a(lib_a-__call_atexit.o)
                0x0000000020000440                __atexit_recursive_mutex
 *(.RamFunc)
 *(.RamFunc*)
                0x0000000020000444                . = ALIGN (0x4)
                0x0000000020000444                _edata = .

.igot.plt       0x0000000020000444        0x0 load address 0x0000000008004c2c
 .igot.plt      0x0000000020000444        0x0 /Applications/ARM/bin/../lib/gcc/arm-none-eabi/10.3.1/thumb/v7-m/nofp/crtbegin.o
                0x0000000020000444                . = ALIGN (0x4)

.bss            0x0000000020000444     0x1b48 load address 0x0000000008004c2c
                0x0000000020000444                _sbss = .
                0x0000000020000444                __bss_start__ = _sbss
 *(.bss)
 .bss           0x0000000020000444       0x1c /Applications/ARM/bin/../lib/gcc/arm-none-eabi/10.3.1/thumb/v7-m/nofp/crtbegin.o
 *(.bss*)
 .bss.defaultTaskHandle
                0x0000000020000460        0x4 CMakeFiles/TargetTrackingSystem.elf.dir/Core/Src/freertos.c.obj
                0x0000000020000460                defaultTaskHandle
 .bss.mvRectA   0x0000000020000464        0x8 CMakeFiles/TargetTrackingSystem.elf.dir/Core/Src/freertos.c.obj
                0x0000000020000464                mvRectA
 .bss.mvRectB   0x000000002000046c        0x8 CMakeFiles/TargetTrackingSystem.elf.dir/Core/Src/freertos.c.obj
                0x000000002000046c                mvRectB
 .bss.mvRectC   0x0000000020000474        0x8 CMakeFiles/TargetTrackingSystem.elf.dir/Core/Src/freertos.c.obj
                0x0000000020000474                mvRectC
 .bss.mvRectD   0x000000002000047c        0x8 CMakeFiles/TargetTrackingSystem.elf.dir/Core/Src/freertos.c.obj
                0x000000002000047c                mvRectD
 .bss.mvRecvPoint
                0x0000000020000484        0x8 CMakeFiles/TargetTrackingSystem.elf.dir/Core/Src/freertos.c.obj
                0x0000000020000484                mvRecvPoint
 .bss.mvUpdateTick
                0x000000002000048c        0x4 CMakeFiles/TargetTrackingSystem.elf.dir/Core/Src/freertos.c.obj
                0x000000002000048c                mvUpdateTick
 .bss.trackingTaskHandle
                0x0000000020000490        0x4 CMakeFiles/TargetTrackingSystem.elf.dir/Core/Src/freertos.c.obj
                0x0000000020000490                trackingTaskHandle
 .bss.uart2Buff.0
                0x0000000020000494       0x80 CMakeFiles/TargetTrackingSystem.elf.dir/Core/Src/freertos.c.obj
 .bss.uart2Offset.2
                0x0000000020000514        0x4 CMakeFiles/TargetTrackingSystem.elf.dir/Core/Src/freertos.c.obj
 .bss.uart2RecvBuff.1
                0x0000000020000518        0x1 CMakeFiles/TargetTrackingSystem.elf.dir/Core/Src/freertos.c.obj
 *fill*         0x0000000020000519        0x3 
 .bss.htim4     0x000000002000051c       0x48 CMakeFiles/TargetTrackingSystem.elf.dir/Core/Src/stm32f1xx_hal_timebase_tim.c.obj
                0x000000002000051c                htim4
 .bss.huart1    0x0000000020000564       0x48 CMakeFiles/TargetTrackingSystem.elf.dir/Core/Src/usart.c.obj
                0x0000000020000564                huart1
 .bss.huart2    0x00000000200005ac       0x48 CMakeFiles/TargetTrackingSystem.elf.dir/Core/Src/usart.c.obj
                0x00000000200005ac                huart2
 .bss.huart3    0x00000000200005f4       0x48 CMakeFiles/TargetTrackingSystem.elf.dir/Core/Src/usart.c.obj
                0x00000000200005f4                huart3
 .bss.uwTick    0x000000002000063c        0x4 CMakeFiles/TargetTrackingSystem.elf.dir/Drivers/STM32F1xx_HAL_Driver/Src/stm32f1xx_hal.c.obj
                0x000000002000063c                uwTick
 .bss.Idle_Stack
                0x0000000020000640      0x200 CMakeFiles/TargetTrackingSystem.elf.dir/Middlewares/Third_Party/FreeRTOS/Source/CMSIS_RTOS_V2/cmsis_os2.c.obj
 .bss.Idle_TCB  0x0000000020000840       0x5c CMakeFiles/TargetTrackingSystem.elf.dir/Middlewares/Third_Party/FreeRTOS/Source/CMSIS_RTOS_V2/cmsis_os2.c.obj
 .bss.KernelState
                0x000000002000089c        0x4 CMakeFiles/TargetTrackingSystem.elf.dir/Middlewares/Third_Party/FreeRTOS/Source/CMSIS_RTOS_V2/cmsis_os2.c.obj
 .bss.Timer_Stack
                0x00000000200008a0      0x400 CMakeFiles/TargetTrackingSystem.elf.dir/Middlewares/Third_Party/FreeRTOS/Source/CMSIS_RTOS_V2/cmsis_os2.c.obj
 .bss.Timer_TCB
                0x0000000020000ca0       0x5c CMakeFiles/TargetTrackingSystem.elf.dir/Middlewares/Third_Party/FreeRTOS/Source/CMSIS_RTOS_V2/cmsis_os2.c.obj
 .bss.ucMaxSysCallPriority
                0x0000000020000cfc        0x1 CMakeFiles/TargetTrackingSystem.elf.dir/Middlewares/Third_Party/FreeRTOS/Source/portable/GCC/ARM_CM3/port.c.obj
 *fill*         0x0000000020000cfd        0x3 
 .bss.ulMaxPRIGROUPValue
                0x0000000020000d00        0x4 CMakeFiles/TargetTrackingSystem.elf.dir/Middlewares/Third_Party/FreeRTOS/Source/portable/GCC/ARM_CM3/port.c.obj
 .bss.pxEnd     0x0000000020000d04        0x4 CMakeFiles/TargetTrackingSystem.elf.dir/Middlewares/Third_Party/FreeRTOS/Source/portable/MemMang/heap_4.c.obj
 .bss.ucHeap    0x0000000020000d08      0xc00 CMakeFiles/TargetTrackingSystem.elf.dir/Middlewares/Third_Party/FreeRTOS/Source/portable/MemMang/heap_4.c.obj
 .bss.xBlockAllocatedBit
                0x0000000020001908        0x4 CMakeFiles/TargetTrackingSystem.elf.dir/Middlewares/Third_Party/FreeRTOS/Source/portable/MemMang/heap_4.c.obj
 .bss.xFreeBytesRemaining
                0x000000002000190c        0x4 CMakeFiles/TargetTrackingSystem.elf.dir/Middlewares/Third_Party/FreeRTOS/Source/portable/MemMang/heap_4.c.obj
 .bss.xMinimumEverFreeBytesRemaining
                0x0000000020001910        0x4 CMakeFiles/TargetTrackingSystem.elf.dir/Middlewares/Third_Party/FreeRTOS/Source/portable/MemMang/heap_4.c.obj
 .bss.xStart    0x0000000020001914        0x8 CMakeFiles/TargetTrackingSystem.elf.dir/Middlewares/Third_Party/FreeRTOS/Source/portable/MemMang/heap_4.c.obj
 .bss.xQueueRegistry
                0x000000002000191c       0x40 CMakeFiles/TargetTrackingSystem.elf.dir/Middlewares/Third_Party/FreeRTOS/Source/queue.c.obj
                0x000000002000191c                xQueueRegistry
 .bss.pxCurrentTCB
                0x000000002000195c        0x4 CMakeFiles/TargetTrackingSystem.elf.dir/Middlewares/Third_Party/FreeRTOS/Source/tasks.c.obj
                0x000000002000195c                pxCurrentTCB
 .bss.pxDelayedTaskList
                0x0000000020001960        0x4 CMakeFiles/TargetTrackingSystem.elf.dir/Middlewares/Third_Party/FreeRTOS/Source/tasks.c.obj
 .bss.pxOverflowDelayedTaskList
                0x0000000020001964        0x4 CMakeFiles/TargetTrackingSystem.elf.dir/Middlewares/Third_Party/FreeRTOS/Source/tasks.c.obj
 .bss.pxReadyTasksLists
                0x0000000020001968      0x460 CMakeFiles/TargetTrackingSystem.elf.dir/Middlewares/Third_Party/FreeRTOS/Source/tasks.c.obj
 .bss.uxCurrentNumberOfTasks
                0x0000000020001dc8        0x4 CMakeFiles/TargetTrackingSystem.elf.dir/Middlewares/Third_Party/FreeRTOS/Source/tasks.c.obj
 .bss.uxDeletedTasksWaitingCleanUp
                0x0000000020001dcc        0x4 CMakeFiles/TargetTrackingSystem.elf.dir/Middlewares/Third_Party/FreeRTOS/Source/tasks.c.obj
 .bss.uxPendedTicks
                0x0000000020001dd0        0x4 CMakeFiles/TargetTrackingSystem.elf.dir/Middlewares/Third_Party/FreeRTOS/Source/tasks.c.obj
 .bss.uxSchedulerSuspended
                0x0000000020001dd4        0x4 CMakeFiles/TargetTrackingSystem.elf.dir/Middlewares/Third_Party/FreeRTOS/Source/tasks.c.obj
 .bss.uxTaskNumber
                0x0000000020001dd8        0x4 CMakeFiles/TargetTrackingSystem.elf.dir/Middlewares/Third_Party/FreeRTOS/Source/tasks.c.obj
 .bss.uxTopReadyPriority
                0x0000000020001ddc        0x4 CMakeFiles/TargetTrackingSystem.elf.dir/Middlewares/Third_Party/FreeRTOS/Source/tasks.c.obj
 .bss.xDelayedTaskList1
                0x0000000020001de0       0x14 CMakeFiles/TargetTrackingSystem.elf.dir/Middlewares/Third_Party/FreeRTOS/Source/tasks.c.obj
 .bss.xDelayedTaskList2
                0x0000000020001df4       0x14 CMakeFiles/TargetTrackingSystem.elf.dir/Middlewares/Third_Party/FreeRTOS/Source/tasks.c.obj
 .bss.xIdleTaskHandle
                0x0000000020001e08        0x4 CMakeFiles/TargetTrackingSystem.elf.dir/Middlewares/Third_Party/FreeRTOS/Source/tasks.c.obj
 .bss.xNextTaskUnblockTime
                0x0000000020001e0c        0x4 CMakeFiles/TargetTrackingSystem.elf.dir/Middlewares/Third_Party/FreeRTOS/Source/tasks.c.obj
 .bss.xNumOfOverflows
                0x0000000020001e10        0x4 CMakeFiles/TargetTrackingSystem.elf.dir/Middlewares/Third_Party/FreeRTOS/Source/tasks.c.obj
 .bss.xPendingReadyList
                0x0000000020001e14       0x14 CMakeFiles/TargetTrackingSystem.elf.dir/Middlewares/Third_Party/FreeRTOS/Source/tasks.c.obj
 .bss.xSchedulerRunning
                0x0000000020001e28        0x4 CMakeFiles/TargetTrackingSystem.elf.dir/Middlewares/Third_Party/FreeRTOS/Source/tasks.c.obj
 .bss.xSuspendedTaskList
                0x0000000020001e2c       0x14 CMakeFiles/TargetTrackingSystem.elf.dir/Middlewares/Third_Party/FreeRTOS/Source/tasks.c.obj
 .bss.xTasksWaitingTermination
                0x0000000020001e40       0x14 CMakeFiles/TargetTrackingSystem.elf.dir/Middlewares/Third_Party/FreeRTOS/Source/tasks.c.obj
 .bss.xTickCount
                0x0000000020001e54        0x4 CMakeFiles/TargetTrackingSystem.elf.dir/Middlewares/Third_Party/FreeRTOS/Source/tasks.c.obj
 .bss.xYieldPending
                0x0000000020001e58        0x4 CMakeFiles/TargetTrackingSystem.elf.dir/Middlewares/Third_Party/FreeRTOS/Source/tasks.c.obj
 .bss.pxCurrentTimerList
                0x0000000020001e5c        0x4 CMakeFiles/TargetTrackingSystem.elf.dir/Middlewares/Third_Party/FreeRTOS/Source/timers.c.obj
 .bss.pxOverflowTimerList
                0x0000000020001e60        0x4 CMakeFiles/TargetTrackingSystem.elf.dir/Middlewares/Third_Party/FreeRTOS/Source/timers.c.obj
 .bss.ucStaticTimerQueueStorage.1
                0x0000000020001e64       0xa0 CMakeFiles/TargetTrackingSystem.elf.dir/Middlewares/Third_Party/FreeRTOS/Source/timers.c.obj
 .bss.xActiveTimerList1
                0x0000000020001f04       0x14 CMakeFiles/TargetTrackingSystem.elf.dir/Middlewares/Third_Party/FreeRTOS/Source/timers.c.obj
 .bss.xActiveTimerList2
                0x0000000020001f18       0x14 CMakeFiles/TargetTrackingSystem.elf.dir/Middlewares/Third_Party/FreeRTOS/Source/timers.c.obj
 .bss.xLastTime.2
                0x0000000020001f2c        0x4 CMakeFiles/TargetTrackingSystem.elf.dir/Middlewares/Third_Party/FreeRTOS/Source/timers.c.obj
 .bss.xStaticTimerQueue.0
                0x0000000020001f30       0x50 CMakeFiles/TargetTrackingSystem.elf.dir/Middlewares/Third_Party/FreeRTOS/Source/timers.c.obj
 .bss.xTimerQueue
                0x0000000020001f80        0x4 CMakeFiles/TargetTrackingSystem.elf.dir/Middlewares/Third_Party/FreeRTOS/Source/timers.c.obj
 .bss.xTimerTaskHandle
                0x0000000020001f84        0x4 CMakeFiles/TargetTrackingSystem.elf.dir/Middlewares/Third_Party/FreeRTOS/Source/timers.c.obj
 .bss.__lock___atexit_recursive_mutex
                0x0000000020001f88        0x1 /Applications/ARM/bin/../lib/gcc/arm-none-eabi/10.3.1/../../../../arm-none-eabi/lib/thumb/v7-m/nofp/libg.a(lib_a-lock.o)
                0x0000000020001f88                __lock___atexit_recursive_mutex
 *(COMMON)
                0x0000000020001f8c                . = ALIGN (0x4)
 *fill*         0x0000000020001f89        0x3 
                0x0000000020001f8c                _ebss = .
                0x0000000020001f8c                __bss_end__ = _ebss

._user_heap_stack
                0x0000000020001f8c      0x604 load address 0x0000000008004c2c
                0x0000000020001f90                . = ALIGN (0x8)
 *fill*         0x0000000020001f8c        0x4 
                [!provide]                        PROVIDE (end = .)
                0x0000000020001f90                PROVIDE (_end = .)
                0x0000000020002190                . = (. + _Min_Heap_Size)
 *fill*         0x0000000020001f90      0x200 
                0x0000000020002590                . = (. + _Min_Stack_Size)
 *fill*         0x0000000020002190      0x400 
                0x0000000020002590                . = ALIGN (0x8)

/DISCARD/
 libc.a(*)
 libm.a(*)
 libgcc.a(*)

.ARM.attributes
                0x0000000000000000       0x29
 *(.ARM.attributes)
 .ARM.attributes
                0x0000000000000000       0x1d /Applications/ARM/bin/../lib/gcc/arm-none-eabi/10.3.1/thumb/v7-m/nofp/crti.o
 .ARM.attributes
                0x000000000000001d       0x2d /Applications/ARM/bin/../lib/gcc/arm-none-eabi/10.3.1/thumb/v7-m/nofp/crtbegin.o
 .ARM.attributes
                0x000000000000004a       0x2d CMakeFiles/TargetTrackingSystem.elf.dir/Core/Src/freertos.c.obj
 .ARM.attributes
                0x0000000000000077       0x2d CMakeFiles/TargetTrackingSystem.elf.dir/Core/Src/gpio.c.obj
 .ARM.attributes
                0x00000000000000a4       0x2d CMakeFiles/TargetTrackingSystem.elf.dir/Core/Src/main.c.obj
 .ARM.attributes
                0x00000000000000d1       0x2d CMakeFiles/TargetTrackingSystem.elf.dir/Core/Src/screen.c.obj
 .ARM.attributes
                0x00000000000000fe       0x2d CMakeFiles/TargetTrackingSystem.elf.dir/Core/Src/servo.c.obj
 .ARM.attributes
                0x000000000000012b       0x2d CMakeFiles/TargetTrackingSystem.elf.dir/Core/Src/stm32f1xx_hal_msp.c.obj
 .ARM.attributes
                0x0000000000000158       0x2d CMakeFiles/TargetTrackingSystem.elf.dir/Core/Src/stm32f1xx_hal_timebase_tim.c.obj
 .ARM.attributes
                0x0000000000000185       0x2d CMakeFiles/TargetTrackingSystem.elf.dir/Core/Src/stm32f1xx_it.c.obj
 .ARM.attributes
                0x00000000000001b2       0x2d CMakeFiles/TargetTrackingSystem.elf.dir/Core/Src/system_stm32f1xx.c.obj
 .ARM.attributes
                0x00000000000001df       0x2d CMakeFiles/TargetTrackingSystem.elf.dir/Core/Src/usart.c.obj
 .ARM.attributes
                0x000000000000020c       0x21 CMakeFiles/TargetTrackingSystem.elf.dir/Core/Startup/startup_stm32f103c8tx.s.obj
 .ARM.attributes
                0x000000000000022d       0x2d CMakeFiles/TargetTrackingSystem.elf.dir/Drivers/STM32F1xx_HAL_Driver/Src/stm32f1xx_hal.c.obj
 .ARM.attributes
                0x000000000000025a       0x2d CMakeFiles/TargetTrackingSystem.elf.dir/Drivers/STM32F1xx_HAL_Driver/Src/stm32f1xx_hal_cortex.c.obj
 .ARM.attributes
                0x0000000000000287       0x2d CMakeFiles/TargetTrackingSystem.elf.dir/Drivers/STM32F1xx_HAL_Driver/Src/stm32f1xx_hal_dma.c.obj
 .ARM.attributes
                0x00000000000002b4       0x2d CMakeFiles/TargetTrackingSystem.elf.dir/Drivers/STM32F1xx_HAL_Driver/Src/stm32f1xx_hal_gpio.c.obj
 .ARM.attributes
                0x00000000000002e1       0x2d CMakeFiles/TargetTrackingSystem.elf.dir/Drivers/STM32F1xx_HAL_Driver/Src/stm32f1xx_hal_rcc.c.obj
 .ARM.attributes
                0x000000000000030e       0x2d CMakeFiles/TargetTrackingSystem.elf.dir/Drivers/STM32F1xx_HAL_Driver/Src/stm32f1xx_hal_tim.c.obj
 .ARM.attributes
                0x000000000000033b       0x2d CMakeFiles/TargetTrackingSystem.elf.dir/Drivers/STM32F1xx_HAL_Driver/Src/stm32f1xx_hal_tim_ex.c.obj
 .ARM.attributes
                0x0000000000000368       0x2d CMakeFiles/TargetTrackingSystem.elf.dir/Drivers/STM32F1xx_HAL_Driver/Src/stm32f1xx_hal_uart.c.obj
 .ARM.attributes
                0x0000000000000395       0x2d CMakeFiles/TargetTrackingSystem.elf.dir/Middlewares/Third_Party/FreeRTOS/Source/CMSIS_RTOS_V2/cmsis_os2.c.obj
 .ARM.attributes
                0x00000000000003c2       0x2d CMakeFiles/TargetTrackingSystem.elf.dir/Middlewares/Third_Party/FreeRTOS/Source/list.c.obj
 .ARM.attributes
                0x00000000000003ef       0x2d CMakeFiles/TargetTrackingSystem.elf.dir/Middlewares/Third_Party/FreeRTOS/Source/portable/GCC/ARM_CM3/port.c.obj
 .ARM.attributes
                0x000000000000041c       0x2d CMakeFiles/TargetTrackingSystem.elf.dir/Middlewares/Third_Party/FreeRTOS/Source/portable/MemMang/heap_4.c.obj
 .ARM.attributes
                0x0000000000000449       0x2d CMakeFiles/TargetTrackingSystem.elf.dir/Middlewares/Third_Party/FreeRTOS/Source/queue.c.obj
 .ARM.attributes
                0x0000000000000476       0x2d CMakeFiles/TargetTrackingSystem.elf.dir/Middlewares/Third_Party/FreeRTOS/Source/tasks.c.obj
 .ARM.attributes
                0x00000000000004a3       0x2d CMakeFiles/TargetTrackingSystem.elf.dir/Middlewares/Third_Party/FreeRTOS/Source/timers.c.obj
 .ARM.attributes
                0x00000000000004d0       0x1d /Applications/ARM/bin/../lib/gcc/arm-none-eabi/10.3.1/thumb/v7-m/nofp/libgcc.a(_arm_addsubdf3.o)
 .ARM.attributes
                0x00000000000004ed       0x1d /Applications/ARM/bin/../lib/gcc/arm-none-eabi/10.3.1/thumb/v7-m/nofp/libgcc.a(_arm_muldivdf3.o)
 .ARM.attributes
                0x000000000000050a       0x1d /Applications/ARM/bin/../lib/gcc/arm-none-eabi/10.3.1/thumb/v7-m/nofp/libgcc.a(_arm_fixdfsi.o)
 .ARM.attributes
                0x0000000000000527       0x2d /Applications/ARM/bin/../lib/gcc/arm-none-eabi/10.3.1/../../../../arm-none-eabi/lib/thumb/v7-m/nofp/libg.a(lib_a-impure.o)
 .ARM.attributes
                0x0000000000000554       0x2d /Applications/ARM/bin/../lib/gcc/arm-none-eabi/10.3.1/../../../../arm-none-eabi/lib/thumb/v7-m/nofp/libg.a(lib_a-init.o)
 .ARM.attributes
                0x0000000000000581       0x1b /Applications/ARM/bin/../lib/gcc/arm-none-eabi/10.3.1/../../../../arm-none-eabi/lib/thumb/v7-m/nofp/libg.a(lib_a-memcpy.o)
 .ARM.attributes
                0x000000000000059c       0x2d /Applications/ARM/bin/../lib/gcc/arm-none-eabi/10.3.1/../../../../arm-none-eabi/lib/thumb/v7-m/nofp/libg.a(lib_a-memset.o)
 .ARM.attributes
                0x00000000000005c9       0x2d /Applications/ARM/bin/../lib/gcc/arm-none-eabi/10.3.1/../../../../arm-none-eabi/lib/thumb/v7-m/nofp/libg.a(lib_a-__call_atexit.o)
 .ARM.attributes
                0x00000000000005f6       0x2d /Applications/ARM/bin/../lib/gcc/arm-none-eabi/10.3.1/../../../../arm-none-eabi/lib/thumb/v7-m/nofp/libg.a(lib_a-atexit.o)
 .ARM.attributes
                0x0000000000000623       0x2d /Applications/ARM/bin/../lib/gcc/arm-none-eabi/10.3.1/../../../../arm-none-eabi/lib/thumb/v7-m/nofp/libg.a(lib_a-fini.o)
 .ARM.attributes
                0x0000000000000650       0x2d /Applications/ARM/bin/../lib/gcc/arm-none-eabi/10.3.1/../../../../arm-none-eabi/lib/thumb/v7-m/nofp/libg.a(lib_a-lock.o)
 .ARM.attributes
                0x000000000000067d       0x2d /Applications/ARM/bin/../lib/gcc/arm-none-eabi/10.3.1/../../../../arm-none-eabi/lib/thumb/v7-m/nofp/libg.a(lib_a-__atexit.o)
 .ARM.attributes
                0x00000000000006aa       0x1d /Applications/ARM/bin/../lib/gcc/arm-none-eabi/10.3.1/thumb/v7-m/nofp/crtn.o
OUTPUT(TargetTrackingSystem.elf elf32-littlearm)
LOAD linker stubs
LOAD /Applications/ARM/bin/../lib/gcc/arm-none-eabi/10.3.1/../../../../arm-none-eabi/lib/thumb/v7-m/nofp/libc.a
LOAD /Applications/ARM/bin/../lib/gcc/arm-none-eabi/10.3.1/../../../../arm-none-eabi/lib/thumb/v7-m/nofp/libm.a
LOAD /Applications/ARM/bin/../lib/gcc/arm-none-eabi/10.3.1/thumb/v7-m/nofp/libgcc.a

.debug_info     0x0000000000000000    0x1e502
 .debug_info    0x0000000000000000     0x1226 CMakeFiles/TargetTrackingSystem.elf.dir/Core/Src/freertos.c.obj
 .debug_info    0x0000000000001226      0x4a1 CMakeFiles/TargetTrackingSystem.elf.dir/Core/Src/gpio.c.obj
 .debug_info    0x00000000000016c7      0x95d CMakeFiles/TargetTrackingSystem.elf.dir/Core/Src/main.c.obj
 .debug_info    0x0000000000002024      0x6b0 CMakeFiles/TargetTrackingSystem.elf.dir/Core/Src/screen.c.obj
 .debug_info    0x00000000000026d4      0x745 CMakeFiles/TargetTrackingSystem.elf.dir/Core/Src/servo.c.obj
 .debug_info    0x0000000000002e19      0x387 CMakeFiles/TargetTrackingSystem.elf.dir/Core/Src/stm32f1xx_hal_msp.c.obj
 .debug_info    0x00000000000031a0      0xa12 CMakeFiles/TargetTrackingSystem.elf.dir/Core/Src/stm32f1xx_hal_timebase_tim.c.obj
 .debug_info    0x0000000000003bb2      0xa03 CMakeFiles/TargetTrackingSystem.elf.dir/Core/Src/stm32f1xx_it.c.obj
 .debug_info    0x00000000000045b5      0x248 CMakeFiles/TargetTrackingSystem.elf.dir/Core/Src/system_stm32f1xx.c.obj
 .debug_info    0x00000000000047fd      0xc52 CMakeFiles/TargetTrackingSystem.elf.dir/Core/Src/usart.c.obj
 .debug_info    0x000000000000544f       0x22 CMakeFiles/TargetTrackingSystem.elf.dir/Core/Startup/startup_stm32f103c8tx.s.obj
 .debug_info    0x0000000000005471      0x7a8 CMakeFiles/TargetTrackingSystem.elf.dir/Drivers/STM32F1xx_HAL_Driver/Src/stm32f1xx_hal.c.obj
 .debug_info    0x0000000000005c19      0xd8a CMakeFiles/TargetTrackingSystem.elf.dir/Drivers/STM32F1xx_HAL_Driver/Src/stm32f1xx_hal_cortex.c.obj
 .debug_info    0x00000000000069a3      0x84b CMakeFiles/TargetTrackingSystem.elf.dir/Drivers/STM32F1xx_HAL_Driver/Src/stm32f1xx_hal_dma.c.obj
 .debug_info    0x00000000000071ee      0x66f CMakeFiles/TargetTrackingSystem.elf.dir/Drivers/STM32F1xx_HAL_Driver/Src/stm32f1xx_hal_gpio.c.obj
 .debug_info    0x000000000000785d      0xa3b CMakeFiles/TargetTrackingSystem.elf.dir/Drivers/STM32F1xx_HAL_Driver/Src/stm32f1xx_hal_rcc.c.obj
 .debug_info    0x0000000000008298     0x3d52 CMakeFiles/TargetTrackingSystem.elf.dir/Drivers/STM32F1xx_HAL_Driver/Src/stm32f1xx_hal_tim.c.obj
 .debug_info    0x000000000000bfea     0x1abb CMakeFiles/TargetTrackingSystem.elf.dir/Drivers/STM32F1xx_HAL_Driver/Src/stm32f1xx_hal_tim_ex.c.obj
 .debug_info    0x000000000000daa5     0x4212 CMakeFiles/TargetTrackingSystem.elf.dir/Drivers/STM32F1xx_HAL_Driver/Src/stm32f1xx_hal_uart.c.obj
 .debug_info    0x0000000000011cb7     0x4b1f CMakeFiles/TargetTrackingSystem.elf.dir/Middlewares/Third_Party/FreeRTOS/Source/CMSIS_RTOS_V2/cmsis_os2.c.obj
 .debug_info    0x00000000000167d6      0x2da CMakeFiles/TargetTrackingSystem.elf.dir/Middlewares/Third_Party/FreeRTOS/Source/list.c.obj
 .debug_info    0x0000000000016ab0      0x52b CMakeFiles/TargetTrackingSystem.elf.dir/Middlewares/Third_Party/FreeRTOS/Source/portable/GCC/ARM_CM3/port.c.obj
 .debug_info    0x0000000000016fdb      0x471 CMakeFiles/TargetTrackingSystem.elf.dir/Middlewares/Third_Party/FreeRTOS/Source/portable/MemMang/heap_4.c.obj
 .debug_info    0x000000000001744c     0x2733 CMakeFiles/TargetTrackingSystem.elf.dir/Middlewares/Third_Party/FreeRTOS/Source/queue.c.obj
 .debug_info    0x0000000000019b7f     0x301a CMakeFiles/TargetTrackingSystem.elf.dir/Middlewares/Third_Party/FreeRTOS/Source/tasks.c.obj
 .debug_info    0x000000000001cb99     0x1969 CMakeFiles/TargetTrackingSystem.elf.dir/Middlewares/Third_Party/FreeRTOS/Source/timers.c.obj

.debug_abbrev   0x0000000000000000     0x387b
 .debug_abbrev  0x0000000000000000      0x32e CMakeFiles/TargetTrackingSystem.elf.dir/Core/Src/freertos.c.obj
 .debug_abbrev  0x000000000000032e      0x158 CMakeFiles/TargetTrackingSystem.elf.dir/Core/Src/gpio.c.obj
 .debug_abbrev  0x0000000000000486      0x204 CMakeFiles/TargetTrackingSystem.elf.dir/Core/Src/main.c.obj
 .debug_abbrev  0x000000000000068a      0x173 CMakeFiles/TargetTrackingSystem.elf.dir/Core/Src/screen.c.obj
 .debug_abbrev  0x00000000000007fd      0x202 CMakeFiles/TargetTrackingSystem.elf.dir/Core/Src/servo.c.obj
 .debug_abbrev  0x00000000000009ff      0x12d CMakeFiles/TargetTrackingSystem.elf.dir/Core/Src/stm32f1xx_hal_msp.c.obj
 .debug_abbrev  0x0000000000000b2c      0x1ec CMakeFiles/TargetTrackingSystem.elf.dir/Core/Src/stm32f1xx_hal_timebase_tim.c.obj
 .debug_abbrev  0x0000000000000d18      0x1aa CMakeFiles/TargetTrackingSystem.elf.dir/Core/Src/stm32f1xx_it.c.obj
 .debug_abbrev  0x0000000000000ec2      0x13e CMakeFiles/TargetTrackingSystem.elf.dir/Core/Src/system_stm32f1xx.c.obj
 .debug_abbrev  0x0000000000001000      0x1d1 CMakeFiles/TargetTrackingSystem.elf.dir/Core/Src/usart.c.obj
 .debug_abbrev  0x00000000000011d1       0x12 CMakeFiles/TargetTrackingSystem.elf.dir/Core/Startup/startup_stm32f103c8tx.s.obj
 .debug_abbrev  0x00000000000011e3      0x1f4 CMakeFiles/TargetTrackingSystem.elf.dir/Drivers/STM32F1xx_HAL_Driver/Src/stm32f1xx_hal.c.obj
 .debug_abbrev  0x00000000000013d7      0x341 CMakeFiles/TargetTrackingSystem.elf.dir/Drivers/STM32F1xx_HAL_Driver/Src/stm32f1xx_hal_cortex.c.obj
 .debug_abbrev  0x0000000000001718      0x223 CMakeFiles/TargetTrackingSystem.elf.dir/Drivers/STM32F1xx_HAL_Driver/Src/stm32f1xx_hal_dma.c.obj
 .debug_abbrev  0x000000000000193b      0x1e6 CMakeFiles/TargetTrackingSystem.elf.dir/Drivers/STM32F1xx_HAL_Driver/Src/stm32f1xx_hal_gpio.c.obj
 .debug_abbrev  0x0000000000001b21      0x27a CMakeFiles/TargetTrackingSystem.elf.dir/Drivers/STM32F1xx_HAL_Driver/Src/stm32f1xx_hal_rcc.c.obj
 .debug_abbrev  0x0000000000001d9b      0x245 CMakeFiles/TargetTrackingSystem.elf.dir/Drivers/STM32F1xx_HAL_Driver/Src/stm32f1xx_hal_tim.c.obj
 .debug_abbrev  0x0000000000001fe0      0x248 CMakeFiles/TargetTrackingSystem.elf.dir/Drivers/STM32F1xx_HAL_Driver/Src/stm32f1xx_hal_tim_ex.c.obj
 .debug_abbrev  0x0000000000002228      0x2dd CMakeFiles/TargetTrackingSystem.elf.dir/Drivers/STM32F1xx_HAL_Driver/Src/stm32f1xx_hal_uart.c.obj
 .debug_abbrev  0x0000000000002505      0x418 CMakeFiles/TargetTrackingSystem.elf.dir/Middlewares/Third_Party/FreeRTOS/Source/CMSIS_RTOS_V2/cmsis_os2.c.obj
 .debug_abbrev  0x000000000000291d      0x106 CMakeFiles/TargetTrackingSystem.elf.dir/Middlewares/Third_Party/FreeRTOS/Source/list.c.obj
 .debug_abbrev  0x0000000000002a23      0x27e CMakeFiles/TargetTrackingSystem.elf.dir/Middlewares/Third_Party/FreeRTOS/Source/portable/GCC/ARM_CM3/port.c.obj
 .debug_abbrev  0x0000000000002ca1      0x238 CMakeFiles/TargetTrackingSystem.elf.dir/Middlewares/Third_Party/FreeRTOS/Source/portable/MemMang/heap_4.c.obj
 .debug_abbrev  0x0000000000002ed9      0x38c CMakeFiles/TargetTrackingSystem.elf.dir/Middlewares/Third_Party/FreeRTOS/Source/queue.c.obj
 .debug_abbrev  0x0000000000003265      0x313 CMakeFiles/TargetTrackingSystem.elf.dir/Middlewares/Third_Party/FreeRTOS/Source/tasks.c.obj
 .debug_abbrev  0x0000000000003578      0x303 CMakeFiles/TargetTrackingSystem.elf.dir/Middlewares/Third_Party/FreeRTOS/Source/timers.c.obj

.debug_loc      0x0000000000000000    0x184f5
 .debug_loc     0x0000000000000000      0x404 CMakeFiles/TargetTrackingSystem.elf.dir/Core/Src/freertos.c.obj
 .debug_loc     0x0000000000000404       0x42 CMakeFiles/TargetTrackingSystem.elf.dir/Core/Src/main.c.obj
 .debug_loc     0x0000000000000446      0x1b6 CMakeFiles/TargetTrackingSystem.elf.dir/Core/Src/screen.c.obj
 .debug_loc     0x00000000000005fc      0x10b CMakeFiles/TargetTrackingSystem.elf.dir/Core/Src/servo.c.obj
 .debug_loc     0x0000000000000707       0x15 CMakeFiles/TargetTrackingSystem.elf.dir/Core/Src/stm32f1xx_hal_msp.c.obj
 .debug_loc     0x000000000000071c       0x89 CMakeFiles/TargetTrackingSystem.elf.dir/Core/Src/stm32f1xx_hal_timebase_tim.c.obj
 .debug_loc     0x00000000000007a5       0xff CMakeFiles/TargetTrackingSystem.elf.dir/Core/Src/system_stm32f1xx.c.obj
 .debug_loc     0x00000000000008a4       0xf8 CMakeFiles/TargetTrackingSystem.elf.dir/Core/Src/usart.c.obj
 .debug_loc     0x000000000000099c      0x141 CMakeFiles/TargetTrackingSystem.elf.dir/Drivers/STM32F1xx_HAL_Driver/Src/stm32f1xx_hal.c.obj
 .debug_loc     0x0000000000000add      0x71f CMakeFiles/TargetTrackingSystem.elf.dir/Drivers/STM32F1xx_HAL_Driver/Src/stm32f1xx_hal_cortex.c.obj
 .debug_loc     0x00000000000011fc      0x7d1 CMakeFiles/TargetTrackingSystem.elf.dir/Drivers/STM32F1xx_HAL_Driver/Src/stm32f1xx_hal_dma.c.obj
 .debug_loc     0x00000000000019cd      0x47d CMakeFiles/TargetTrackingSystem.elf.dir/Drivers/STM32F1xx_HAL_Driver/Src/stm32f1xx_hal_gpio.c.obj
 .debug_loc     0x0000000000001e4a      0x618 CMakeFiles/TargetTrackingSystem.elf.dir/Drivers/STM32F1xx_HAL_Driver/Src/stm32f1xx_hal_rcc.c.obj
 .debug_loc     0x0000000000002462     0x50fa CMakeFiles/TargetTrackingSystem.elf.dir/Drivers/STM32F1xx_HAL_Driver/Src/stm32f1xx_hal_tim.c.obj
 .debug_loc     0x000000000000755c     0x1c93 CMakeFiles/TargetTrackingSystem.elf.dir/Drivers/STM32F1xx_HAL_Driver/Src/stm32f1xx_hal_tim_ex.c.obj
 .debug_loc     0x00000000000091ef     0x487b CMakeFiles/TargetTrackingSystem.elf.dir/Drivers/STM32F1xx_HAL_Driver/Src/stm32f1xx_hal_uart.c.obj
 .debug_loc     0x000000000000da6a     0x579d CMakeFiles/TargetTrackingSystem.elf.dir/Middlewares/Third_Party/FreeRTOS/Source/CMSIS_RTOS_V2/cmsis_os2.c.obj
 .debug_loc     0x0000000000013207       0xad CMakeFiles/TargetTrackingSystem.elf.dir/Middlewares/Third_Party/FreeRTOS/Source/list.c.obj
 .debug_loc     0x00000000000132b4       0xe8 CMakeFiles/TargetTrackingSystem.elf.dir/Middlewares/Third_Party/FreeRTOS/Source/portable/GCC/ARM_CM3/port.c.obj
 .debug_loc     0x000000000001339c      0x331 CMakeFiles/TargetTrackingSystem.elf.dir/Middlewares/Third_Party/FreeRTOS/Source/portable/MemMang/heap_4.c.obj
 .debug_loc     0x00000000000136cd     0x19de CMakeFiles/TargetTrackingSystem.elf.dir/Middlewares/Third_Party/FreeRTOS/Source/queue.c.obj
 .debug_loc     0x00000000000150ab     0x24bc CMakeFiles/TargetTrackingSystem.elf.dir/Middlewares/Third_Party/FreeRTOS/Source/tasks.c.obj
 .debug_loc     0x0000000000017567      0xf8e CMakeFiles/TargetTrackingSystem.elf.dir/Middlewares/Third_Party/FreeRTOS/Source/timers.c.obj

.debug_aranges  0x0000000000000000     0x1408
 .debug_aranges
                0x0000000000000000       0x68 CMakeFiles/TargetTrackingSystem.elf.dir/Core/Src/freertos.c.obj
 .debug_aranges
                0x0000000000000068       0x20 CMakeFiles/TargetTrackingSystem.elf.dir/Core/Src/gpio.c.obj
 .debug_aranges
                0x0000000000000088       0x38 CMakeFiles/TargetTrackingSystem.elf.dir/Core/Src/main.c.obj
 .debug_aranges
                0x00000000000000c0       0x48 CMakeFiles/TargetTrackingSystem.elf.dir/Core/Src/screen.c.obj
 .debug_aranges
                0x0000000000000108       0x38 CMakeFiles/TargetTrackingSystem.elf.dir/Core/Src/servo.c.obj
 .debug_aranges
                0x0000000000000140       0x20 CMakeFiles/TargetTrackingSystem.elf.dir/Core/Src/stm32f1xx_hal_msp.c.obj
 .debug_aranges
                0x0000000000000160       0x30 CMakeFiles/TargetTrackingSystem.elf.dir/Core/Src/stm32f1xx_hal_timebase_tim.c.obj
 .debug_aranges
                0x0000000000000190       0x70 CMakeFiles/TargetTrackingSystem.elf.dir/Core/Src/stm32f1xx_it.c.obj
 .debug_aranges
                0x0000000000000200       0x28 CMakeFiles/TargetTrackingSystem.elf.dir/Core/Src/system_stm32f1xx.c.obj
 .debug_aranges
                0x0000000000000228       0x40 CMakeFiles/TargetTrackingSystem.elf.dir/Core/Src/usart.c.obj
 .debug_aranges
                0x0000000000000268       0x28 CMakeFiles/TargetTrackingSystem.elf.dir/Core/Startup/startup_stm32f103c8tx.s.obj
 .debug_aranges
                0x0000000000000290       0xe0 CMakeFiles/TargetTrackingSystem.elf.dir/Drivers/STM32F1xx_HAL_Driver/Src/stm32f1xx_hal.c.obj
 .debug_aranges
                0x0000000000000370       0x90 CMakeFiles/TargetTrackingSystem.elf.dir/Drivers/STM32F1xx_HAL_Driver/Src/stm32f1xx_hal_cortex.c.obj
 .debug_aranges
                0x0000000000000400       0x80 CMakeFiles/TargetTrackingSystem.elf.dir/Drivers/STM32F1xx_HAL_Driver/Src/stm32f1xx_hal_dma.c.obj
 .debug_aranges
                0x0000000000000480       0x58 CMakeFiles/TargetTrackingSystem.elf.dir/Drivers/STM32F1xx_HAL_Driver/Src/stm32f1xx_hal_gpio.c.obj
 .debug_aranges
                0x00000000000004d8       0x90 CMakeFiles/TargetTrackingSystem.elf.dir/Drivers/STM32F1xx_HAL_Driver/Src/stm32f1xx_hal_rcc.c.obj
 .debug_aranges
                0x0000000000000568      0x3d0 CMakeFiles/TargetTrackingSystem.elf.dir/Drivers/STM32F1xx_HAL_Driver/Src/stm32f1xx_hal_tim.c.obj
 .debug_aranges
                0x0000000000000938      0x168 CMakeFiles/TargetTrackingSystem.elf.dir/Drivers/STM32F1xx_HAL_Driver/Src/stm32f1xx_hal_tim_ex.c.obj
 .debug_aranges
                0x0000000000000aa0      0x208 CMakeFiles/TargetTrackingSystem.elf.dir/Drivers/STM32F1xx_HAL_Driver/Src/stm32f1xx_hal_uart.c.obj
 .debug_aranges
                0x0000000000000ca8      0x228 CMakeFiles/TargetTrackingSystem.elf.dir/Middlewares/Third_Party/FreeRTOS/Source/CMSIS_RTOS_V2/cmsis_os2.c.obj
 .debug_aranges
                0x0000000000000ed0       0x40 CMakeFiles/TargetTrackingSystem.elf.dir/Middlewares/Third_Party/FreeRTOS/Source/list.c.obj
 .debug_aranges
                0x0000000000000f10       0x78 CMakeFiles/TargetTrackingSystem.elf.dir/Middlewares/Third_Party/FreeRTOS/Source/portable/GCC/ARM_CM3/port.c.obj
 .debug_aranges
                0x0000000000000f88       0x50 CMakeFiles/TargetTrackingSystem.elf.dir/Middlewares/Third_Party/FreeRTOS/Source/portable/MemMang/heap_4.c.obj
 .debug_aranges
                0x0000000000000fd8      0x158 CMakeFiles/TargetTrackingSystem.elf.dir/Middlewares/Third_Party/FreeRTOS/Source/queue.c.obj
 .debug_aranges
                0x0000000000001130      0x1f8 CMakeFiles/TargetTrackingSystem.elf.dir/Middlewares/Third_Party/FreeRTOS/Source/tasks.c.obj
 .debug_aranges
                0x0000000000001328       0xe0 CMakeFiles/TargetTrackingSystem.elf.dir/Middlewares/Third_Party/FreeRTOS/Source/timers.c.obj

.debug_ranges   0x0000000000000000     0x1528
 .debug_ranges  0x0000000000000000       0x70 CMakeFiles/TargetTrackingSystem.elf.dir/Core/Src/freertos.c.obj
 .debug_ranges  0x0000000000000070       0x10 CMakeFiles/TargetTrackingSystem.elf.dir/Core/Src/gpio.c.obj
 .debug_ranges  0x0000000000000080       0x28 CMakeFiles/TargetTrackingSystem.elf.dir/Core/Src/main.c.obj
 .debug_ranges  0x00000000000000a8       0x38 CMakeFiles/TargetTrackingSystem.elf.dir/Core/Src/screen.c.obj
 .debug_ranges  0x00000000000000e0       0x28 CMakeFiles/TargetTrackingSystem.elf.dir/Core/Src/servo.c.obj
 .debug_ranges  0x0000000000000108       0x10 CMakeFiles/TargetTrackingSystem.elf.dir/Core/Src/stm32f1xx_hal_msp.c.obj
 .debug_ranges  0x0000000000000118       0x20 CMakeFiles/TargetTrackingSystem.elf.dir/Core/Src/stm32f1xx_hal_timebase_tim.c.obj
 .debug_ranges  0x0000000000000138       0x60 CMakeFiles/TargetTrackingSystem.elf.dir/Core/Src/stm32f1xx_it.c.obj
 .debug_ranges  0x0000000000000198       0x18 CMakeFiles/TargetTrackingSystem.elf.dir/Core/Src/system_stm32f1xx.c.obj
 .debug_ranges  0x00000000000001b0       0x30 CMakeFiles/TargetTrackingSystem.elf.dir/Core/Src/usart.c.obj
 .debug_ranges  0x00000000000001e0       0x20 CMakeFiles/TargetTrackingSystem.elf.dir/Core/Startup/startup_stm32f103c8tx.s.obj
 .debug_ranges  0x0000000000000200       0xd0 CMakeFiles/TargetTrackingSystem.elf.dir/Drivers/STM32F1xx_HAL_Driver/Src/stm32f1xx_hal.c.obj
 .debug_ranges  0x00000000000002d0       0xe0 CMakeFiles/TargetTrackingSystem.elf.dir/Drivers/STM32F1xx_HAL_Driver/Src/stm32f1xx_hal_cortex.c.obj
 .debug_ranges  0x00000000000003b0       0x70 CMakeFiles/TargetTrackingSystem.elf.dir/Drivers/STM32F1xx_HAL_Driver/Src/stm32f1xx_hal_dma.c.obj
 .debug_ranges  0x0000000000000420       0x48 CMakeFiles/TargetTrackingSystem.elf.dir/Drivers/STM32F1xx_HAL_Driver/Src/stm32f1xx_hal_gpio.c.obj
 .debug_ranges  0x0000000000000468       0xa0 CMakeFiles/TargetTrackingSystem.elf.dir/Drivers/STM32F1xx_HAL_Driver/Src/stm32f1xx_hal_rcc.c.obj
 .debug_ranges  0x0000000000000508      0x3c0 CMakeFiles/TargetTrackingSystem.elf.dir/Drivers/STM32F1xx_HAL_Driver/Src/stm32f1xx_hal_tim.c.obj
 .debug_ranges  0x00000000000008c8      0x158 CMakeFiles/TargetTrackingSystem.elf.dir/Drivers/STM32F1xx_HAL_Driver/Src/stm32f1xx_hal_tim_ex.c.obj
 .debug_ranges  0x0000000000000a20      0x210 CMakeFiles/TargetTrackingSystem.elf.dir/Drivers/STM32F1xx_HAL_Driver/Src/stm32f1xx_hal_uart.c.obj
 .debug_ranges  0x0000000000000c30      0x218 CMakeFiles/TargetTrackingSystem.elf.dir/Middlewares/Third_Party/FreeRTOS/Source/CMSIS_RTOS_V2/cmsis_os2.c.obj
 .debug_ranges  0x0000000000000e48       0x30 CMakeFiles/TargetTrackingSystem.elf.dir/Middlewares/Third_Party/FreeRTOS/Source/list.c.obj
 .debug_ranges  0x0000000000000e78       0x68 CMakeFiles/TargetTrackingSystem.elf.dir/Middlewares/Third_Party/FreeRTOS/Source/portable/GCC/ARM_CM3/port.c.obj
 .debug_ranges  0x0000000000000ee0       0x40 CMakeFiles/TargetTrackingSystem.elf.dir/Middlewares/Third_Party/FreeRTOS/Source/portable/MemMang/heap_4.c.obj
 .debug_ranges  0x0000000000000f20      0x218 CMakeFiles/TargetTrackingSystem.elf.dir/Middlewares/Third_Party/FreeRTOS/Source/queue.c.obj
 .debug_ranges  0x0000000000001138      0x320 CMakeFiles/TargetTrackingSystem.elf.dir/Middlewares/Third_Party/FreeRTOS/Source/tasks.c.obj
 .debug_ranges  0x0000000000001458       0xd0 CMakeFiles/TargetTrackingSystem.elf.dir/Middlewares/Third_Party/FreeRTOS/Source/timers.c.obj

.debug_line     0x0000000000000000    0x197bd
 .debug_line    0x0000000000000000      0x7e5 CMakeFiles/TargetTrackingSystem.elf.dir/Core/Src/freertos.c.obj
 .debug_line    0x00000000000007e5      0x284 CMakeFiles/TargetTrackingSystem.elf.dir/Core/Src/gpio.c.obj
 .debug_line    0x0000000000000a69      0x506 CMakeFiles/TargetTrackingSystem.elf.dir/Core/Src/main.c.obj
 .debug_line    0x0000000000000f6f      0x315 CMakeFiles/TargetTrackingSystem.elf.dir/Core/Src/screen.c.obj
 .debug_line    0x0000000000001284      0x406 CMakeFiles/TargetTrackingSystem.elf.dir/Core/Src/servo.c.obj
 .debug_line    0x000000000000168a      0x235 CMakeFiles/TargetTrackingSystem.elf.dir/Core/Src/stm32f1xx_hal_msp.c.obj
 .debug_line    0x00000000000018bf      0x31e CMakeFiles/TargetTrackingSystem.elf.dir/Core/Src/stm32f1xx_hal_timebase_tim.c.obj
 .debug_line    0x0000000000001bdd      0x3aa CMakeFiles/TargetTrackingSystem.elf.dir/Core/Src/stm32f1xx_it.c.obj
 .debug_line    0x0000000000001f87      0x27a CMakeFiles/TargetTrackingSystem.elf.dir/Core/Src/system_stm32f1xx.c.obj
 .debug_line    0x0000000000002201      0x571 CMakeFiles/TargetTrackingSystem.elf.dir/Core/Src/usart.c.obj
 .debug_line    0x0000000000002772       0xcc CMakeFiles/TargetTrackingSystem.elf.dir/Core/Startup/startup_stm32f103c8tx.s.obj
 .debug_line    0x000000000000283e      0x5f4 CMakeFiles/TargetTrackingSystem.elf.dir/Drivers/STM32F1xx_HAL_Driver/Src/stm32f1xx_hal.c.obj
 .debug_line    0x0000000000002e32      0x6b6 CMakeFiles/TargetTrackingSystem.elf.dir/Drivers/STM32F1xx_HAL_Driver/Src/stm32f1xx_hal_cortex.c.obj
 .debug_line    0x00000000000034e8      0xad7 CMakeFiles/TargetTrackingSystem.elf.dir/Drivers/STM32F1xx_HAL_Driver/Src/stm32f1xx_hal_dma.c.obj
 .debug_line    0x0000000000003fbf      0x65e CMakeFiles/TargetTrackingSystem.elf.dir/Drivers/STM32F1xx_HAL_Driver/Src/stm32f1xx_hal_gpio.c.obj
 .debug_line    0x000000000000461d      0xc9b CMakeFiles/TargetTrackingSystem.elf.dir/Drivers/STM32F1xx_HAL_Driver/Src/stm32f1xx_hal_rcc.c.obj
 .debug_line    0x00000000000052b8     0x49f6 CMakeFiles/TargetTrackingSystem.elf.dir/Drivers/STM32F1xx_HAL_Driver/Src/stm32f1xx_hal_tim.c.obj
 .debug_line    0x0000000000009cae     0x1c6b CMakeFiles/TargetTrackingSystem.elf.dir/Drivers/STM32F1xx_HAL_Driver/Src/stm32f1xx_hal_tim_ex.c.obj
 .debug_line    0x000000000000b919     0x4469 CMakeFiles/TargetTrackingSystem.elf.dir/Drivers/STM32F1xx_HAL_Driver/Src/stm32f1xx_hal_uart.c.obj
 .debug_line    0x000000000000fd82     0x2e00 CMakeFiles/TargetTrackingSystem.elf.dir/Middlewares/Third_Party/FreeRTOS/Source/CMSIS_RTOS_V2/cmsis_os2.c.obj
 .debug_line    0x0000000000012b82      0x3f1 CMakeFiles/TargetTrackingSystem.elf.dir/Middlewares/Third_Party/FreeRTOS/Source/list.c.obj